../Core/Src/main.c:82:5:main	8	static
../Core/Src/main.c:138:6:SystemClock_Config	88	static
../Core/Src/main.c:184:13:MX_ADC3_Init	24	static
../Core/Src/main.c:236:13:MX_I2C3_Init	8	static
../Core/Src/main.c:270:13:MX_SPI3_Init	8	static
../Core/Src/main.c:308:13:MX_TIM1_Init	96	static
../Core/Src/main.c:383:13:MX_USART2_UART_Init	8	static
../Core/Src/main.c:414:13:MX_DMA_Init	16	static
../Core/Src/main.c:439:13:MX_GPIO_Init	56	static
../Core/Src/main.c:534:6:Error_Handler	4	static,ignoring_inline_asm
