../Core/Src/ssd1306.c:24:6:ssd1306_Reset	8	static
../Core/Src/ssd1306.c:36:6:ssd1306_WriteCommand	16	static
../Core/Src/ssd1306.c:44:6:ssd1306_WriteData	16	static
../Core/Src/ssd1306.c:63:17:ssd1306_FillBuffer	24	static
../Core/Src/ssd1306.c:73:6:ssd1306_Init	8	static
../Core/Src/ssd1306.c:174:9:SSD1306_Init2	8	static
../Core/Src/ssd1306.c:242:6:ssd1306_Fill	16	static
../Core/Src/ssd1306.c:247:6:ssd1306_UpdateScreen	16	static
../Core/Src/ssd1306.c:268:6:ssd1306_DrawPixel	16	static
../Core/Src/ssd1306.c:288:6:ssd1306_WriteChar	48	static
../Core/Src/ssd1306.c:323:6:ssd1306_WriteString	32	static
../Core/Src/ssd1306.c:337:6:ssd1306_SetCursor	16	static
../Core/Src/ssd1306.c:343:6:ssd1306_Line	48	static
../Core/Src/ssd1306.c:370:6:ssd1306_Polyline	40	static
../Core/Src/ssd1306.c:384:14:ssd1306_DegToRad	16	static
../Core/Src/ssd1306.c:389:17:ssd1306_NormalizeTo0_360	24	static
../Core/Src/ssd1306.c:405:6:ssd1306_DrawArc	64	static
../Core/Src/ssd1306.c:445:6:ssd1306_DrawArcWithRadiusLine	72	static
../Core/Src/ssd1306.c:488:6:ssd1306_DrawCircle	40	static
../Core/Src/ssd1306.c:523:6:ssd1306_FillCircle	48	static
../Core/Src/ssd1306.c:559:6:ssd1306_DrawRectangle	32	static
../Core/Src/ssd1306.c:569:6:ssd1306_FillRectangle	32	static
../Core/Src/ssd1306.c:583:17:ssd1306_InvertRectangle	32	static
../Core/Src/ssd1306.c:614:6:ssd1306_DrawBitmap	24	static
../Core/Src/ssd1306.c:638:6:ssd1306_SetContrast	24	static
../Core/Src/ssd1306.c:644:6:ssd1306_SetDisplayOn	24	static
../Core/Src/ssd1306.c:656:9:ssd1306_GetDisplayOn	4	static
../Core/Src/ssd1306.c:662:6:OLED_DrawBitmap	24	static
