../USER/SRC/LCD.c:102:6:LCD	8	static
../USER/SRC/LCD.c:110:6:LCD_DisplayMenu	88	static
../USER/SRC/LCD.c:304:6:LCD_HandleButtonPress	8	static
../USER/SRC/LCD.c:372:6:HighlightNumber	56	static
../USER/SRC/LCD.c:380:6:EditRTC	40	static
../USER/SRC/LCD.c:469:6:BatteryPercentage	8	static
../USER/SRC/LCD.c:493:7:CalculateBatteryPercentage	24	static
../USER/SRC/LCD.c:508:7:CalculateAverage	24	static
../USER/SRC/LCD.c:516:6:DisplayPercentage	64	static
../USER/SRC/LCD.c:553:16:GetBatteryIcon	16	static
../USER/SRC/LCD.c:566:6:TIM1_TRG_COM_TIM11_IRQHandler	8	static
../USER/SRC/LCD.c:577:6:LCD_UpdateMenu	8	static
../USER/SRC/LCD.c:581:6:MeasureAverage	16	static
../USER/SRC/LCD.c:590:6:LCD_Reset	16	static
../USER/SRC/LCD.c:607:6:DoesTestComplete	8	static
