../USER/SRC/LCD.c:105:6:LCD	8	static
../USER/SRC/LCD.c:113:6:LCD_DisplayMenu	88	static
../USER/SRC/LCD.c:352:6:LCD_HandleButtonPress	8	static
../USER/SRC/LCD.c:431:6:HighlightNumber	56	static
../USER/SRC/LCD.c:439:6:EditRTC	40	static
../USER/SRC/LCD.c:528:6:BatteryPercentage	8	static
../USER/SRC/LCD.c:552:7:CalculateBatteryPercentage	24	static
../USER/SRC/LCD.c:567:7:CalculateAverage	24	static
../USER/SRC/LCD.c:575:6:DisplayPercentage	64	static
../USER/SRC/LCD.c:612:16:GetBatteryIcon	16	static
../USER/SRC/LCD.c:625:6:TIM1_TRG_COM_TIM11_IRQHandler	8	static
../USER/SRC/LCD.c:631:6:TIM1_UP_TIM10_IRQHandler	8	static
../USER/SRC/LCD.c:646:6:LCD_UpdateMenu	8	static
../USER/SRC/LCD.c:650:6:MeasureAverage	16	static
../USER/SRC/LCD.c:659:6:LCD_Reset	16	static
../USER/SRC/LCD.c:676:6:DoesTestComplete	8	static
../USER/SRC/LCD.c:693:6:UserAction_Detected	4	static
