../Drivers/CMSIS/Include/core_cm4.h:1684:22:__NVIC_EnableIRQ	16	static,ignoring_inline_asm
../USER/SRC/System.c:20:6:systemLoop	8	static
../USER/SRC/System.c:27:6:systemSetup	8	static
../USER/SRC/System.c:38:6:SpectrometerSetup	8	static
../USER/SRC/System.c:48:6:LCD_Setup	16	static
../USER/SRC/System.c:63:6:Aymed_Logo	16	static
../USER/SRC/System.c:72:6:Aymed_Text	16	static
../USER/SRC/System.c:86:6:BatteryLevelFilterInit	16	static
../USER/SRC/System.c:96:6:TIM11_Init	8	static
../USER/SRC/System.c:114:6:EXTI9_5_IRQHandler	8	static
../USER/SRC/System.c:120:6:HAL_GPIO_EXTI_Callback	16	static
