../Drivers/CMSIS/Include/core_cm4.h:1684:22:__NVIC_EnableIRQ	16	static,ignoring_inline_asm
../USER/SRC/System.c:21:6:systemLoop	8	static
../USER/SRC/System.c:28:6:systemSetup	8	static
../USER/SRC/System.c:40:6:SpectrometerSetup	8	static
../USER/SRC/System.c:50:6:LCD_Setup	16	static
../USER/SRC/System.c:66:6:USB_Setup	8	static
../USER/SRC/System.c:72:6:FLASH_Setup	8	static
../USER/SRC/System.c:81:6:Aymed_Logo	16	static
../USER/SRC/System.c:90:6:Aymed_Text	16	static
../USER/SRC/System.c:104:6:BatteryLevelFilterInit	16	static
../USER/SRC/System.c:114:6:TIM11_Init	8	static
../USER/SRC/System.c:129:6:TIM10_Init	8	static
../USER/SRC/System.c:147:6:EXTI9_5_IRQHandler	8	static
../USER/SRC/System.c:153:6:HAL_GPIO_EXTI_Callback	16	static
