../Drivers/CMSIS/Include/core_cm4.h:1684:22:__NVIC_EnableIRQ	16	static,ignoring_inline_asm
../USER/SRC/System.c:19:6:systemLoop	8	static
../USER/SRC/System.c:26:6:systemSetup	8	static
../USER/SRC/System.c:39:6:SpectrometerSetup	8	static
../USER/SRC/System.c:49:6:LCD_Setup	16	static
../USER/SRC/System.c:65:6:USB_Setup	8	static
../USER/SRC/System.c:71:6:FLASH_Setup	8	static
../USER/SRC/System.c:80:6:Aymed_Logo	16	static
../USER/SRC/System.c:89:6:Aymed_Text	16	static
../USER/SRC/System.c:103:6:BatteryLevelFilterInit	16	static
../USER/SRC/System.c:113:6:TIM11_Init	8	static
../USER/SRC/System.c:128:6:TIM10_Init	8	static
../USER/SRC/System.c:143:6:Enter_Standby_Mode	8	static
../USER/SRC/System.c:157:6:Wakeup_Init	4	static
../USER/SRC/System.c:170:6:EXTI0_IRQHandler	8	static
../USER/SRC/System.c:179:6:EXTI9_5_IRQHandler	8	static
../USER/SRC/System.c:185:6:HAL_GPIO_EXTI_Callback	16	static
