../Drivers/CMSIS/Include/core_cm4.h:1684:22:__NVIC_EnableIRQ	16	static,ignoring_inline_asm
../USER/SRC/System.c:30:6:systemLoop	8	static
../USER/SRC/System.c:37:6:systemSetup	8	static
../USER/SRC/System.c:54:6:SpectrometerSetup	8	static
../USER/SRC/System.c:66:6:LCD_Setup	16	static
../USER/SRC/System.c:83:6:USB_Setup	8	static
../USER/SRC/System.c:89:6:FLASH_Setup	8	static
../USER/SRC/System.c:97:6:BLE_Setup	16	static
../USER/SRC/System.c:116:6:Add_Custom_Service	64	static
../USER/SRC/System.c:134:6:UserEvtRx	16	static
../USER/SRC/System.c:139:6:transport_layer_init	4	static
../USER/SRC/System.c:146:6:Aymed_Logo	16	static
../USER/SRC/System.c:155:6:Aymed_Text	16	static
../USER/SRC/System.c:169:6:BatteryLevelFilterInit	16	static
../USER/SRC/System.c:179:6:TIM11_Init	8	static
../USER/SRC/System.c:194:6:TIM10_Init	8	static
../USER/SRC/System.c:209:6:Enter_Standby_Mode	8	static
../USER/SRC/System.c:223:6:Wakeup_Init	4	static
../USER/SRC/System.c:236:6:EXTI0_IRQHandler	8	static
../USER/SRC/System.c:245:6:EXTI9_5_IRQHandler	8	static
../USER/SRC/System.c:251:6:HAL_GPIO_EXTI_Callback	16	static
