Archive member included to satisfy reference by file (symbol)

C:/ST/STM32CubeIDE_1.15.0/STM32CubeIDE/plugins/com.st.stm32cube.ide.mcu.externaltools.gnu-tools-for-stm32.12.3.rel1.win32_1.0.200.202406191623/tools/bin/../lib/gcc/arm-none-eabi/12.3.1/../../../../arm-none-eabi/lib/thumb/v7e-m+fp/hard\libc_nano.a(libc_a-exit.o)
                              C:/ST/STM32CubeIDE_1.15.0/STM32CubeIDE/plugins/com.st.stm32cube.ide.mcu.externaltools.gnu-tools-for-stm32.12.3.rel1.win32_1.0.200.202406191623/tools/bin/../lib/gcc/arm-none-eabi/12.3.1/../../../../arm-none-eabi/lib/thumb/v7e-m+fp/hard/crt0.o (exit)
C:/ST/STM32CubeIDE_1.15.0/STM32CubeIDE/plugins/com.st.stm32cube.ide.mcu.externaltools.gnu-tools-for-stm32.12.3.rel1.win32_1.0.200.202406191623/tools/bin/../lib/gcc/arm-none-eabi/12.3.1/../../../../arm-none-eabi/lib/thumb/v7e-m+fp/hard\libc_nano.a(libc_a-malloc.o)
                              ./Middlewares/ST/STM32_USB_Host_Library/Class/HID/Src/usbh_hid.o (malloc)
C:/ST/STM32CubeIDE_1.15.0/STM32CubeIDE/plugins/com.st.stm32cube.ide.mcu.externaltools.gnu-tools-for-stm32.12.3.rel1.win32_1.0.200.202406191623/tools/bin/../lib/gcc/arm-none-eabi/12.3.1/../../../../arm-none-eabi/lib/thumb/v7e-m+fp/hard\libc_nano.a(libc_a-mallocr.o)
                              C:/ST/STM32CubeIDE_1.15.0/STM32CubeIDE/plugins/com.st.stm32cube.ide.mcu.externaltools.gnu-tools-for-stm32.12.3.rel1.win32_1.0.200.202406191623/tools/bin/../lib/gcc/arm-none-eabi/12.3.1/../../../../arm-none-eabi/lib/thumb/v7e-m+fp/hard\libc_nano.a(libc_a-malloc.o) (_malloc_r)
C:/ST/STM32CubeIDE_1.15.0/STM32CubeIDE/plugins/com.st.stm32cube.ide.mcu.externaltools.gnu-tools-for-stm32.12.3.rel1.win32_1.0.200.202406191623/tools/bin/../lib/gcc/arm-none-eabi/12.3.1/../../../../arm-none-eabi/lib/thumb/v7e-m+fp/hard\libc_nano.a(libc_a-mlock.o)
                              C:/ST/STM32CubeIDE_1.15.0/STM32CubeIDE/plugins/com.st.stm32cube.ide.mcu.externaltools.gnu-tools-for-stm32.12.3.rel1.win32_1.0.200.202406191623/tools/bin/../lib/gcc/arm-none-eabi/12.3.1/../../../../arm-none-eabi/lib/thumb/v7e-m+fp/hard\libc_nano.a(libc_a-mallocr.o) (__malloc_lock)
C:/ST/STM32CubeIDE_1.15.0/STM32CubeIDE/plugins/com.st.stm32cube.ide.mcu.externaltools.gnu-tools-for-stm32.12.3.rel1.win32_1.0.200.202406191623/tools/bin/../lib/gcc/arm-none-eabi/12.3.1/../../../../arm-none-eabi/lib/thumb/v7e-m+fp/hard\libc_nano.a(libc_a-nano-vfprintf_float.o)
                              (_printf_float)
C:/ST/STM32CubeIDE_1.15.0/STM32CubeIDE/plugins/com.st.stm32cube.ide.mcu.externaltools.gnu-tools-for-stm32.12.3.rel1.win32_1.0.200.202406191623/tools/bin/../lib/gcc/arm-none-eabi/12.3.1/../../../../arm-none-eabi/lib/thumb/v7e-m+fp/hard\libc_nano.a(libc_a-nano-vfprintf_i.o)
                              C:/ST/STM32CubeIDE_1.15.0/STM32CubeIDE/plugins/com.st.stm32cube.ide.mcu.externaltools.gnu-tools-for-stm32.12.3.rel1.win32_1.0.200.202406191623/tools/bin/../lib/gcc/arm-none-eabi/12.3.1/../../../../arm-none-eabi/lib/thumb/v7e-m+fp/hard\libc_nano.a(libc_a-nano-vfprintf_float.o) (_printf_common)
C:/ST/STM32CubeIDE_1.15.0/STM32CubeIDE/plugins/com.st.stm32cube.ide.mcu.externaltools.gnu-tools-for-stm32.12.3.rel1.win32_1.0.200.202406191623/tools/bin/../lib/gcc/arm-none-eabi/12.3.1/../../../../arm-none-eabi/lib/thumb/v7e-m+fp/hard\libc_nano.a(libc_a-findfp.o)
                              C:/ST/STM32CubeIDE_1.15.0/STM32CubeIDE/plugins/com.st.stm32cube.ide.mcu.externaltools.gnu-tools-for-stm32.12.3.rel1.win32_1.0.200.202406191623/tools/bin/../lib/gcc/arm-none-eabi/12.3.1/../../../../arm-none-eabi/lib/thumb/v7e-m+fp/hard\libc_nano.a(libc_a-exit.o) (__stdio_exit_handler)
C:/ST/STM32CubeIDE_1.15.0/STM32CubeIDE/plugins/com.st.stm32cube.ide.mcu.externaltools.gnu-tools-for-stm32.12.3.rel1.win32_1.0.200.202406191623/tools/bin/../lib/gcc/arm-none-eabi/12.3.1/../../../../arm-none-eabi/lib/thumb/v7e-m+fp/hard\libc_nano.a(libc_a-fwalk.o)
                              C:/ST/STM32CubeIDE_1.15.0/STM32CubeIDE/plugins/com.st.stm32cube.ide.mcu.externaltools.gnu-tools-for-stm32.12.3.rel1.win32_1.0.200.202406191623/tools/bin/../lib/gcc/arm-none-eabi/12.3.1/../../../../arm-none-eabi/lib/thumb/v7e-m+fp/hard\libc_nano.a(libc_a-findfp.o) (_fwalk_sglue)
C:/ST/STM32CubeIDE_1.15.0/STM32CubeIDE/plugins/com.st.stm32cube.ide.mcu.externaltools.gnu-tools-for-stm32.12.3.rel1.win32_1.0.200.202406191623/tools/bin/../lib/gcc/arm-none-eabi/12.3.1/../../../../arm-none-eabi/lib/thumb/v7e-m+fp/hard\libc_nano.a(libc_a-snprintf.o)
                              ./Core/Src/ssd1306_tests.o (snprintf)
C:/ST/STM32CubeIDE_1.15.0/STM32CubeIDE/plugins/com.st.stm32cube.ide.mcu.externaltools.gnu-tools-for-stm32.12.3.rel1.win32_1.0.200.202406191623/tools/bin/../lib/gcc/arm-none-eabi/12.3.1/../../../../arm-none-eabi/lib/thumb/v7e-m+fp/hard\libc_nano.a(libc_a-stdio.o)
[...]
Memory Configuration

Name             Origin             Length             Attributes
CCMRAM           0x10000000         0x00010000         xrw
RAM              0x20000000         0x00020000         xrw
FLASH            0x08000000         0x00100000         xr
*default*        0x00000000         0xffffffff

Linker script and memory map

LOAD C:/ST/STM32CubeIDE_1.15.0/STM32CubeIDE/plugins/com.st.stm32cube.ide.mcu.externaltools.gnu-tools-for-stm32.12.3.rel1.win32_1.0.200.202406191623/tools/bin/../lib/gcc/arm-none-eabi/12.3.1/thumb/v7e-m+fp/hard/crti.o
LOAD C:/ST/STM32CubeIDE_1.15.0/STM32CubeIDE/plugins/com.st.stm32cube.ide.mcu.externaltools.gnu-tools-for-stm32.12.3.rel1.win32_1.0.200.202406191623/tools/bin/../lib/gcc/arm-none-eabi/12.3.1/thumb/v7e-m+fp/hard/crtbegin.o
LOAD C:/ST/STM32CubeIDE_1.15.0/STM32CubeIDE/plugins/com.st.stm32cube.ide.mcu.externaltools.gnu-tools-for-stm32.12.3.rel1.win32_1.0.200.202406191623/tools/bin/../lib/gcc/arm-none-eabi/12.3.1/../../../../arm-none-eabi/lib/thumb/v7e-m+fp/hard/crt0.o
LOAD ./Core/Src/main.o
LOAD ./Core/Src/ssd1306.o
LOAD ./Core/Src/ssd1306_fonts.o
LOAD ./Core/Src/ssd1306_tests.o
LOAD ./Core/Src/stm32f4xx_hal_msp.o
LOAD ./Core/Src/stm32f4xx_it.o
LOAD ./Core/Src/syscalls.o
LOAD ./Core/Src/sysmem.o
LOAD ./Core/Src/system_stm32f4xx.o
LOAD ./Core/Startup/startup_stm32f407vgtx.o
LOAD ./Drivers/STM32F4xx_HAL_Driver/Src/stm32f4xx_hal.o
LOAD ./Drivers/STM32F4xx_HAL_Driver/Src/stm32f4xx_hal_adc.o
LOAD ./Drivers/STM32F4xx_HAL_Driver/Src/stm32f4xx_hal_adc_ex.o
LOAD ./Drivers/STM32F4xx_HAL_Driver/Src/stm32f4xx_hal_cortex.o
LOAD ./Drivers/STM32F4xx_HAL_Driver/Src/stm32f4xx_hal_dma.o
LOAD ./Drivers/STM32F4xx_HAL_Driver/Src/stm32f4xx_hal_dma_ex.o
LOAD ./Drivers/STM32F4xx_HAL_Driver/Src/stm32f4xx_hal_exti.o
LOAD ./Drivers/STM32F4xx_HAL_Driver/Src/stm32f4xx_hal_flash.o
LOAD ./Drivers/STM32F4xx_HAL_Driver/Src/stm32f4xx_hal_flash_ex.o
LOAD ./Drivers/STM32F4xx_HAL_Driver/Src/stm32f4xx_hal_flash_ramfunc.o
LOAD ./Drivers/STM32F4xx_HAL_Driver/Src/stm32f4xx_hal_gpio.o
LOAD ./Drivers/STM32F4xx_HAL_Driver/Src/stm32f4xx_hal_hcd.o
LOAD ./Drivers/STM32F4xx_HAL_Driver/Src/stm32f4xx_hal_i2c.o
LOAD ./Drivers/STM32F4xx_HAL_Driver/Src/stm32f4xx_hal_i2c_ex.o
LOAD ./Drivers/STM32F4xx_HAL_Driver/Src/stm32f4xx_hal_pwr.o
LOAD ./Drivers/STM32F4xx_HAL_Driver/Src/stm32f4xx_hal_pwr_ex.o
LOAD ./Drivers/STM32F4xx_HAL_Driver/Src/stm32f4xx_hal_rcc.o
LOAD ./Drivers/STM32F4xx_HAL_Driver/Src/stm32f4xx_hal_rcc_ex.o
LOAD ./Drivers/STM32F4xx_HAL_Driver/Src/stm32f4xx_hal_spi.o
LOAD ./Drivers/STM32F4xx_HAL_Driver/Src/stm32f4xx_hal_tim.o
LOAD ./Drivers/STM32F4xx_HAL_Driver/Src/stm32f4xx_hal_tim_ex.o
LOAD ./Drivers/STM32F4xx_HAL_Driver/Src/stm32f4xx_hal_uart.o
LOAD ./Drivers/STM32F4xx_HAL_Driver/Src/stm32f4xx_ll_adc.o
LOAD ./Drivers/STM32F4xx_HAL_Driver/Src/stm32f4xx_ll_usb.o
LOAD ./Middlewares/ST/STM32_USB_Host_Library/Class/HID/Src/usbh_hid.o
LOAD ./Middlewares/ST/STM32_USB_Host_Library/Class/HID/Src/usbh_hid_keybd.o
LOAD ./Middlewares/ST/STM32_USB_Host_Library/Class/HID/Src/usbh_hid_mouse.o
LOAD ./Middlewares/ST/STM32_USB_Host_Library/Class/HID/Src/usbh_hid_parser.o
LOAD ./Middlewares/ST/STM32_USB_Host_Library/Core/Src/usbh_core.o
LOAD ./Middlewares/ST/STM32_USB_Host_Library/Core/Src/usbh_ctlreq.o
LOAD ./Middlewares/ST/STM32_USB_Host_Library/Core/Src/usbh_ioreq.o
LOAD ./Middlewares/ST/STM32_USB_Host_Library/Core/Src/usbh_pipes.o
LOAD ./USB_HOST/App/usb_host.o
LOAD ./USB_HOST/Target/usbh_conf.o
LOAD ./USB_HOST/Target/usbh_platform.o
LOAD ./USER/SRC/BLE.o
LOAD ./USER/SRC/Barcode.o
LOAD ./USER/SRC/Calculation.o
LOAD ./USER/SRC/Flash.o
LOAD ./USER/SRC/LCD.o
LOAD ./USER/SRC/RTC.o
LOAD ./USER/SRC/Spectrometer.o
LOAD ./USER/SRC/System.o
START GROUP
LOAD C:/ST/STM32CubeIDE_1.15.0/STM32CubeIDE/plugins/com.st.stm32cube.ide.mcu.externaltools.gnu-tools-for-stm32.12.3.rel1.win32_1.0.200.202406191623/tools/bin/../lib/gcc/arm-none-eabi/12.3.1/../../../../arm-none-eabi/lib/thumb/v7e-m+fp/hard\libc_nano.a
LOAD C:/ST/STM32CubeIDE_1.15.0/STM32CubeIDE/plugins/com.st.stm32cube.ide.mcu.externaltools.gnu-tools-for-stm32.12.3.rel1.win32_1.0.200.202406191623/tools/bin/../lib/gcc/arm-none-eabi/12.3.1/../../../../arm-none-eabi/lib/thumb/v7e-m+fp/hard\libm.a
END GROUP
START GROUP
LOAD C:/ST/STM32CubeIDE_1.15.0/STM32CubeIDE/plugins/com.st.stm32cube.ide.mcu.externaltools.gnu-tools-for-stm32.12.3.rel1.win32_1.0.200.202406191623/tools/bin/../lib/gcc/arm-none-eabi/12.3.1/thumb/v7e-m+fp/hard\libgcc.a
LOAD C:/ST/STM32CubeIDE_1.15.0/STM32CubeIDE/plugins/com.st.stm32cube.ide.mcu.externaltools.gnu-tools-for-stm32.12.3.rel1.win32_1.0.200.202406191623/tools/bin/../lib/gcc/arm-none-eabi/12.3.1/../../../../arm-none-eabi/lib/thumb/v7e-m+fp/hard\libc_nano.a
END GROUP
START GROUP
LOAD C:/ST/STM32CubeIDE_1.15.0/STM32CubeIDE/plugins/com.st.stm32cube.ide.mcu.externaltools.gnu-tools-for-stm32.12.3.rel1.win32_1.0.200.202406191623/tools/bin/../lib/gcc/arm-none-eabi/12.3.1/thumb/v7e-m+fp/hard\libgcc.a
LOAD C:/ST/STM32CubeIDE_1.15.0/STM32CubeIDE/plugins/com.st.stm32cube.ide.mcu.externaltools.gnu-tools-for-stm32.12.3.rel1.win32_1.0.200.202406191623/tools/bin/../lib/gcc/arm-none-eabi/12.3.1/../../../../arm-none-eabi/lib/thumb/v7e-m+fp/hard\libc_nano.a
LOAD C:/ST/STM32CubeIDE_1.15.0/STM32CubeIDE/plugins/com.st.stm32cube.ide.mcu.externaltools.gnu-tools-for-stm32.12.3.rel1.win32_1.0.200.202406191623/tools/bin/../lib/gcc/arm-none-eabi/12.3.1/../../../../arm-none-eabi/lib/thumb/v7e-m+fp/hard\libnosys.a
END GROUP
START GROUP
LOAD C:/ST/STM32CubeIDE_1.15.0/STM32CubeIDE/plugins/com.st.stm32cube.ide.mcu.externaltools.gnu-tools-for-stm32.12.3.rel1.win32_1.0.200.202406191623/tools/bin/../lib/gcc/arm-none-eabi/12.3.1/thumb/v7e-m+fp/hard\libgcc.a
LOAD C:/ST/STM32CubeIDE_1.15.0/STM32CubeIDE/plugins/com.st.stm32cube.ide.mcu.externaltools.gnu-tools-for-stm32.12.3.rel1.win32_1.0.200.202406191623/tools/bin/../lib/gcc/arm-none-eabi/12.3.1/../../../../arm-none-eabi/lib/thumb/v7e-m+fp/hard\libc_nano.a
LOAD C:/ST/STM32CubeIDE_1.15.0/STM32CubeIDE/plugins/com.st.stm32cube.ide.mcu.externaltools.gnu-tools-for-stm32.12.3.rel1.win32_1.0.200.202406191623/tools/bin/../lib/gcc/arm-none-eabi/12.3.1/../../../../arm-none-eabi/lib/thumb/v7e-m+fp/hard\libnosys.a
END GROUP
LOAD C:/ST/STM32CubeIDE_1.15.0/STM32CubeIDE/plugins/com.st.stm32cube.ide.mcu.externaltools.gnu-tools-for-stm32.12.3.rel1.win32_1.0.200.202406191623/tools/bin/../lib/gcc/arm-none-eabi/12.3.1/thumb/v7e-m+fp/hard/crtend.o
LOAD C:/ST/STM32CubeIDE_1.15.0/STM32CubeIDE/plugins/com.st.stm32cube.ide.mcu.externaltools.gnu-tools-for-stm32.12.3.rel1.win32_1.0.200.202406191623/tools/bin/../lib/gcc/arm-none-eabi/12.3.1/thumb/v7e-m+fp/hard/crtn.o
                0x20020000                        _estack = (ORIGIN (RAM) + LENGTH (RAM))
                0x00000200                        _Min_Heap_Size = 0x200
                0x00000400                        _Min_Stack_Size = 0x400

.isr_vector     0x08000000      0x188
                0x08000000                        . = ALIGN (0x4)
 *(.isr_vector)
 .isr_vector    0x08000000      0x188 ./Core/Startup/startup_stm32f407vgtx.o
                0x08000000                g_pfnVectors
                0x08000188                        . = ALIGN (0x4)

.text           0x08000190    0x12bd4
                0x08000190                        . = ALIGN (0x4)
 *(.text)
 .text          0x08000190       0x40 C:/ST/STM32CubeIDE_1.15.0/STM32CubeIDE/plugins/com.st.stm32cube.ide.mcu.externaltools.gnu-tools-for-stm32.12.3.rel1.win32_1.0.200.202406191623/tools/bin/../lib/gcc/arm-none-eabi/12.3.1/thumb/v7e-m+fp/hard/crtbegin.o
 .text          0x080001d0       0x14 C:/ST/STM32CubeIDE_1.15.0/STM32CubeIDE/plugins/com.st.stm32cube.ide.mcu.externaltools.gnu-tools-for-stm32.12.3.rel1.win32_1.0.200.202406191623/tools/bin/../lib/gcc/arm-none-eabi/12.3.1/../../../../arm-none-eabi/lib/thumb/v7e-m+fp/hard\libc_nano.a(libc_a-strcmp.o)
                0x080001d0                strcmp
 *fill*         0x080001e4        0xc 
 .text          0x080001f0       0xa0 C:/ST/STM32CubeIDE_1.15.0/STM32CubeIDE/plugins/com.st.stm32cube.ide.mcu.externaltools.gnu-tools-for-stm32.12.3.rel1.win32_1.0.200.202406191623/tools/bin/../lib/gcc/arm-none-eabi/12.3.1/../../../../arm-none-eabi/lib/thumb/v7e-m+fp/hard\libc_nano.a(libc_a-memchr.o)
                0x080001f0                memchr
 .text          0x08000290       0x10 C:/ST/STM32CubeIDE_1.15.0/STM32CubeIDE/plugins/com.st.stm32cube.ide.mcu.externaltools.gnu-tools-for-stm32.12.3.rel1.win32_1.0.200.202406191623/tools/bin/../lib/gcc/arm-none-eabi/12.3.1/../../../../arm-none-eabi/lib/thumb/v7e-m+fp/hard\libc_nano.a(libc_a-strlen.o)
                0x08000290                strlen
 .text          0x080002a0      0x378 C:/ST/STM32CubeIDE_1.15.0/STM32CubeIDE/plugins/com.st.stm32cube.ide.mcu.externaltools.gnu-tools-for-stm32.12.3.rel1.win32_1.0.200.202406191623/tools/bin/../lib/gcc/arm-none-eabi/12.3.1/thumb/v7e-m+fp/hard\libgcc.a(_arm_addsubdf3.o)
                0x080002a0                __aeabi_drsub
                0x080002a8                __aeabi_dsub
                0x080002a8                __subdf3
                0x080002ac                __aeabi_dadd
                0x080002ac                __adddf3
                0x08000524                __floatunsidf
                0x08000524                __aeabi_ui2d
                0x08000544                __floatsidf
                0x08000544                __aeabi_i2d
                0x08000568                __aeabi_f2d
                0x08000568                __extendsfdf2
                0x080005ac                __floatundidf
                0x080005ac                __aeabi_ul2d
                0x080005bc                __floatdidf
                0x080005bc                __aeabi_l2d
 .text          0x08000618      0x424 C:/ST/STM32CubeIDE_1.15.0/STM32CubeIDE/plugins/com.st.stm32cube.ide.mcu.externaltools.gnu-tools-for-stm32.12.3.rel1.win32_1.0.200.202406191623/tools/bin/../lib/gcc/arm-none-eabi/12.3.1/thumb/v7e-m+fp/hard\libgcc.a(_arm_muldivdf3.o)
                0x08000618                __aeabi_dmul
                0x08000618                __muldf3
                0x0800086c                __divdf3
                0x0800086c                __aeabi_ddiv
 .text          0x08000a3c      0x110 C:/ST/STM32CubeIDE_1.15.0/STM32CubeIDE/plugins/com.st.stm32cube.ide.mcu.externaltools.gnu-tools-for-stm32.12.3.rel1.win32_1.0.200.202406191623/tools/bin/../lib/gcc/arm-none-eabi/12.3.1/thumb/v7e-m+fp/hard\libgcc.a(_arm_cmpdf2.o)
                0x08000a3c                __gtdf2
                0x08000a3c                __gedf2
                0x08000a44                __ltdf2
                0x08000a44                __ledf2
                0x08000a4c                __nedf2
                0x08000a4c                __eqdf2
                0x08000a4c                __cmpdf2
                0x08000ac8                __aeabi_cdrcmple
                0x08000ad8                __aeabi_cdcmpeq
                0x08000ad8                __aeabi_cdcmple
                0x08000ae8                __aeabi_dcmpeq
                0x08000afc                __aeabi_dcmplt
                0x08000b10                __aeabi_dcmple
                0x08000b24                __aeabi_dcmpge
                0x08000b38                __aeabi_dcmpgt
 .text          0x08000b4c       0x2c C:/ST/STM32CubeIDE_1.15.0/STM32CubeIDE/plugins/com.st.stm32cube.ide.mcu.externaltools.gnu-tools-for-stm32.12.3.rel1.win32_1.0.200.202406191623/tools/bin/../lib/gcc/arm-none-eabi/12.3.1/thumb/v7e-m+fp/hard\libgcc.a(_arm_unorddf2.o)
                0x08000b4c                __unorddf2
                0x08000b4c                __aeabi_dcmpun
 .text          0x08000b78       0x50 C:/ST/STM32CubeIDE_1.15.0/STM32CubeIDE/plugins/com.st.stm32cube.ide.mcu.externaltools.gnu-tools-for-stm32.12.3.rel1.win32_1.0.200.202406191623/tools/bin/../lib/gcc/arm-none-eabi/12.3.1/thumb/v7e-m+fp/hard\libgcc.a(_arm_fixdfsi.o)
                0x08000b78                __aeabi_d2iz
                0x08000b78                __fixdfsi
 .text          0x08000bc8       0xa0 C:/ST/STM32CubeIDE_1.15.0/STM32CubeIDE/plugins/com.st.stm32cube.ide.mcu.externaltools.gnu-tools-for-stm32.12.3.rel1.win32_1.0.200.202406191623/tools/bin/../lib/gcc/arm-none-eabi/12.3.1/thumb/v7e-m+fp/hard\libgcc.a(_arm_truncdfsf2.o)
                0x08000bc8                __truncdfsf2
                0x08000bc8                __aeabi_d2f
 .text          0x08000c68       0x30 C:/ST/STM32CubeIDE_1.15.0/STM32CubeIDE/plugins/com.st.stm32cube.ide.mcu.externaltools.gnu-tools-for-stm32.12.3.rel1.win32_1.0.200.202406191623/tools/bin/../lib/gcc/arm-none-eabi/12.3.1/thumb/v7e-m+fp/hard\libgcc.a(_aeabi_uldivmod.o)
                0x08000c68                __aeabi_uldivmod
 .text          0x08000c98      0x2bc C:/ST/STM32CubeIDE_1.15.0/STM32CubeIDE/plugins/com.st.stm32cube.ide.mcu.externaltools.gnu-tools-for-stm32.12.3.rel1.win32_1.0.200.202406191623/tools/bin/../lib/gcc/arm-none-eabi/12.3.1/thumb/v7e-m+fp/hard\libgcc.a(_udivmoddi4.o)
                0x08000c98                __udivmoddi4
 .text          0x08000f54        0x4 C:/ST/STM32CubeIDE_1.15.0/STM32CubeIDE/plugins/com.st.stm32cube.ide.mcu.externaltools.gnu-tools-for-stm32.12.3.rel1.win32_1.0.200.202406191623/tools/bin/../lib/gcc/arm-none-eabi/12.3.1/thumb/v7e-m+fp/hard\libgcc.a(_dvmd_tls.o)
                0x08000f54                __aeabi_idiv0
                0x08000f54                __aeabi_ldiv0
 *(.text*)
 .text.main     0x08000f58       0x4c ./Core/Src/main.o
                0x08000f58                main
 .text.SystemClock_Config
                0x08000fa4       0xd4 ./Core/Src/main.o
                0x08000fa4                SystemClock_Config
 .text.MX_ADC1_Init
                0x08001078       0xa4 ./Core/Src/main.o
 .text.MX_ADC3_Init
                0x0800111c       0xa4 ./Core/Src/main.o
 .text.MX_I2C3_Init
                0x080011c0       0x5c ./Core/Src/main.o
 .text.MX_SPI3_Init
                0x0800121c       0x6c ./Core/Src/main.o
 .text.MX_TIM1_Init
                0x08001288      0x140 ./Core/Src/main.o
 .text.MX_TIM11_Init
                0x080013c8       0x98 ./Core/Src/main.o
 .text.MX_USART2_UART_Init
                0x08001460       0x54 ./Core/Src/main.o
 .text.MX_USART3_UART_Init
                0x080014b4       0x54 ./Core/Src/main.o
 .text.MX_DMA_Init
                0x08001508       0x9c ./Core/Src/main.o
 .text.MX_GPIO_Init
                0x080015a4      0x244 ./Core/Src/main.o
 .text.Error_Handler
                0x080017e8        0xc ./Core/Src/main.o
                0x080017e8                Error_Handler
 .text.ssd1306_Reset
                0x080017f4       0x38 ./Core/Src/ssd1306.o
                0x080017f4                ssd1306_Reset
 .text.ssd1306_WriteCommand
                0x0800182c       0x48 ./Core/Src/ssd1306.o
                0x0800182c                ssd1306_WriteCommand
 .text.ssd1306_WriteData
                0x08001874       0x48 ./Core/Src/ssd1306.o
                0x08001874                ssd1306_WriteData
 .text.ssd1306_Init
                0x080018bc       0xd4 ./Core/Src/ssd1306.o
                0x080018bc                ssd1306_Init
 .text.ssd1306_Fill
                0x08001990       0x30 ./Core/Src/ssd1306.o
                0x08001990                ssd1306_Fill
 .text.ssd1306_UpdateScreen
                0x080019c0       0x50 ./Core/Src/ssd1306.o
                0x080019c0                ssd1306_UpdateScreen
 .text.ssd1306_DrawPixel
                0x08001a10       0xa8 ./Core/Src/ssd1306.o
                0x08001a10                ssd1306_DrawPixel
 .text.ssd1306_WriteChar
                0x08001ab8      0x120 ./Core/Src/ssd1306.o
                0x08001ab8                ssd1306_WriteChar
 .text.ssd1306_WriteString
                0x08001bd8       0x4c ./Core/Src/ssd1306.o
                0x08001bd8                ssd1306_WriteString
 .text.ssd1306_SetCursor
                0x08001c24       0x30 ./Core/Src/ssd1306.o
                0x08001c24                ssd1306_SetCursor
 .text.ssd1306_FillRectangle
                0x08001c54       0x9c ./Core/Src/ssd1306.o
                0x08001c54                ssd1306_FillRectangle
 .text.ssd1306_DrawBitmap
                0x08001cf0       0xb6 ./Core/Src/ssd1306.o
                0x08001cf0                ssd1306_DrawBitmap
 .text.ssd1306_SetContrast
                0x08001da6       0x26 ./Core/Src/ssd1306.o
                0x08001da6                ssd1306_SetContrast
 .text.ssd1306_SetDisplayOn
                0x08001dcc       0x3c ./Core/Src/ssd1306.o
                0x08001dcc                ssd1306_SetDisplayOn
 .text.OLED_DrawBitmap
                0x08001e08       0x92 ./Core/Src/ssd1306.o
                0x08001e08                OLED_DrawBitmap
 *fill*         0x08001e9a        0x2 
 .text.HAL_MspInit
                0x08001e9c       0x50 ./Core/Src/stm32f4xx_hal_msp.o
                0x08001e9c                HAL_MspInit
 .text.HAL_ADC_MspInit
                0x08001eec      0x1b8 ./Core/Src/stm32f4xx_hal_msp.o
                0x08001eec                HAL_ADC_MspInit
 .text.HAL_I2C_MspInit
                0x080020a4       0xd4 ./Core/Src/stm32f4xx_hal_msp.o
                0x080020a4                HAL_I2C_MspInit
 .text.HAL_SPI_MspInit
                0x08002178       0x90 ./Core/Src/stm32f4xx_hal_msp.o
                0x08002178                HAL_SPI_MspInit
 .text.HAL_TIM_Base_MspInit
                0x08002208       0xd4 ./Core/Src/stm32f4xx_hal_msp.o
                0x08002208                HAL_TIM_Base_MspInit
 .text.HAL_TIM_MspPostInit
                0x080022dc       0x74 ./Core/Src/stm32f4xx_hal_msp.o
                0x080022dc                HAL_TIM_MspPostInit
 .text.HAL_UART_MspInit
                0x08002350      0x1c4 ./Core/Src/stm32f4xx_hal_msp.o
                0x08002350                HAL_UART_MspInit
 .text.NMI_Handler
                0x08002514        0x8 ./Core/Src/stm32f4xx_it.o
                0x08002514                NMI_Handler
 .text.HardFault_Handler
                0x0800251c        0x8 ./Core/Src/stm32f4xx_it.o
                0x0800251c                HardFault_Handler
 .text.MemManage_Handler
                0x08002524        0x8 ./Core/Src/stm32f4xx_it.o
                0x08002524                MemManage_Handler
 .text.BusFault_Handler
                0x0800252c        0x8 ./Core/Src/stm32f4xx_it.o
                0x0800252c                BusFault_Handler
 .text.UsageFault_Handler
                0x08002534        0x8 ./Core/Src/stm32f4xx_it.o
                0x08002534                UsageFault_Handler
 .text.SVC_Handler
                0x0800253c        0xe ./Core/Src/stm32f4xx_it.o
                0x0800253c                SVC_Handler
 .text.DebugMon_Handler
                0x0800254a        0xe ./Core/Src/stm32f4xx_it.o
                0x0800254a                DebugMon_Handler
 .text.PendSV_Handler
                0x08002558        0xe ./Core/Src/stm32f4xx_it.o
                0x08002558                PendSV_Handler
 .text.SysTick_Handler
                0x08002566        0xc ./Core/Src/stm32f4xx_it.o
                0x08002566                SysTick_Handler
 *fill*         0x08002572        0x2 
 .text.DMA1_Stream3_IRQHandler
                0x08002574       0x14 ./Core/Src/stm32f4xx_it.o
                0x08002574                DMA1_Stream3_IRQHandler
 .text.DMA1_Stream6_IRQHandler
                0x08002588       0x14 ./Core/Src/stm32f4xx_it.o
                0x08002588                DMA1_Stream6_IRQHandler
 .text.DMA2_Stream0_IRQHandler
                0x0800259c       0x14 ./Core/Src/stm32f4xx_it.o
                0x0800259c                DMA2_Stream0_IRQHandler
 .text.DMA2_Stream1_IRQHandler
                0x080025b0       0x14 ./Core/Src/stm32f4xx_it.o
                0x080025b0                DMA2_Stream1_IRQHandler
 .text.DMA2_Stream4_IRQHandler
                0x080025c4       0x14 ./Core/Src/stm32f4xx_it.o
                0x080025c4                DMA2_Stream4_IRQHandler
 .text.OTG_FS_IRQHandler
                0x080025d8       0x14 ./Core/Src/stm32f4xx_it.o
                0x080025d8                OTG_FS_IRQHandler
 .text._getpid  0x080025ec       0x10 ./Core/Src/syscalls.o
                0x080025ec                _getpid
 .text._kill    0x080025fc       0x20 ./Core/Src/syscalls.o
                0x080025fc                _kill
 .text._exit    0x0800261c       0x16 ./Core/Src/syscalls.o
                0x0800261c                _exit
 .text._read    0x08002632       0x3a ./Core/Src/syscalls.o
                0x08002632                _read
 .text._write   0x0800266c       0x38 ./Core/Src/syscalls.o
                0x0800266c                _write
 .text._close   0x080026a4       0x18 ./Core/Src/syscalls.o
                0x080026a4                _close
 .text._fstat   0x080026bc       0x20 ./Core/Src/syscalls.o
                0x080026bc                _fstat
 .text._isatty  0x080026dc       0x16 ./Core/Src/syscalls.o
                0x080026dc                _isatty
 .text._lseek   0x080026f2       0x1a ./Core/Src/syscalls.o
                0x080026f2                _lseek
 .text._sbrk    0x0800270c       0x6c ./Core/Src/sysmem.o
                0x0800270c                _sbrk
 .text.SystemInit
                0x08002778       0x24 ./Core/Src/system_stm32f4xx.o
                0x08002778                SystemInit
 .text.Reset_Handler
                0x0800279c       0x50 ./Core/Startup/startup_stm32f407vgtx.o
                0x0800279c                Reset_Handler
 .text.Default_Handler
                0x080027ec        0x2 ./Core/Startup/startup_stm32f407vgtx.o
                0x080027ec                RTC_Alarm_IRQHandler
                0x080027ec                HASH_RNG_IRQHandler
                0x080027ec                EXTI2_IRQHandler
                0x080027ec                TIM8_CC_IRQHandler
                0x080027ec                TIM1_CC_IRQHandler
                0x080027ec                DMA2_Stream5_IRQHandler
                0x080027ec                DMA1_Stream5_IRQHandler
                0x080027ec                PVD_IRQHandler
                0x080027ec                SDIO_IRQHandler
                0x080027ec                TAMP_STAMP_IRQHandler
                0x080027ec                CAN2_RX1_IRQHandler
                0x080027ec                EXTI3_IRQHandler
                0x080027ec                TIM8_TRG_COM_TIM14_IRQHandler
                0x080027ec                TIM1_UP_TIM10_IRQHandler
                0x080027ec                TIM8_UP_TIM13_IRQHandler
                0x080027ec                I2C3_ER_IRQHandler
                0x080027ec                EXTI0_IRQHandler
                0x080027ec                I2C2_EV_IRQHandler
                0x080027ec                DMA1_Stream2_IRQHandler
                0x080027ec                CAN1_RX0_IRQHandler
                0x080027ec                FPU_IRQHandler
                0x080027ec                OTG_HS_WKUP_IRQHandler
                0x080027ec                CAN2_SCE_IRQHandler
                0x080027ec                DMA2_Stream2_IRQHandler
                0x080027ec                SPI1_IRQHandler
                0x080027ec                TIM6_DAC_IRQHandler
                0x080027ec                TIM1_BRK_TIM9_IRQHandler
                0x080027ec                DCMI_IRQHandler
                0x080027ec                CAN2_RX0_IRQHandler
                0x080027ec                DMA2_Stream3_IRQHandler
                0x080027ec                USART6_IRQHandler
                0x080027ec                USART3_IRQHandler
                0x080027ec                CAN1_RX1_IRQHandler
                0x080027ec                UART5_IRQHandler
                0x080027ec                TIM4_IRQHandler
                0x080027ec                I2C1_EV_IRQHandler
                0x080027ec                DMA1_Stream1_IRQHandler
                0x080027ec                UART4_IRQHandler
                0x080027ec                TIM3_IRQHandler
                0x080027ec                RCC_IRQHandler
                0x080027ec                TIM8_BRK_TIM12_IRQHandler
                0x080027ec                Default_Handler
                0x080027ec                EXTI15_10_IRQHandler
                0x080027ec                ADC_IRQHandler
                0x080027ec                DMA1_Stream7_IRQHandler
                0x080027ec                TIM7_IRQHandler
                0x080027ec                CAN2_TX_IRQHandler
                0x080027ec                TIM5_IRQHandler
                0x080027ec                DMA2_Stream7_IRQHandler
                0x080027ec                I2C3_EV_IRQHandler
                0x080027ec                RTC_WKUP_IRQHandler
                0x080027ec                ETH_WKUP_IRQHandler
                0x080027ec                SPI2_IRQHandler
                0x080027ec                OTG_HS_EP1_IN_IRQHandler
                0x080027ec                DMA1_Stream0_IRQHandler
                0x080027ec                CAN1_TX_IRQHandler
                0x080027ec                FSMC_IRQHandler
                0x080027ec                ETH_IRQHandler
                0x080027ec                OTG_HS_EP1_OUT_IRQHandler
                0x080027ec                WWDG_IRQHandler
                0x080027ec                TIM2_IRQHandler
                0x080027ec                OTG_FS_WKUP_IRQHandler
                0x080027ec                OTG_HS_IRQHandler
                0x080027ec                EXTI1_IRQHandler
                0x080027ec                USART2_IRQHandler
                0x080027ec                I2C2_ER_IRQHandler
                0x080027ec                CAN1_SCE_IRQHandler
                0x080027ec                FLASH_IRQHandler
                0x080027ec                USART1_IRQHandler
                0x080027ec                SPI3_IRQHandler
                0x080027ec                DMA1_Stream4_IRQHandler
                0x080027ec                I2C1_ER_IRQHandler
                0x080027ec                DMA2_Stream6_IRQHandler
 *fill*         0x080027ee        0x2 
 .text.HAL_Init
                0x080027f0       0x44 ./Drivers/STM32F4xx_HAL_Driver/Src/stm32f4xx_hal.o
                0x080027f0                HAL_Init
 .text.HAL_InitTick
                0x08002834       0x60 ./Drivers/STM32F4xx_HAL_Driver/Src/stm32f4xx_hal.o
                0x08002834                HAL_InitTick
 .text.HAL_IncTick
                0x08002894       0x28 ./Drivers/STM32F4xx_HAL_Driver/Src/stm32f4xx_hal.o
                0x08002894                HAL_IncTick
 .text.HAL_GetTick
                0x080028bc       0x18 ./Drivers/STM32F4xx_HAL_Driver/Src/stm32f4xx_hal.o
                0x080028bc                HAL_GetTick
 .text.HAL_Delay
                0x080028d4       0x48 ./Drivers/STM32F4xx_HAL_Driver/Src/stm32f4xx_hal.o
                0x080028d4                HAL_Delay
 .text.HAL_ADC_Init
                0x0800291c       0x86 ./Drivers/STM32F4xx_HAL_Driver/Src/stm32f4xx_hal_adc.o
                0x0800291c                HAL_ADC_Init
 *fill*         0x080029a2        0x2 
 .text.HAL_ADC_Start_DMA
                0x080029a4      0x220 ./Drivers/STM32F4xx_HAL_Driver/Src/stm32f4xx_hal_adc.o
                0x080029a4                HAL_ADC_Start_DMA
 .text.HAL_ADC_ConvCpltCallback
                0x08002bc4       0x14 ./Drivers/STM32F4xx_HAL_Driver/Src/stm32f4xx_hal_adc.o
                0x08002bc4                HAL_ADC_ConvCpltCallback
 .text.HAL_ADC_ConvHalfCpltCallback
                0x08002bd8       0x14 ./Drivers/STM32F4xx_HAL_Driver/Src/stm32f4xx_hal_adc.o
                0x08002bd8                HAL_ADC_ConvHalfCpltCallback
 .text.HAL_ADC_ErrorCallback
                0x08002bec       0x14 ./Drivers/STM32F4xx_HAL_Driver/Src/stm32f4xx_hal_adc.o
                0x08002bec                HAL_ADC_ErrorCallback
 .text.HAL_ADC_ConfigChannel
                0x08002c00      0x244 ./Drivers/STM32F4xx_HAL_Driver/Src/stm32f4xx_hal_adc.o
                0x08002c00                HAL_ADC_ConfigChannel
 .text.ADC_Init
                0x08002e44      0x1f8 ./Drivers/STM32F4xx_HAL_Driver/Src/stm32f4xx_hal_adc.o
 .text.ADC_DMAConvCplt
                0x0800303c       0xba ./Drivers/STM32F4xx_HAL_Driver/Src/stm32f4xx_hal_adc.o
 .text.ADC_DMAHalfConvCplt
                0x080030f6       0x1c ./Drivers/STM32F4xx_HAL_Driver/Src/stm32f4xx_hal_adc.o
 .text.ADC_DMAError
                0x08003112       0x2e ./Drivers/STM32F4xx_HAL_Driver/Src/stm32f4xx_hal_adc.o
 .text.__NVIC_SetPriorityGrouping
                0x08003140       0x48 ./Drivers/STM32F4xx_HAL_Driver/Src/stm32f4xx_hal_cortex.o
 .text.__NVIC_GetPriorityGrouping
                0x08003188       0x1c ./Drivers/STM32F4xx_HAL_Driver/Src/stm32f4xx_hal_cortex.o
 .text.__NVIC_EnableIRQ
                0x080031a4       0x3c ./Drivers/STM32F4xx_HAL_Driver/Src/stm32f4xx_hal_cortex.o
 .text.__NVIC_SetPriority
                0x080031e0       0x54 ./Drivers/STM32F4xx_HAL_Driver/Src/stm32f4xx_hal_cortex.o
 .text.NVIC_EncodePriority
                0x08003234       0x66 ./Drivers/STM32F4xx_HAL_Driver/Src/stm32f4xx_hal_cortex.o
 *fill*         0x0800329a        0x2 
 .text.SysTick_Config
                0x0800329c       0x44 ./Drivers/STM32F4xx_HAL_Driver/Src/stm32f4xx_hal_cortex.o
 .text.HAL_NVIC_SetPriorityGrouping
                0x080032e0       0x16 ./Drivers/STM32F4xx_HAL_Driver/Src/stm32f4xx_hal_cortex.o
                0x080032e0                HAL_NVIC_SetPriorityGrouping
 .text.HAL_NVIC_SetPriority
                0x080032f6       0x38 ./Drivers/STM32F4xx_HAL_Driver/Src/stm32f4xx_hal_cortex.o
                0x080032f6                HAL_NVIC_SetPriority
 .text.HAL_NVIC_EnableIRQ
                0x0800332e       0x1c ./Drivers/STM32F4xx_HAL_Driver/Src/stm32f4xx_hal_cortex.o
                0x0800332e                HAL_NVIC_EnableIRQ
 .text.HAL_SYSTICK_Config
                0x0800334a       0x18 ./Drivers/STM32F4xx_HAL_Driver/Src/stm32f4xx_hal_cortex.o
                0x0800334a                HAL_SYSTICK_Config
 *fill*         0x08003362        0x2 
 .text.HAL_DMA_Init
                0x08003364      0x15c ./Drivers/STM32F4xx_HAL_Driver/Src/stm32f4xx_hal_dma.o
                0x08003364                HAL_DMA_Init
 .text.HAL_DMA_Start_IT
                0x080034c0       0xb0 ./Drivers/STM32F4xx_HAL_Driver/Src/stm32f4xx_hal_dma.o
                0x080034c0                HAL_DMA_Start_IT
 .text.HAL_DMA_IRQHandler
                0x08003570      0x314 ./Drivers/STM32F4xx_HAL_Driver/Src/stm32f4xx_hal_dma.o
                0x08003570                HAL_DMA_IRQHandler
 .text.DMA_SetConfig
                0x08003884       0x5c ./Drivers/STM32F4xx_HAL_Driver/Src/stm32f4xx_hal_dma.o
 .text.DMA_CalcBaseAndBitshift
                0x080038e0       0x6c ./Drivers/STM32F4xx_HAL_Driver/Src/stm32f4xx_hal_dma.o
 .text.DMA_CheckFifoParam
                0x0800394c       0xf8 ./Drivers/STM32F4xx_HAL_Driver/Src/stm32f4xx_hal_dma.o
 .text.HAL_FLASH_Program
                0x08003a44       0xa8 ./Drivers/STM32F4xx_HAL_Driver/Src/stm32f4xx_hal_flash.o
                0x08003a44                HAL_FLASH_Program
 .text.HAL_FLASH_Unlock
                0x08003aec       0x44 ./Drivers/STM32F4xx_HAL_Driver/Src/stm32f4xx_hal_flash.o
                0x08003aec                HAL_FLASH_Unlock
 .text.HAL_FLASH_Lock
                0x08003b30       0x20 ./Drivers/STM32F4xx_HAL_Driver/Src/stm32f4xx_hal_flash.o
                0x08003b30                HAL_FLASH_Lock
 .text.FLASH_WaitForLastOperation
                0x08003b50       0x80 ./Drivers/STM32F4xx_HAL_Driver/Src/stm32f4xx_hal_flash.o
                0x08003b50                FLASH_WaitForLastOperation
 .text.FLASH_Program_DoubleWord
                0x08003bd0       0x64 ./Drivers/STM32F4xx_HAL_Driver/Src/stm32f4xx_hal_flash.o
 .text.FLASH_Program_Word
                0x08003c34       0x44 ./Drivers/STM32F4xx_HAL_Driver/Src/stm32f4xx_hal_flash.o
 .text.FLASH_Program_HalfWord
                0x08003c78       0x48 ./Drivers/STM32F4xx_HAL_Driver/Src/stm32f4xx_hal_flash.o
 .text.FLASH_Program_Byte
                0x08003cc0       0x44 ./Drivers/STM32F4xx_HAL_Driver/Src/stm32f4xx_hal_flash.o
 .text.FLASH_SetErrorCode
                0x08003d04       0xac ./Drivers/STM32F4xx_HAL_Driver/Src/stm32f4xx_hal_flash.o
 .text.HAL_FLASHEx_Erase
                0x08003db0       0xe0 ./Drivers/STM32F4xx_HAL_Driver/Src/stm32f4xx_hal_flash_ex.o
                0x08003db0                HAL_FLASHEx_Erase
 .text.FLASH_MassErase
                0x08003e90       0x48 ./Drivers/STM32F4xx_HAL_Driver/Src/stm32f4xx_hal_flash_ex.o
 .text.FLASH_Erase_Sector
                0x08003ed8       0x90 ./Drivers/STM32F4xx_HAL_Driver/Src/stm32f4xx_hal_flash_ex.o
                0x08003ed8                FLASH_Erase_Sector
 .text.FLASH_FlushCaches
                0x08003f68       0x8c ./Drivers/STM32F4xx_HAL_Driver/Src/stm32f4xx_hal_flash_ex.o
                0x08003f68                FLASH_FlushCaches
 .text.HAL_GPIO_Init
                0x08003ff4      0x338 ./Drivers/STM32F4xx_HAL_Driver/Src/stm32f4xx_hal_gpio.o
                0x08003ff4                HAL_GPIO_Init
 .text.HAL_GPIO_ReadPin
                0x0800432c       0x30 ./Drivers/STM32F4xx_HAL_Driver/Src/stm32f4xx_hal_gpio.o
                0x0800432c                HAL_GPIO_ReadPin
 .text.HAL_GPIO_WritePin
                0x0800435c       0x32 ./Drivers/STM32F4xx_HAL_Driver/Src/stm32f4xx_hal_gpio.o
                0x0800435c                HAL_GPIO_WritePin
 *fill*         0x0800438e        0x2 
 .text.HAL_GPIO_EXTI_IRQHandler
                0x08004390       0x30 ./Drivers/STM32F4xx_HAL_Driver/Src/stm32f4xx_hal_gpio.o
                0x08004390                HAL_GPIO_EXTI_IRQHandler
 .text.HAL_HCD_Init
                0x080043c0       0xce ./Drivers/STM32F4xx_HAL_Driver/Src/stm32f4xx_hal_hcd.o
                0x080043c0                HAL_HCD_Init
 .text.HAL_HCD_HC_Init
                0x0800448e      0x170 ./Drivers/STM32F4xx_HAL_Driver/Src/stm32f4xx_hal_hcd.o
                0x0800448e                HAL_HCD_HC_Init
 .text.HAL_HCD_HC_Halt
                0x080045fe       0x46 ./Drivers/STM32F4xx_HAL_Driver/Src/stm32f4xx_hal_hcd.o
                0x080045fe                HAL_HCD_HC_Halt
 .text.HAL_HCD_HC_SubmitRequest
                0x08004644      0x33c ./Drivers/STM32F4xx_HAL_Driver/Src/stm32f4xx_hal_hcd.o
                0x08004644                HAL_HCD_HC_SubmitRequest
 .text.HAL_HCD_IRQHandler
                0x08004980      0x220 ./Drivers/STM32F4xx_HAL_Driver/Src/stm32f4xx_hal_hcd.o
                0x08004980                HAL_HCD_IRQHandler
 .text.HAL_HCD_Start
                0x08004ba0       0x46 ./Drivers/STM32F4xx_HAL_Driver/Src/stm32f4xx_hal_hcd.o
                0x08004ba0                HAL_HCD_Start
 .text.HAL_HCD_Stop
                0x08004be6       0x3a ./Drivers/STM32F4xx_HAL_Driver/Src/stm32f4xx_hal_hcd.o
                0x08004be6                HAL_HCD_Stop
 .text.HAL_HCD_ResetPort
                0x08004c20       0x1c ./Drivers/STM32F4xx_HAL_Driver/Src/stm32f4xx_hal_hcd.o
                0x08004c20                HAL_HCD_ResetPort
 .text.HAL_HCD_HC_GetURBState
                0x08004c3c       0x2a ./Drivers/STM32F4xx_HAL_Driver/Src/stm32f4xx_hal_hcd.o
                0x08004c3c                HAL_HCD_HC_GetURBState
 .text.HAL_HCD_HC_GetXferCount
                0x08004c66       0x2a ./Drivers/STM32F4xx_HAL_Driver/Src/stm32f4xx_hal_hcd.o
                0x08004c66                HAL_HCD_HC_GetXferCount
 .text.HAL_HCD_GetCurrentFrame
                0x08004c90       0x1c ./Drivers/STM32F4xx_HAL_Driver/Src/stm32f4xx_hal_hcd.o
                0x08004c90                HAL_HCD_GetCurrentFrame
 .text.HAL_HCD_GetCurrentSpeed
                0x08004cac       0x1c ./Drivers/STM32F4xx_HAL_Driver/Src/stm32f4xx_hal_hcd.o
                0x08004cac                HAL_HCD_GetCurrentSpeed
 .text.HAL_HCD_HC_ClearHubInfo
                0x08004cc8       0x6a ./Drivers/STM32F4xx_HAL_Driver/Src/stm32f4xx_hal_hcd.o
                0x08004cc8                HAL_HCD_HC_ClearHubInfo
 .text.HCD_HC_IN_IRQHandler
                0x08004d32      0xcd2 ./Drivers/STM32F4xx_HAL_Driver/Src/stm32f4xx_hal_hcd.o
 .text.HCD_HC_OUT_IRQHandler
                0x08005a04      0x94a ./Drivers/STM32F4xx_HAL_Driver/Src/stm32f4xx_hal_hcd.o
 .text.HCD_RXQLVL_IRQHandler
                0x0800634e      0x1be ./Drivers/STM32F4xx_HAL_Driver/Src/stm32f4xx_hal_hcd.o
 .text.HCD_Port_IRQHandler
                0x0800650c       0xe6 ./Drivers/STM32F4xx_HAL_Driver/Src/stm32f4xx_hal_hcd.o
 *fill*         0x080065f2        0x2 
 .text.HAL_I2C_Init
                0x080065f4      0x288 ./Drivers/STM32F4xx_HAL_Driver/Src/stm32f4xx_hal_i2c.o
                0x080065f4                HAL_I2C_Init
 .text.HAL_I2C_Master_Transmit
                0x0800687c      0x1fc ./Drivers/STM32F4xx_HAL_Driver/Src/stm32f4xx_hal_i2c.o
                0x0800687c                HAL_I2C_Master_Transmit
 .text.HAL_I2C_Master_Receive
                0x08006a78      0x464 ./Drivers/STM32F4xx_HAL_Driver/Src/stm32f4xx_hal_i2c.o
                0x08006a78                HAL_I2C_Master_Receive
 .text.I2C_MasterRequestWrite
                0x08006edc      0x104 ./Drivers/STM32F4xx_HAL_Driver/Src/stm32f4xx_hal_i2c.o
 .text.I2C_MasterRequestRead
                0x08006fe0      0x19c ./Drivers/STM32F4xx_HAL_Driver/Src/stm32f4xx_hal_i2c.o
 .text.I2C_WaitOnFlagUntilTimeout
                0x0800717c       0xf4 ./Drivers/STM32F4xx_HAL_Driver/Src/stm32f4xx_hal_i2c.o
 .text.I2C_WaitOnMasterAddressFlagUntilTimeout
                0x08007270      0x140 ./Drivers/STM32F4xx_HAL_Driver/Src/stm32f4xx_hal_i2c.o
 .text.I2C_WaitOnTXEFlagUntilTimeout
                0x080073b0       0x90 ./Drivers/STM32F4xx_HAL_Driver/Src/stm32f4xx_hal_i2c.o
 .text.I2C_WaitOnBTFFlagUntilTimeout
                0x08007440       0x90 ./Drivers/STM32F4xx_HAL_Driver/Src/stm32f4xx_hal_i2c.o
 .text.I2C_WaitOnRXNEFlagUntilTimeout
                0x080074d0       0xba ./Drivers/STM32F4xx_HAL_Driver/Src/stm32f4xx_hal_i2c.o
 .text.I2C_IsAcknowledgeFailed
                0x0800758a       0x5e ./Drivers/STM32F4xx_HAL_Driver/Src/stm32f4xx_hal_i2c.o
 .text.HAL_RCC_OscConfig
                0x080075e8      0x4f0 ./Drivers/STM32F4xx_HAL_Driver/Src/stm32f4xx_hal_rcc.o
                0x080075e8                HAL_RCC_OscConfig
 .text.HAL_RCC_ClockConfig
                0x08007ad8      0x1cc ./Drivers/STM32F4xx_HAL_Driver/Src/stm32f4xx_hal_rcc.o
                0x08007ad8                HAL_RCC_ClockConfig
 .text.HAL_RCC_GetSysClockFreq
                0x08007ca4      0x20c ./Drivers/STM32F4xx_HAL_Driver/Src/stm32f4xx_hal_rcc.o
                0x08007ca4                HAL_RCC_GetSysClockFreq
 .text.HAL_RCC_GetHCLKFreq
                0x08007eb0       0x18 ./Drivers/STM32F4xx_HAL_Driver/Src/stm32f4xx_hal_rcc.o
                0x08007eb0                HAL_RCC_GetHCLKFreq
 .text.HAL_RCC_GetPCLK1Freq
                0x08007ec8       0x28 ./Drivers/STM32F4xx_HAL_Driver/Src/stm32f4xx_hal_rcc.o
                0x08007ec8                HAL_RCC_GetPCLK1Freq
 .text.HAL_RCC_GetPCLK2Freq
                0x08007ef0       0x28 ./Drivers/STM32F4xx_HAL_Driver/Src/stm32f4xx_hal_rcc.o
                0x08007ef0                HAL_RCC_GetPCLK2Freq
 .text.HAL_SPI_Init
                0x08007f18      0x112 ./Drivers/STM32F4xx_HAL_Driver/Src/stm32f4xx_hal_spi.o
                0x08007f18                HAL_SPI_Init
 .text.HAL_SPI_Transmit
                0x0800802a      0x286 ./Drivers/STM32F4xx_HAL_Driver/Src/stm32f4xx_hal_spi.o
                0x0800802a                HAL_SPI_Transmit
 .text.SPI_WaitFlagStateUntilTimeout
                0x080082b0      0x110 ./Drivers/STM32F4xx_HAL_Driver/Src/stm32f4xx_hal_spi.o
 .text.SPI_EndRxTxTransaction
                0x080083c0       0xa8 ./Drivers/STM32F4xx_HAL_Driver/Src/stm32f4xx_hal_spi.o
 .text.HAL_TIM_Base_Init
                0x08008468       0x9e ./Drivers/STM32F4xx_HAL_Driver/Src/stm32f4xx_hal_tim.o
                0x08008468                HAL_TIM_Base_Init
 .text.HAL_TIM_OC_Init
                0x08008506       0x9e ./Drivers/STM32F4xx_HAL_Driver/Src/stm32f4xx_hal_tim.o
                0x08008506                HAL_TIM_OC_Init
 .text.HAL_TIM_OC_MspInit
                0x080085a4       0x14 ./Drivers/STM32F4xx_HAL_Driver/Src/stm32f4xx_hal_tim.o
                0x080085a4                HAL_TIM_OC_MspInit
 .text.HAL_TIM_PWM_Init
                0x080085b8       0x9e ./Drivers/STM32F4xx_HAL_Driver/Src/stm32f4xx_hal_tim.o
                0x080085b8                HAL_TIM_PWM_Init
 .text.HAL_TIM_PWM_MspInit
                0x08008656       0x14 ./Drivers/STM32F4xx_HAL_Driver/Src/stm32f4xx_hal_tim.o
                0x08008656                HAL_TIM_PWM_MspInit
 *fill*         0x0800866a        0x2 
 .text.HAL_TIM_PWM_Start
                0x0800866c      0x190 ./Drivers/STM32F4xx_HAL_Driver/Src/stm32f4xx_hal_tim.o
                0x0800866c                HAL_TIM_PWM_Start
 .text.HAL_TIM_IRQHandler
                0x080087fc      0x1e0 ./Drivers/STM32F4xx_HAL_Driver/Src/stm32f4xx_hal_tim.o
                0x080087fc                HAL_TIM_IRQHandler
 .text.HAL_TIM_OC_ConfigChannel
                0x080089dc       0xb8 ./Drivers/STM32F4xx_HAL_Driver/Src/stm32f4xx_hal_tim.o
                0x080089dc                HAL_TIM_OC_ConfigChannel
 .text.HAL_TIM_PWM_ConfigChannel
                0x08008a94      0x184 ./Drivers/STM32F4xx_HAL_Driver/Src/stm32f4xx_hal_tim.o
                0x08008a94                HAL_TIM_PWM_ConfigChannel
 .text.HAL_TIM_ConfigClockSource
                0x08008c18      0x18e ./Drivers/STM32F4xx_HAL_Driver/Src/stm32f4xx_hal_tim.o
                0x08008c18                HAL_TIM_ConfigClockSource
 .text.HAL_TIM_PeriodElapsedCallback
                0x08008da6       0x14 ./Drivers/STM32F4xx_HAL_Driver/Src/stm32f4xx_hal_tim.o
                0x08008da6                HAL_TIM_PeriodElapsedCallback
 .text.HAL_TIM_OC_DelayElapsedCallback
                0x08008dba       0x14 ./Drivers/STM32F4xx_HAL_Driver/Src/stm32f4xx_hal_tim.o
                0x08008dba                HAL_TIM_OC_DelayElapsedCallback
 .text.HAL_TIM_IC_CaptureCallback
                0x08008dce       0x14 ./Drivers/STM32F4xx_HAL_Driver/Src/stm32f4xx_hal_tim.o
                0x08008dce                HAL_TIM_IC_CaptureCallback
 .text.HAL_TIM_PWM_PulseFinishedCallback
                0x08008de2       0x14 ./Drivers/STM32F4xx_HAL_Driver/Src/stm32f4xx_hal_tim.o
                0x08008de2                HAL_TIM_PWM_PulseFinishedCallback
 .text.HAL_TIM_TriggerCallback
                0x08008df6       0x14 ./Drivers/STM32F4xx_HAL_Driver/Src/stm32f4xx_hal_tim.o
                0x08008df6                HAL_TIM_TriggerCallback
 *fill*         0x08008e0a        0x2 
 .text.TIM_Base_SetConfig
                0x08008e0c      0x158 ./Drivers/STM32F4xx_HAL_Driver/Src/stm32f4xx_hal_tim.o
                0x08008e0c                TIM_Base_SetConfig
 .text.TIM_OC1_SetConfig
                0x08008f64       0xe0 ./Drivers/STM32F4xx_HAL_Driver/Src/stm32f4xx_hal_tim.o
 .text.TIM_OC2_SetConfig
                0x08009044       0xec ./Drivers/STM32F4xx_HAL_Driver/Src/stm32f4xx_hal_tim.o
                0x08009044                TIM_OC2_SetConfig
 .text.TIM_OC3_SetConfig
                0x08009130       0xe8 ./Drivers/STM32F4xx_HAL_Driver/Src/stm32f4xx_hal_tim.o
 .text.TIM_OC4_SetConfig
                0x08009218       0xac ./Drivers/STM32F4xx_HAL_Driver/Src/stm32f4xx_hal_tim.o
 .text.TIM_TI1_ConfigInputStage
                0x080092c4       0x5e ./Drivers/STM32F4xx_HAL_Driver/Src/stm32f4xx_hal_tim.o
 .text.TIM_TI2_ConfigInputStage
                0x08009322       0x60 ./Drivers/STM32F4xx_HAL_Driver/Src/stm32f4xx_hal_tim.o
 .text.TIM_ITRx_SetConfig
                0x08009382       0x36 ./Drivers/STM32F4xx_HAL_Driver/Src/stm32f4xx_hal_tim.o
 .text.TIM_ETR_SetConfig
                0x080093b8       0x40 ./Drivers/STM32F4xx_HAL_Driver/Src/stm32f4xx_hal_tim.o
                0x080093b8                TIM_ETR_SetConfig
 .text.TIM_CCxChannelCmd
                0x080093f8       0x4a ./Drivers/STM32F4xx_HAL_Driver/Src/stm32f4xx_hal_tim.o
                0x080093f8                TIM_CCxChannelCmd
 *fill*         0x08009442        0x2 
 .text.HAL_TIMEx_MasterConfigSynchronization
                0x08009444       0xf8 ./Drivers/STM32F4xx_HAL_Driver/Src/stm32f4xx_hal_tim_ex.o
                0x08009444                HAL_TIMEx_MasterConfigSynchronization
 .text.HAL_TIMEx_ConfigBreakDeadTime
                0x0800953c       0xa4 ./Drivers/STM32F4xx_HAL_Driver/Src/stm32f4xx_hal_tim_ex.o
                0x0800953c                HAL_TIMEx_ConfigBreakDeadTime
 .text.HAL_TIMEx_CommutCallback
                0x080095e0       0x14 ./Drivers/STM32F4xx_HAL_Driver/Src/stm32f4xx_hal_tim_ex.o
                0x080095e0                HAL_TIMEx_CommutCallback
 .text.HAL_TIMEx_BreakCallback
                0x080095f4       0x14 ./Drivers/STM32F4xx_HAL_Driver/Src/stm32f4xx_hal_tim_ex.o
                0x080095f4                HAL_TIMEx_BreakCallback
 .text.HAL_UART_Init
                0x08009608       0xa0 ./Drivers/STM32F4xx_HAL_Driver/Src/stm32f4xx_hal_uart.o
                0x08009608                HAL_UART_Init
 .text.HAL_UART_Transmit
                0x080096a8      0x116 ./Drivers/STM32F4xx_HAL_Driver/Src/stm32f4xx_hal_uart.o
                0x080096a8                HAL_UART_Transmit
 .text.UART_WaitOnFlagUntilTimeout
                0x080097be       0xb2 ./Drivers/STM32F4xx_HAL_Driver/Src/stm32f4xx_hal_uart.o
 .text.UART_EndRxTransfer
                0x08009870       0xc6 ./Drivers/STM32F4xx_HAL_Driver/Src/stm32f4xx_hal_uart.o
 *fill*         0x08009936        0x2 
 .text.UART_SetConfig
                0x08009938      0x4e8 ./Drivers/STM32F4xx_HAL_Driver/Src/stm32f4xx_hal_uart.o
 .text.USB_CoreInit
                0x08009e20       0xc8 ./Drivers/STM32F4xx_HAL_Driver/Src/stm32f4xx_ll_usb.o
                0x08009e20                USB_CoreInit
 .text.USB_EnableGlobalInt
                0x08009ee8       0x22 ./Drivers/STM32F4xx_HAL_Driver/Src/stm32f4xx_ll_usb.o
                0x08009ee8                USB_EnableGlobalInt
 .text.USB_DisableGlobalInt
                0x08009f0a       0x22 ./Drivers/STM32F4xx_HAL_Driver/Src/stm32f4xx_ll_usb.o
                0x08009f0a                USB_DisableGlobalInt
 .text.USB_SetCurrentMode
                0x08009f2c       0x98 ./Drivers/STM32F4xx_HAL_Driver/Src/stm32f4xx_ll_usb.o
                0x08009f2c                USB_SetCurrentMode
 .text.USB_FlushTxFifo
                0x08009fc4       0x64 ./Drivers/STM32F4xx_HAL_Driver/Src/stm32f4xx_ll_usb.o
                0x08009fc4                USB_FlushTxFifo
 .text.USB_FlushRxFifo
                0x0800a028       0x5c ./Drivers/STM32F4xx_HAL_Driver/Src/stm32f4xx_ll_usb.o
                0x0800a028                USB_FlushRxFifo
 .text.USB_WritePacket
                0x0800a084       0x7c ./Drivers/STM32F4xx_HAL_Driver/Src/stm32f4xx_ll_usb.o
                0x0800a084                USB_WritePacket
 .text.USB_ReadPacket
                0x0800a100       0xb0 ./Drivers/STM32F4xx_HAL_Driver/Src/stm32f4xx_ll_usb.o
                0x0800a100                USB_ReadPacket
 .text.USB_ReadInterrupts
                0x0800a1b0       0x26 ./Drivers/STM32F4xx_HAL_Driver/Src/stm32f4xx_ll_usb.o
                0x0800a1b0                USB_ReadInterrupts
 .text.USB_ReadChInterrupts
                0x0800a1d6       0x42 ./Drivers/STM32F4xx_HAL_Driver/Src/stm32f4xx_ll_usb.o
                0x0800a1d6                USB_ReadChInterrupts
 .text.USB_GetMode
                0x0800a218       0x1c ./Drivers/STM32F4xx_HAL_Driver/Src/stm32f4xx_ll_usb.o
                0x0800a218                USB_GetMode
 .text.USB_CoreReset
                0x0800a234       0x62 ./Drivers/STM32F4xx_HAL_Driver/Src/stm32f4xx_ll_usb.o
 *fill*         0x0800a296        0x2 
 .text.USB_HostInit
                0x0800a298      0x188 ./Drivers/STM32F4xx_HAL_Driver/Src/stm32f4xx_ll_usb.o
                0x0800a298                USB_HostInit
 .text.USB_InitFSLSPClkSel
                0x0800a420       0x7a ./Drivers/STM32F4xx_HAL_Driver/Src/stm32f4xx_ll_usb.o
                0x0800a420                USB_InitFSLSPClkSel
 .text.USB_ResetPort
                0x0800a49a       0x54 ./Drivers/STM32F4xx_HAL_Driver/Src/stm32f4xx_ll_usb.o
                0x0800a49a                USB_ResetPort
 .text.USB_DriveVbus
                0x0800a4ee       0x72 ./Drivers/STM32F4xx_HAL_Driver/Src/stm32f4xx_ll_usb.o
                0x0800a4ee                USB_DriveVbus
 .text.USB_GetHostSpeed
                0x0800a560       0x2e ./Drivers/STM32F4xx_HAL_Driver/Src/stm32f4xx_ll_usb.o
                0x0800a560                USB_GetHostSpeed
 .text.USB_GetCurrentFrame
                0x0800a58e       0x22 ./Drivers/STM32F4xx_HAL_Driver/Src/stm32f4xx_ll_usb.o
                0x0800a58e                USB_GetCurrentFrame
 .text.USB_HC_Init
                0x0800a5b0      0x258 ./Drivers/STM32F4xx_HAL_Driver/Src/stm32f4xx_ll_usb.o
                0x0800a5b0                USB_HC_Init
 .text.USB_HC_StartXfer
                0x0800a808      0x4f4 ./Drivers/STM32F4xx_HAL_Driver/Src/stm32f4xx_ll_usb.o
                0x0800a808                USB_HC_StartXfer
 .text.USB_HC_ReadInterrupt
                0x0800acfc       0x22 ./Drivers/STM32F4xx_HAL_Driver/Src/stm32f4xx_ll_usb.o
                0x0800acfc                USB_HC_ReadInterrupt
 .text.USB_HC_Halt
                0x0800ad1e      0x240 ./Drivers/STM32F4xx_HAL_Driver/Src/stm32f4xx_ll_usb.o
                0x0800ad1e                USB_HC_Halt
 *fill*         0x0800af5e        0x2 
 .text.USB_DoPing
                0x0800af60       0x78 ./Drivers/STM32F4xx_HAL_Driver/Src/stm32f4xx_ll_usb.o
                0x0800af60                USB_DoPing
 .text.USB_StopHost
                0x0800afd8      0x124 ./Drivers/STM32F4xx_HAL_Driver/Src/stm32f4xx_ll_usb.o
                0x0800afd8                USB_StopHost
 .text.USBH_HID_InterfaceInit
                0x0800b0fc      0x288 ./Middlewares/ST/STM32_USB_Host_Library/Class/HID/Src/usbh_hid.o
 .text.USBH_HID_InterfaceDeInit
                0x0800b384       0x8c ./Middlewares/ST/STM32_USB_Host_Library/Class/HID/Src/usbh_hid.o
 .text.USBH_HID_ClassRequest
                0x0800b410       0xfc ./Middlewares/ST/STM32_USB_Host_Library/Class/HID/Src/usbh_hid.o
 .text.USBH_HID_Process
                0x0800b50c      0x1a4 ./Middlewares/ST/STM32_USB_Host_Library/Class/HID/Src/usbh_hid.o
 .text.USBH_HID_SOFProcess
                0x0800b6b0       0x42 ./Middlewares/ST/STM32_USB_Host_Library/Class/HID/Src/usbh_hid.o
 .text.USBH_HID_GetHIDReportDescriptor
                0x0800b6f2       0x3e ./Middlewares/ST/STM32_USB_Host_Library/Class/HID/Src/usbh_hid.o
                0x0800b6f2                USBH_HID_GetHIDReportDescriptor
 .text.USBH_HID_SetIdle
                0x0800b730       0x50 ./Middlewares/ST/STM32_USB_Host_Library/Class/HID/Src/usbh_hid.o
                0x0800b730                USBH_HID_SetIdle
 .text.USBH_HID_GetReport
                0x0800b780       0x58 ./Middlewares/ST/STM32_USB_Host_Library/Class/HID/Src/usbh_hid.o
                0x0800b780                USBH_HID_GetReport
 .text.USBH_HID_SetProtocol
                0x0800b7d8       0x4c ./Middlewares/ST/STM32_USB_Host_Library/Class/HID/Src/usbh_hid.o
                0x0800b7d8                USBH_HID_SetProtocol
 .text.USBH_HID_ParseHIDDesc
                0x0800b824       0xb6 ./Middlewares/ST/STM32_USB_Host_Library/Class/HID/Src/usbh_hid.o
 .text.USBH_HID_GetDeviceType
                0x0800b8da       0x54 ./Middlewares/ST/STM32_USB_Host_Library/Class/HID/Src/usbh_hid.o
                0x0800b8da                USBH_HID_GetDeviceType
 .text.USBH_HID_FifoInit
                0x0800b92e       0x38 ./Middlewares/ST/STM32_USB_Host_Library/Class/HID/Src/usbh_hid.o
                0x0800b92e                USBH_HID_FifoInit
 .text.USBH_HID_FifoRead
                0x0800b966       0x92 ./Middlewares/ST/STM32_USB_Host_Library/Class/HID/Src/usbh_hid.o
                0x0800b966                USBH_HID_FifoRead
 .text.USBH_HID_FifoWrite
                0x0800b9f8       0xa8 ./Middlewares/ST/STM32_USB_Host_Library/Class/HID/Src/usbh_hid.o
                0x0800b9f8                USBH_HID_FifoWrite
 .text.USBH_HID_KeybdInit
                0x0800baa0       0xa8 ./Middlewares/ST/STM32_USB_Host_Library/Class/HID/Src/usbh_hid_keybd.o
                0x0800baa0                USBH_HID_KeybdInit
 .text.USBH_HID_GetKeybdInfo
                0x0800bb48       0x28 ./Middlewares/ST/STM32_USB_Host_Library/Class/HID/Src/usbh_hid_keybd.o
                0x0800bb48                USBH_HID_GetKeybdInfo
 .text.USBH_HID_KeybdDecode
                0x0800bb70      0x128 ./Middlewares/ST/STM32_USB_Host_Library/Class/HID/Src/usbh_hid_keybd.o
 .text.USBH_HID_GetASCIICode
                0x0800bc98       0x58 ./Middlewares/ST/STM32_USB_Host_Library/Class/HID/Src/usbh_hid_keybd.o
                0x0800bc98                USBH_HID_GetASCIICode
 .text.USBH_HID_MouseInit
                0x0800bcf0       0x94 ./Middlewares/ST/STM32_USB_Host_Library/Class/HID/Src/usbh_hid_mouse.o
                0x0800bcf0                USBH_HID_MouseInit
 .text.HID_ReadItem
                0x0800bd84      0x134 ./Middlewares/ST/STM32_USB_Host_Library/Class/HID/Src/usbh_hid_parser.o
                0x0800bd84                HID_ReadItem
 .text.USBH_Init
                0x0800beb8       0x74 ./Middlewares/ST/STM32_USB_Host_Library/Core/Src/usbh_core.o
                0x0800beb8                USBH_Init
 .text.DeInitStateMachine
                0x0800bf2c       0xe6 ./Middlewares/ST/STM32_USB_Host_Library/Core/Src/usbh_core.o
 .text.USBH_RegisterClass
                0x0800c012       0x54 ./Middlewares/ST/STM32_USB_Host_Library/Core/Src/usbh_core.o
                0x0800c012                USBH_RegisterClass
 .text.USBH_SelectInterface
                0x0800c066       0x38 ./Middlewares/ST/STM32_USB_Host_Library/Core/Src/usbh_core.o
                0x0800c066                USBH_SelectInterface
 .text.USBH_FindInterface
                0x0800c09e       0x8c ./Middlewares/ST/STM32_USB_Host_Library/Core/Src/usbh_core.o
                0x0800c09e                USBH_FindInterface
 .text.USBH_Start
                0x0800c12a       0x20 ./Middlewares/ST/STM32_USB_Host_Library/Core/Src/usbh_core.o
                0x0800c12a                USBH_Start
 *fill*         0x0800c14a        0x2 
 .text.USBH_Process
                0x0800c14c      0x3d0 ./Middlewares/ST/STM32_USB_Host_Library/Core/Src/usbh_core.o
                0x0800c14c                USBH_Process
 .text.USBH_HandleEnum
                0x0800c51c      0x3c0 ./Middlewares/ST/STM32_USB_Host_Library/Core/Src/usbh_core.o
 .text.USBH_LL_SetTimer
                0x0800c8dc       0x1e ./Middlewares/ST/STM32_USB_Host_Library/Core/Src/usbh_core.o
                0x0800c8dc                USBH_LL_SetTimer
 .text.USBH_LL_IncTimer
                0x0800c8fa       0x24 ./Middlewares/ST/STM32_USB_Host_Library/Core/Src/usbh_core.o
                0x0800c8fa                USBH_LL_IncTimer
 .text.USBH_HandleSof
                0x0800c91e       0x30 ./Middlewares/ST/STM32_USB_Host_Library/Core/Src/usbh_core.o
 .text.USBH_LL_PortEnabled
                0x0800c94e       0x1c ./Middlewares/ST/STM32_USB_Host_Library/Core/Src/usbh_core.o
                0x0800c94e                USBH_LL_PortEnabled
 .text.USBH_LL_PortDisabled
                0x0800c96a       0x1c ./Middlewares/ST/STM32_USB_Host_Library/Core/Src/usbh_core.o
                0x0800c96a                USBH_LL_PortDisabled
 .text.USBH_LL_Connect
                0x0800c986       0x2e ./Middlewares/ST/STM32_USB_Host_Library/Core/Src/usbh_core.o
                0x0800c986                USBH_LL_Connect
 .text.USBH_LL_Disconnect
                0x0800c9b4       0x48 ./Middlewares/ST/STM32_USB_Host_Library/Core/Src/usbh_core.o
                0x0800c9b4                USBH_LL_Disconnect
 .text.USBH_Get_DevDesc
                0x0800c9fc       0x58 ./Middlewares/ST/STM32_USB_Host_Library/Core/Src/usbh_ctlreq.o
                0x0800c9fc                USBH_Get_DevDesc
 .text.USBH_Get_CfgDesc
                0x0800ca54       0x54 ./Middlewares/ST/STM32_USB_Host_Library/Core/Src/usbh_ctlreq.o
                0x0800ca54                USBH_Get_CfgDesc
 .text.USBH_Get_StringDesc
                0x0800caa8       0x68 ./Middlewares/ST/STM32_USB_Host_Library/Core/Src/usbh_ctlreq.o
                0x0800caa8                USBH_Get_StringDesc
 .text.USBH_GetDescriptor
                0x0800cb10       0x6a ./Middlewares/ST/STM32_USB_Host_Library/Core/Src/usbh_ctlreq.o
                0x0800cb10                USBH_GetDescriptor
 .text.USBH_SetAddress
                0x0800cb7a       0x48 ./Middlewares/ST/STM32_USB_Host_Library/Core/Src/usbh_ctlreq.o
                0x0800cb7a                USBH_SetAddress
 .text.USBH_SetCfg
                0x0800cbc2       0x46 ./Middlewares/ST/STM32_USB_Host_Library/Core/Src/usbh_ctlreq.o
                0x0800cbc2                USBH_SetCfg
 .text.USBH_SetFeature
                0x0800cc08       0x48 ./Middlewares/ST/STM32_USB_Host_Library/Core/Src/usbh_ctlreq.o
                0x0800cc08                USBH_SetFeature
 .text.USBH_ClrFeature
                0x0800cc50       0x48 ./Middlewares/ST/STM32_USB_Host_Library/Core/Src/usbh_ctlreq.o
                0x0800cc50                USBH_ClrFeature
 .text.USBH_ParseDevDesc
                0x0800cc98      0x160 ./Middlewares/ST/STM32_USB_Host_Library/Core/Src/usbh_ctlreq.o
 .text.USBH_ParseCfgDesc
                0x0800cdf8      0x1f0 ./Middlewares/ST/STM32_USB_Host_Library/Core/Src/usbh_ctlreq.o
 .text.USBH_ParseInterfaceDesc
                0x0800cfe8       0x68 ./Middlewares/ST/STM32_USB_Host_Library/Core/Src/usbh_ctlreq.o
 .text.USBH_ParseEPDesc
                0x0800d050      0x1d0 ./Middlewares/ST/STM32_USB_Host_Library/Core/Src/usbh_ctlreq.o
 .text.USBH_ParseStringDesc
                0x0800d220       0x66 ./Middlewares/ST/STM32_USB_Host_Library/Core/Src/usbh_ctlreq.o
 .text.USBH_GetNextDesc
                0x0800d286       0x34 ./Middlewares/ST/STM32_USB_Host_Library/Core/Src/usbh_ctlreq.o
                0x0800d286                USBH_GetNextDesc
 .text.USBH_CtlReq
                0x0800d2ba       0x7a ./Middlewares/ST/STM32_USB_Host_Library/Core/Src/usbh_ctlreq.o
                0x0800d2ba                USBH_CtlReq
 .text.USBH_HandleControl
                0x0800d334      0x2e8 ./Middlewares/ST/STM32_USB_Host_Library/Core/Src/usbh_ctlreq.o
 .text.USBH_CtlSendSetup
                0x0800d61c       0x34 ./Middlewares/ST/STM32_USB_Host_Library/Core/Src/usbh_ioreq.o
                0x0800d61c                USBH_CtlSendSetup
 .text.USBH_CtlSendData
                0x0800d650       0x4a ./Middlewares/ST/STM32_USB_Host_Library/Core/Src/usbh_ioreq.o
                0x0800d650                USBH_CtlSendData
 .text.USBH_CtlReceiveData
                0x0800d69a       0x3c ./Middlewares/ST/STM32_USB_Host_Library/Core/Src/usbh_ioreq.o
                0x0800d69a                USBH_CtlReceiveData
 .text.USBH_InterruptReceiveData
                0x0800d6d6       0x3e ./Middlewares/ST/STM32_USB_Host_Library/Core/Src/usbh_ioreq.o
                0x0800d6d6                USBH_InterruptReceiveData
 .text.USBH_OpenPipe
                0x0800d714       0x3e ./Middlewares/ST/STM32_USB_Host_Library/Core/Src/usbh_pipes.o
                0x0800d714                USBH_OpenPipe
 .text.USBH_ClosePipe
                0x0800d752       0x20 ./Middlewares/ST/STM32_USB_Host_Library/Core/Src/usbh_pipes.o
                0x0800d752                USBH_ClosePipe
 .text.USBH_AllocPipe
                0x0800d772       0x42 ./Middlewares/ST/STM32_USB_Host_Library/Core/Src/usbh_pipes.o
                0x0800d772                USBH_AllocPipe
 .text.USBH_FreePipe
                0x0800d7b4       0x3c ./Middlewares/ST/STM32_USB_Host_Library/Core/Src/usbh_pipes.o
                0x0800d7b4                USBH_FreePipe
 .text.USBH_GetFreePipe
                0x0800d7f0       0x48 ./Middlewares/ST/STM32_USB_Host_Library/Core/Src/usbh_pipes.o
 .text.MX_USB_HOST_Init
                0x0800d838       0x4c ./USB_HOST/App/usb_host.o
                0x0800d838                MX_USB_HOST_Init
 .text.MX_USB_HOST_Process
                0x0800d884       0x14 ./USB_HOST/App/usb_host.o
                0x0800d884                MX_USB_HOST_Process
 .text.USBH_UserProcess
                0x0800d898       0x5c ./USB_HOST/App/usb_host.o
 .text.HAL_HCD_MspInit
                0x0800d8f4       0xc4 ./USB_HOST/Target/usbh_conf.o
                0x0800d8f4                HAL_HCD_MspInit
 .text.HAL_HCD_SOF_Callback
                0x0800d9b8       0x1c ./USB_HOST/Target/usbh_conf.o
                0x0800d9b8                HAL_HCD_SOF_Callback
 .text.HAL_HCD_Connect_Callback
                0x0800d9d4       0x1c ./USB_HOST/Target/usbh_conf.o
                0x0800d9d4                HAL_HCD_Connect_Callback
 .text.HAL_HCD_Disconnect_Callback
                0x0800d9f0       0x1c ./USB_HOST/Target/usbh_conf.o
                0x0800d9f0                HAL_HCD_Disconnect_Callback
 .text.HAL_HCD_HC_NotifyURBChange_Callback
                0x0800da0c       0x1c ./USB_HOST/Target/usbh_conf.o
                0x0800da0c                HAL_HCD_HC_NotifyURBChange_Callback
 .text.HAL_HCD_PortEnabled_Callback
                0x0800da28       0x1c ./USB_HOST/Target/usbh_conf.o
                0x0800da28                HAL_HCD_PortEnabled_Callback
 .text.HAL_HCD_PortDisabled_Callback
                0x0800da44       0x1c ./USB_HOST/Target/usbh_conf.o
                0x0800da44                HAL_HCD_PortDisabled_Callback
 .text.USBH_LL_Init
                0x0800da60       0x78 ./USB_HOST/Target/usbh_conf.o
                0x0800da60                USBH_LL_Init
 .text.USBH_LL_Start
                0x0800dad8       0x36 ./USB_HOST/Target/usbh_conf.o
                0x0800dad8                USBH_LL_Start
 .text.USBH_LL_Stop
                0x0800db0e       0x36 ./USB_HOST/Target/usbh_conf.o
                0x0800db0e                USBH_LL_Stop
 .text.USBH_LL_GetSpeed
                0x0800db44       0x4e ./USB_HOST/Target/usbh_conf.o
                0x0800db44                USBH_LL_GetSpeed
 .text.USBH_LL_ResetPort
                0x0800db92       0x36 ./USB_HOST/Target/usbh_conf.o
                0x0800db92                USBH_LL_ResetPort
 .text.USBH_LL_GetLastXferSize
                0x0800dbc8       0x26 ./USB_HOST/Target/usbh_conf.o
                0x0800dbc8                USBH_LL_GetLastXferSize
 .text.USBH_LL_OpenPipe
                0x0800dbee       0x5e ./USB_HOST/Target/usbh_conf.o
                0x0800dbee                USBH_LL_OpenPipe
 .text.USBH_LL_ClosePipe
                0x0800dc4c       0x3e ./USB_HOST/Target/usbh_conf.o
                0x0800dc4c                USBH_LL_ClosePipe
 .text.USBH_LL_SubmitURB
                0x0800dc8a       0x62 ./USB_HOST/Target/usbh_conf.o
                0x0800dc8a                USBH_LL_SubmitURB
 .text.USBH_LL_GetURBState
                0x0800dcec       0x26 ./USB_HOST/Target/usbh_conf.o
                0x0800dcec                USBH_LL_GetURBState
 .text.USBH_LL_DriverVBUS
                0x0800dd12       0x2e ./USB_HOST/Target/usbh_conf.o
                0x0800dd12                USBH_LL_DriverVBUS
 .text.USBH_LL_SetToggle
                0x0800dd40       0x66 ./USB_HOST/Target/usbh_conf.o
                0x0800dd40                USBH_LL_SetToggle
 .text.USBH_Delay
                0x0800dda6       0x16 ./USB_HOST/Target/usbh_conf.o
                0x0800dda6                USBH_Delay
 .text.USBH_Get_USB_Status
                0x0800ddbc       0x58 ./USB_HOST/Target/usbh_conf.o
                0x0800ddbc                USBH_Get_USB_Status
 .text.MX_DriverVbusFS
                0x0800de14       0x38 ./USB_HOST/Target/usbh_platform.o
                0x0800de14                MX_DriverVbusFS
 .text.Send_TO_BLE
                0x0800de4c      0x15c ./USER/SRC/BLE.o
                0x0800de4c                Send_TO_BLE
 .text.ExtractDATA
                0x0800dfa8      0x138 ./USER/SRC/BLE.o
                0x0800dfa8                ExtractDATA
 .text.USBH_HID_EventCallback
                0x0800e0e0       0x3c ./USER/SRC/Barcode.o
                0x0800e0e0                USBH_HID_EventCallback
 .text.process_id
                0x0800e11c       0x74 ./USER/SRC/Barcode.o
                0x0800e11c                process_id
 .text.capture_and_send_data
                0x0800e190      0x168 ./USER/SRC/Calculation.o
                0x0800e190                capture_and_send_data
 .text.FindLastBilResultIndex
                0x0800e2f8       0x7c ./USER/SRC/Flash.o
                0x0800e2f8                FindLastBilResultIndex
 .text.SaveBilResultToFlash
                0x0800e374      0x1d8 ./USER/SRC/Flash.o
                0x0800e374                SaveBilResultToFlash
 .text.ReadBilResultsFromFlash
                0x0800e54c       0x62 ./USER/SRC/Flash.o
                0x0800e54c                ReadBilResultsFromFlash
 .text.EraseFlashSector
                0x0800e5ae       0x3c ./USER/SRC/Flash.o
                0x0800e5ae                EraseFlashSector
 *fill*         0x0800e5ea        0x2 
 .text.GetSectorAddress
                0x0800e5ec       0x78 ./USER/SRC/Flash.o
                0x0800e5ec                GetSectorAddress
 .text.LCD      0x0800e664       0x10 ./USER/SRC/LCD.o
                0x0800e664                LCD
 .text.LCD_DisplayMenu
                0x0800e674      0x6b8 ./USER/SRC/LCD.o
                0x0800e674                LCD_DisplayMenu
 .text.LCD_HandleButtonPress
                0x0800ed2c      0x1f4 ./USER/SRC/LCD.o
                0x0800ed2c                LCD_HandleButtonPress
 .text.HighlightNumber
                0x0800ef20       0x68 ./USER/SRC/LCD.o
                0x0800ef20                HighlightNumber
 .text.EditRTC  0x0800ef88      0x4e4 ./USER/SRC/LCD.o
                0x0800ef88                EditRTC
 *fill*         0x0800f46c        0x4 
 .text.BatteryPercentage
                0x0800f470      0x108 ./USER/SRC/LCD.o
                0x0800f470                BatteryPercentage
 .text.CalculateBatteryPercentage
                0x0800f578       0xb8 ./USER/SRC/LCD.o
                0x0800f578                CalculateBatteryPercentage
 .text.CalculateAverage
                0x0800f630       0x62 ./USER/SRC/LCD.o
                0x0800f630                CalculateAverage
 *fill*         0x0800f692        0x2 
 .text.DisplayPercentage
                0x0800f694      0x128 ./USER/SRC/LCD.o
                0x0800f694                DisplayPercentage
 .text.GetBatteryIcon
                0x0800f7bc       0x74 ./USER/SRC/LCD.o
                0x0800f7bc                GetBatteryIcon
 .text.TIM1_TRG_COM_TIM11_IRQHandler
                0x0800f830       0x28 ./USER/SRC/LCD.o
                0x0800f830                TIM1_TRG_COM_TIM11_IRQHandler
 .text.LCD_UpdateMenu
                0x0800f858        0xc ./USER/SRC/LCD.o
                0x0800f858                LCD_UpdateMenu
 .text.MeasureAverage
                0x0800f864       0x74 ./USER/SRC/LCD.o
                0x0800f864                MeasureAverage
 .text.LCD_Reset
                0x0800f8d8       0x9c ./USER/SRC/LCD.o
                0x0800f8d8                LCD_Reset
 .text.DoesTestComplete
                0x0800f974       0x84 ./USER/SRC/LCD.o
                0x0800f974                DoesTestComplete
 .text.decToBcd
                0x0800f9f8       0x4c ./USER/SRC/RTC.o
                0x0800f9f8                decToBcd
 .text.bcdToDec
                0x0800fa44       0x30 ./USER/SRC/RTC.o
                0x0800fa44                bcdToDec
 .text.RTC_Init
                0x0800fa74       0x28 ./USER/SRC/RTC.o
                0x0800fa74                RTC_Init
 .text.RTC_SetTime
                0x0800fa9c       0x9c ./USER/SRC/RTC.o
                0x0800fa9c                RTC_SetTime
 .text.RTC_GetTime
                0x0800fb38       0xc4 ./USER/SRC/RTC.o
                0x0800fb38                RTC_GetTime
 .text.RTC_DisplayTime
                0x0800fbfc       0xd8 ./USER/SRC/RTC.o
                0x0800fbfc                RTC_DisplayTime
 .text.spectrometer
                0x0800fcd4       0x58 ./USER/SRC/Spectrometer.o
                0x0800fcd4                spectrometer
 .text.generate_spectrometer_signals
                0x0800fd2c       0x74 ./USER/SRC/Spectrometer.o
                0x0800fd2c                generate_spectrometer_signals
 .text.EXTI4_IRQHandler
                0x0800fda0        0xe ./USER/SRC/Spectrometer.o
                0x0800fda0                EXTI4_IRQHandler
 *fill*         0x0800fdae        0x2 
 .text.DWT_Init
                0x0800fdb0       0x30 ./USER/SRC/Spectrometer.o
                0x0800fdb0                DWT_Init
 .text.DWT_GetSysClockFreq
                0x0800fde0       0x18 ./USER/SRC/Spectrometer.o
                0x0800fde0                DWT_GetSysClockFreq
 .text.DWT_Delay
                0x0800fdf8       0x48 ./USER/SRC/Spectrometer.o
                0x0800fdf8                DWT_Delay
 .text.__NVIC_EnableIRQ
                0x0800fe40       0x3c ./USER/SRC/System.o
 .text.systemLoop
                0x0800fe7c       0x14 ./USER/SRC/System.o
                0x0800fe7c                systemLoop
 .text.systemSetup
                0x0800fe90       0x1c ./USER/SRC/System.o
                0x0800fe90                systemSetup
 .text.SpectrometerSetup
                0x0800feac       0x48 ./USER/SRC/System.o
                0x0800feac                SpectrometerSetup
 .text.LCD_Setup
                0x0800fef4       0x40 ./USER/SRC/System.o
                0x0800fef4                LCD_Setup
 .text.USB_Setup
                0x0800ff34       0x18 ./USER/SRC/System.o
                0x0800ff34                USB_Setup
 .text.FLASH_Setup
                0x0800ff4c        0xc ./USER/SRC/System.o
                0x0800ff4c                FLASH_Setup
 .text.BatteryLevelFilterInit
                0x0800ff58       0x48 ./USER/SRC/System.o
                0x0800ff58                BatteryLevelFilterInit
 .text.TIM11_Init
                0x0800ffa0       0x54 ./USER/SRC/System.o
                0x0800ffa0                TIM11_Init
 .text.EXTI9_5_IRQHandler
                0x0800fff4       0x10 ./USER/SRC/System.o
                0x0800fff4                EXTI9_5_IRQHandler
 .text.HAL_GPIO_EXTI_Callback
                0x08010004       0x50 ./USER/SRC/System.o
                0x08010004                HAL_GPIO_EXTI_Callback
 .text.malloc   0x08010054       0x10 C:/ST/STM32CubeIDE_1.15.0/STM32CubeIDE/plugins/com.st.stm32cube.ide.mcu.externaltools.gnu-tools-for-stm32.12.3.rel1.win32_1.0.200.202406191623/tools/bin/../lib/gcc/arm-none-eabi/12.3.1/../../../../arm-none-eabi/lib/thumb/v7e-m+fp/hard\libc_nano.a(libc_a-malloc.o)
                0x08010054                malloc
 .text.free     0x08010064       0x10 C:/ST/STM32CubeIDE_1.15.0/STM32CubeIDE/plugins/com.st.stm32cube.ide.mcu.externaltools.gnu-tools-for-stm32.12.3.rel1.win32_1.0.200.202406191623/tools/bin/../lib/gcc/arm-none-eabi/12.3.1/../../../../arm-none-eabi/lib/thumb/v7e-m+fp/hard\libc_nano.a(libc_a-malloc.o)
                0x08010064                free
 .text.sbrk_aligned
                0x08010074       0x44 C:/ST/STM32CubeIDE_1.15.0/STM32CubeIDE/plugins/com.st.stm32cube.ide.mcu.externaltools.gnu-tools-for-stm32.12.3.rel1.win32_1.0.200.202406191623/tools/bin/../lib/gcc/arm-none-eabi/12.3.1/../../../../arm-none-eabi/lib/thumb/v7e-m+fp/hard\libc_nano.a(libc_a-mallocr.o)
 .text._malloc_r
                0x080100b8      0x100 C:/ST/STM32CubeIDE_1.15.0/STM32CubeIDE/plugins/com.st.stm32cube.ide.mcu.externaltools.gnu-tools-for-stm32.12.3.rel1.win32_1.0.200.202406191623/tools/bin/../lib/gcc/arm-none-eabi/12.3.1/../../../../arm-none-eabi/lib/thumb/v7e-m+fp/hard\libc_nano.a(libc_a-mallocr.o)
                0x080100b8                _malloc_r
 .text.__malloc_lock
                0x080101b8        0xc C:/ST/STM32CubeIDE_1.15.0/STM32CubeIDE/plugins/com.st.stm32cube.ide.mcu.externaltools.gnu-tools-for-stm32.12.3.rel1.win32_1.0.200.202406191623/tools/bin/../lib/gcc/arm-none-eabi/12.3.1/../../../../arm-none-eabi/lib/thumb/v7e-m+fp/hard\libc_nano.a(libc_a-mlock.o)
                0x080101b8                __malloc_lock
 .text.__malloc_unlock
                0x080101c4        0xc C:/ST/STM32CubeIDE_1.15.0/STM32CubeIDE/plugins/com.st.stm32cube.ide.mcu.externaltools.gnu-tools-for-stm32.12.3.rel1.win32_1.0.200.202406191623/tools/bin/../lib/gcc/arm-none-eabi/12.3.1/../../../../arm-none-eabi/lib/thumb/v7e-m+fp/hard\libc_nano.a(libc_a-mlock.o)
                0x080101c4                __malloc_unlock
 .text.__cvt    0x080101d0       0xca C:/ST/STM32CubeIDE_1.15.0/STM32CubeIDE/plugins/com.st.stm32cube.ide.mcu.externaltools.gnu-tools-for-stm32.12.3.rel1.win32_1.0.200.202406191623/tools/bin/../lib/gcc/arm-none-eabi/12.3.1/../../../../arm-none-eabi/lib/thumb/v7e-m+fp/hard\libc_nano.a(libc_a-nano-vfprintf_float.o)
                0x080101d0                __cvt
 .text.__exponent
                0x0801029a       0x74 C:/ST/STM32CubeIDE_1.15.0/STM32CubeIDE/plugins/com.st.stm32cube.ide.mcu.externaltools.gnu-tools-for-stm32.12.3.rel1.win32_1.0.200.202406191623/tools/bin/../lib/gcc/arm-none-eabi/12.3.1/../../../../arm-none-eabi/lib/thumb/v7e-m+fp/hard\libc_nano.a(libc_a-nano-vfprintf_float.o)
                0x0801029a                __exponent
 *fill*         0x0801030e        0x2 
 .text._printf_float
                0x08010310      0x454 C:/ST/STM32CubeIDE_1.15.0/STM32CubeIDE/plugins/com.st.stm32cube.ide.mcu.externaltools.gnu-tools-for-stm32.12.3.rel1.win32_1.0.200.202406191623/tools/bin/../lib/gcc/arm-none-eabi/12.3.1/../../../../arm-none-eabi/lib/thumb/v7e-m+fp/hard\libc_nano.a(libc_a-nano-vfprintf_float.o)
                0x08010310                _printf_float
 .text._printf_common
                0x08010764       0xda C:/ST/STM32CubeIDE_1.15.0/STM32CubeIDE/plugins/com.st.stm32cube.ide.mcu.externaltools.gnu-tools-for-stm32.12.3.rel1.win32_1.0.200.202406191623/tools/bin/../lib/gcc/arm-none-eabi/12.3.1/../../../../arm-none-eabi/lib/thumb/v7e-m+fp/hard\libc_nano.a(libc_a-nano-vfprintf_i.o)
                0x08010764                _printf_common
 *fill*         0x0801083e        0x2 
 .text._printf_i
                0x08010840      0x240 C:/ST/STM32CubeIDE_1.15.0/STM32CubeIDE/plugins/com.st.stm32cube.ide.mcu.externaltools.gnu-tools-for-stm32.12.3.rel1.win32_1.0.200.202406191623/tools/bin/../lib/gcc/arm-none-eabi/12.3.1/../../../../arm-none-eabi/lib/thumb/v7e-m+fp/hard\libc_nano.a(libc_a-nano-vfprintf_i.o)
                0x08010840                _printf_i
 .text.std      0x08010a80       0x6c C:/ST/STM32CubeIDE_1.15.0/STM32CubeIDE/plugins/com.st.stm32cube.ide.mcu.externaltools.gnu-tools-for-stm32.12.3.rel1.win32_1.0.200.202406191623/tools/bin/../lib/gcc/arm-none-eabi/12.3.1/../../../../arm-none-eabi/lib/thumb/v7e-m+fp/hard\libc_nano.a(libc_a-findfp.o)
 .text.stdio_exit_handler
                0x08010aec       0x18 C:/ST/STM32CubeIDE_1.15.0/STM32CubeIDE/plugins/com.st.stm32cube.ide.mcu.externaltools.gnu-tools-for-stm32.12.3.rel1.win32_1.0.200.202406191623/tools/bin/../lib/gcc/arm-none-eabi/12.3.1/../../../../arm-none-eabi/lib/thumb/v7e-m+fp/hard\libc_nano.a(libc_a-findfp.o)
 .text.cleanup_stdio
                0x08010b04       0x40 C:/ST/STM32CubeIDE_1.15.0/STM32CubeIDE/plugins/com.st.stm32cube.ide.mcu.externaltools.gnu-tools-for-stm32.12.3.rel1.win32_1.0.200.202406191623/tools/bin/../lib/gcc/arm-none-eabi/12.3.1/../../../../arm-none-eabi/lib/thumb/v7e-m+fp/hard\libc_nano.a(libc_a-findfp.o)
 .text.global_stdio_init.part.0
                0x08010b44       0x3c C:/ST/STM32CubeIDE_1.15.0/STM32CubeIDE/plugins/com.st.stm32cube.ide.mcu.externaltools.gnu-tools-for-stm32.12.3.rel1.win32_1.0.200.202406191623/tools/bin/../lib/gcc/arm-none-eabi/12.3.1/../../../../arm-none-eabi/lib/thumb/v7e-m+fp/hard\libc_nano.a(libc_a-findfp.o)
 .text.__sfp_lock_acquire
                0x08010b80        0xc C:/ST/STM32CubeIDE_1.15.0/STM32CubeIDE/plugins/com.st.stm32cube.ide.mcu.externaltools.gnu-tools-for-stm32.12.3.rel1.win32_1.0.200.202406191623/tools/bin/../lib/gcc/arm-none-eabi/12.3.1/../../../../arm-none-eabi/lib/thumb/v7e-m+fp/hard\libc_nano.a(libc_a-findfp.o)
                0x08010b80                __sfp_lock_acquire
 .text.__sfp_lock_release
                0x08010b8c        0xc C:/ST/STM32CubeIDE_1.15.0/STM32CubeIDE/plugins/com.st.stm32cube.ide.mcu.externaltools.gnu-tools-for-stm32.12.3.rel1.win32_1.0.200.202406191623/tools/bin/../lib/gcc/arm-none-eabi/12.3.1/../../../../arm-none-eabi/lib/thumb/v7e-m+fp/hard\libc_nano.a(libc_a-findfp.o)
                0x08010b8c                __sfp_lock_release
 .text.__sinit  0x08010b98       0x30 C:/ST/STM32CubeIDE_1.15.0/STM32CubeIDE/plugins/com.st.stm32cube.ide.mcu.externaltools.gnu-tools-for-stm32.12.3.rel1.win32_1.0.200.202406191623/tools/bin/../lib/gcc/arm-none-eabi/12.3.1/../../../../arm-none-eabi/lib/thumb/v7e-m+fp/hard\libc_nano.a(libc_a-findfp.o)
                0x08010b98                __sinit
 .text._fwalk_sglue
                0x08010bc8       0x3c C:/ST/STM32CubeIDE_1.15.0/STM32CubeIDE/plugins/com.st.stm32cube.ide.mcu.externaltools.gnu-tools-for-stm32.12.3.rel1.win32_1.0.200.202406191623/tools/bin/../lib/gcc/arm-none-eabi/12.3.1/../../../../arm-none-eabi/lib/thumb/v7e-m+fp/hard\libc_nano.a(libc_a-fwalk.o)
                0x08010bc8                _fwalk_sglue
 .text.snprintf
                0x08010c04       0x68 C:/ST/STM32CubeIDE_1.15.0/STM32CubeIDE/plugins/com.st.stm32cube.ide.mcu.externaltools.gnu-tools-for-stm32.12.3.rel1.win32_1.0.200.202406191623/tools/bin/../lib/gcc/arm-none-eabi/12.3.1/../../../../arm-none-eabi/lib/thumb/v7e-m+fp/hard\libc_nano.a(libc_a-snprintf.o)
                0x08010c04                sniprintf
                0x08010c04                snprintf
 .text.__sread  0x08010c6c       0x22 C:/ST/STM32CubeIDE_1.15.0/STM32CubeIDE/plugins/com.st.stm32cube.ide.mcu.externaltools.gnu-tools-for-stm32.12.3.rel1.win32_1.0.200.202406191623/tools/bin/../lib/gcc/arm-none-eabi/12.3.1/../../../../arm-none-eabi/lib/thumb/v7e-m+fp/hard\libc_nano.a(libc_a-stdio.o)
                0x08010c6c                __sread
 .text.__swrite
                0x08010c8e       0x38 C:/ST/STM32CubeIDE_1.15.0/STM32CubeIDE/plugins/com.st.stm32cube.ide.mcu.externaltools.gnu-tools-for-stm32.12.3.rel1.win32_1.0.200.202406191623/tools/bin/../lib/gcc/arm-none-eabi/12.3.1/../../../../arm-none-eabi/lib/thumb/v7e-m+fp/hard\libc_nano.a(libc_a-stdio.o)
                0x08010c8e                __swrite
 .text.__sseek  0x08010cc6       0x24 C:/ST/STM32CubeIDE_1.15.0/STM32CubeIDE/plugins/com.st.stm32cube.ide.mcu.externaltools.gnu-tools-for-stm32.12.3.rel1.win32_1.0.200.202406191623/tools/bin/../lib/gcc/arm-none-eabi/12.3.1/../../../../arm-none-eabi/lib/thumb/v7e-m+fp/hard\libc_nano.a(libc_a-stdio.o)
                0x08010cc6                __sseek
 .text.__sclose
                0x08010cea        0x8 C:/ST/STM32CubeIDE_1.15.0/STM32CubeIDE/plugins/com.st.stm32cube.ide.mcu.externaltools.gnu-tools-for-stm32.12.3.rel1.win32_1.0.200.202406191623/tools/bin/../lib/gcc/arm-none-eabi/12.3.1/../../../../arm-none-eabi/lib/thumb/v7e-m+fp/hard\libc_nano.a(libc_a-stdio.o)
                0x08010cea                __sclose
 .text.memmove  0x08010cf2       0x34 C:/ST/STM32CubeIDE_1.15.0/STM32CubeIDE/plugins/com.st.stm32cube.ide.mcu.externaltools.gnu-tools-for-stm32.12.3.rel1.win32_1.0.200.202406191623/tools/bin/../lib/gcc/arm-none-eabi/12.3.1/../../../../arm-none-eabi/lib/thumb/v7e-m+fp/hard\libc_nano.a(libc_a-memmove.o)
                0x08010cf2                memmove
 .text.memset   0x08010d26       0x10 C:/ST/STM32CubeIDE_1.15.0/STM32CubeIDE/plugins/com.st.stm32cube.ide.mcu.externaltools.gnu-tools-for-stm32.12.3.rel1.win32_1.0.200.202406191623/tools/bin/../lib/gcc/arm-none-eabi/12.3.1/../../../../arm-none-eabi/lib/thumb/v7e-m+fp/hard\libc_nano.a(libc_a-memset.o)
                0x08010d26                memset
 .text.strncpy  0x08010d36       0x26 C:/ST/STM32CubeIDE_1.15.0/STM32CubeIDE/plugins/com.st.stm32cube.ide.mcu.externaltools.gnu-tools-for-stm32.12.3.rel1.win32_1.0.200.202406191623/tools/bin/../lib/gcc/arm-none-eabi/12.3.1/../../../../arm-none-eabi/lib/thumb/v7e-m+fp/hard\libc_nano.a(libc_a-strncpy.o)
                0x08010d36                strncpy
 .text._localeconv_r
                0x08010d5c        0x8 C:/ST/STM32CubeIDE_1.15.0/STM32CubeIDE/plugins/com.st.stm32cube.ide.mcu.externaltools.gnu-tools-for-stm32.12.3.rel1.win32_1.0.200.202406191623/tools/bin/../lib/gcc/arm-none-eabi/12.3.1/../../../../arm-none-eabi/lib/thumb/v7e-m+fp/hard\libc_nano.a(libc_a-localeconv.o)
                0x08010d5c                _localeconv_r
 .text._close_r
                0x08010d64       0x20 C:/ST/STM32CubeIDE_1.15.0/STM32CubeIDE/plugins/com.st.stm32cube.ide.mcu.externaltools.gnu-tools-for-stm32.12.3.rel1.win32_1.0.200.202406191623/tools/bin/../lib/gcc/arm-none-eabi/12.3.1/../../../../arm-none-eabi/lib/thumb/v7e-m+fp/hard\libc_nano.a(libc_a-closer.o)
                0x08010d64                _close_r
 .text._lseek_r
                0x08010d84       0x24 C:/ST/STM32CubeIDE_1.15.0/STM32CubeIDE/plugins/com.st.stm32cube.ide.mcu.externaltools.gnu-tools-for-stm32.12.3.rel1.win32_1.0.200.202406191623/tools/bin/../lib/gcc/arm-none-eabi/12.3.1/../../../../arm-none-eabi/lib/thumb/v7e-m+fp/hard\libc_nano.a(libc_a-lseekr.o)
                0x08010d84                _lseek_r
 .text._read_r  0x08010da8       0x24 C:/ST/STM32CubeIDE_1.15.0/STM32CubeIDE/plugins/com.st.stm32cube.ide.mcu.externaltools.gnu-tools-for-stm32.12.3.rel1.win32_1.0.200.202406191623/tools/bin/../lib/gcc/arm-none-eabi/12.3.1/../../../../arm-none-eabi/lib/thumb/v7e-m+fp/hard\libc_nano.a(libc_a-readr.o)
                0x08010da8                _read_r
 .text._sbrk_r  0x08010dcc       0x20 C:/ST/STM32CubeIDE_1.15.0/STM32CubeIDE/plugins/com.st.stm32cube.ide.mcu.externaltools.gnu-tools-for-stm32.12.3.rel1.win32_1.0.200.202406191623/tools/bin/../lib/gcc/arm-none-eabi/12.3.1/../../../../arm-none-eabi/lib/thumb/v7e-m+fp/hard\libc_nano.a(libc_a-sbrkr.o)
                0x08010dcc                _sbrk_r
 .text._write_r
                0x08010dec       0x24 C:/ST/STM32CubeIDE_1.15.0/STM32CubeIDE/plugins/com.st.stm32cube.ide.mcu.externaltools.gnu-tools-for-stm32.12.3.rel1.win32_1.0.200.202406191623/tools/bin/../lib/gcc/arm-none-eabi/12.3.1/../../../../arm-none-eabi/lib/thumb/v7e-m+fp/hard\libc_nano.a(libc_a-writer.o)
                0x08010dec                _write_r
 .text.__errno  0x08010e10        0xc C:/ST/STM32CubeIDE_1.15.0/STM32CubeIDE/plugins/com.st.stm32cube.ide.mcu.externaltools.gnu-tools-for-stm32.12.3.rel1.win32_1.0.200.202406191623/tools/bin/../lib/gcc/arm-none-eabi/12.3.1/../../../../arm-none-eabi/lib/thumb/v7e-m+fp/hard\libc_nano.a(libc_a-errno.o)
                0x08010e10                __errno
 .text.__libc_init_array
                0x08010e1c       0x48 C:/ST/STM32CubeIDE_1.15.0/STM32CubeIDE/plugins/com.st.stm32cube.ide.mcu.externaltools.gnu-tools-for-stm32.12.3.rel1.win32_1.0.200.202406191623/tools/bin/../lib/gcc/arm-none-eabi/12.3.1/../../../../arm-none-eabi/lib/thumb/v7e-m+fp/hard\libc_nano.a(libc_a-init.o)
                0x08010e1c                __libc_init_array
 .text.__retarget_lock_init_recursive
                0x08010e64        0x2 C:/ST/STM32CubeIDE_1.15.0/STM32CubeIDE/plugins/com.st.stm32cube.ide.mcu.externaltools.gnu-tools-for-stm32.12.3.rel1.win32_1.0.200.202406191623/tools/bin/../lib/gcc/arm-none-eabi/12.3.1/../../../../arm-none-eabi/lib/thumb/v7e-m+fp/hard\libc_nano.a(libc_a-lock.o)
                0x08010e64                __retarget_lock_init_recursive
 .text.__retarget_lock_acquire_recursive
                0x08010e66        0x2 C:/ST/STM32CubeIDE_1.15.0/STM32CubeIDE/plugins/com.st.stm32cube.ide.mcu.externaltools.gnu-tools-for-stm32.12.3.rel1.win32_1.0.200.202406191623/tools/bin/../lib/gcc/arm-none-eabi/12.3.1/../../../../arm-none-eabi/lib/thumb/v7e-m+fp/hard\libc_nano.a(libc_a-lock.o)
                0x08010e66                __retarget_lock_acquire_recursive
 .text.__retarget_lock_release_recursive
                0x08010e68        0x2 C:/ST/STM32CubeIDE_1.15.0/STM32CubeIDE/plugins/com.st.stm32cube.ide.mcu.externaltools.gnu-tools-for-stm32.12.3.rel1.win32_1.0.200.202406191623/tools/bin/../lib/gcc/arm-none-eabi/12.3.1/../../../../arm-none-eabi/lib/thumb/v7e-m+fp/hard\libc_nano.a(libc_a-lock.o)
                0x08010e68                __retarget_lock_release_recursive
 .text.strcpy   0x08010e6a       0x10 C:/ST/STM32CubeIDE_1.15.0/STM32CubeIDE/plugins/com.st.stm32cube.ide.mcu.externaltools.gnu-tools-for-stm32.12.3.rel1.win32_1.0.200.202406191623/tools/bin/../lib/gcc/arm-none-eabi/12.3.1/../../../../arm-none-eabi/lib/thumb/v7e-m+fp/hard\libc_nano.a(libc_a-strcpy.o)
                0x08010e6a                strcpy
 .text.memcpy   0x08010e7a       0x1c C:/ST/STM32CubeIDE_1.15.0/STM32CubeIDE/plugins/com.st.stm32cube.ide.mcu.externaltools.gnu-tools-for-stm32.12.3.rel1.win32_1.0.200.202406191623/tools/bin/../lib/gcc/arm-none-eabi/12.3.1/../../../../arm-none-eabi/lib/thumb/v7e-m+fp/hard\libc_nano.a(libc_a-memcpy-stub.o)
                0x08010e7a                memcpy
 .text.quorem   0x08010e96      0x110 C:/ST/STM32CubeIDE_1.15.0/STM32CubeIDE/plugins/com.st.stm32cube.ide.mcu.externaltools.gnu-tools-for-stm32.12.3.rel1.win32_1.0.200.202406191623/tools/bin/../lib/gcc/arm-none-eabi/12.3.1/../../../../arm-none-eabi/lib/thumb/v7e-m+fp/hard\libc_nano.a(libc_a-dtoa.o)
 *fill*         0x08010fa6        0x2 
 .text._dtoa_r  0x08010fa8      0xb88 C:/ST/STM32CubeIDE_1.15.0/STM32CubeIDE/plugins/com.st.stm32cube.ide.mcu.externaltools.gnu-tools-for-stm32.12.3.rel1.win32_1.0.200.202406191623/tools/bin/../lib/gcc/arm-none-eabi/12.3.1/../../../../arm-none-eabi/lib/thumb/v7e-m+fp/hard\libc_nano.a(libc_a-dtoa.o)
                0x08010fa8                _dtoa_r
 .text._free_r  0x08011b30       0x94 C:/ST/STM32CubeIDE_1.15.0/STM32CubeIDE/plugins/com.st.stm32cube.ide.mcu.externaltools.gnu-tools-for-stm32.12.3.rel1.win32_1.0.200.202406191623/tools/bin/../lib/gcc/arm-none-eabi/12.3.1/../../../../arm-none-eabi/lib/thumb/v7e-m+fp/hard\libc_nano.a(libc_a-freer.o)
                0x08011b30                _free_r
 .text._Balloc  0x08011bc4       0x80 C:/ST/STM32CubeIDE_1.15.0/STM32CubeIDE/plugins/com.st.stm32cube.ide.mcu.externaltools.gnu-tools-for-stm32.12.3.rel1.win32_1.0.200.202406191623/tools/bin/../lib/gcc/arm-none-eabi/12.3.1/../../../../arm-none-eabi/lib/thumb/v7e-m+fp/hard\libc_nano.a(libc_a-mprec.o)
                0x08011bc4                _Balloc
 .text._Bfree   0x08011c44       0x44 C:/ST/STM32CubeIDE_1.15.0/STM32CubeIDE/plugins/com.st.stm32cube.ide.mcu.externaltools.gnu-tools-for-stm32.12.3.rel1.win32_1.0.200.202406191623/tools/bin/../lib/gcc/arm-none-eabi/12.3.1/../../../../arm-none-eabi/lib/thumb/v7e-m+fp/hard\libc_nano.a(libc_a-mprec.o)
                0x08011c44                _Bfree
 .text.__multadd
                0x08011c88       0x8c C:/ST/STM32CubeIDE_1.15.0/STM32CubeIDE/plugins/com.st.stm32cube.ide.mcu.externaltools.gnu-tools-for-stm32.12.3.rel1.win32_1.0.200.202406191623/tools/bin/../lib/gcc/arm-none-eabi/12.3.1/../../../../arm-none-eabi/lib/thumb/v7e-m+fp/hard\libc_nano.a(libc_a-mprec.o)
                0x08011c88                __multadd
 .text.__hi0bits
                0x08011d14       0x3e C:/ST/STM32CubeIDE_1.15.0/STM32CubeIDE/plugins/com.st.stm32cube.ide.mcu.externaltools.gnu-tools-for-stm32.12.3.rel1.win32_1.0.200.202406191623/tools/bin/../lib/gcc/arm-none-eabi/12.3.1/../../../../arm-none-eabi/lib/thumb/v7e-m+fp/hard\libc_nano.a(libc_a-mprec.o)
                0x08011d14                __hi0bits
 .text.__lo0bits
                0x08011d52       0x5a C:/ST/STM32CubeIDE_1.15.0/STM32CubeIDE/plugins/com.st.stm32cube.ide.mcu.externaltools.gnu-tools-for-stm32.12.3.rel1.win32_1.0.200.202406191623/tools/bin/../lib/gcc/arm-none-eabi/12.3.1/../../../../arm-none-eabi/lib/thumb/v7e-m+fp/hard\libc_nano.a(libc_a-mprec.o)
                0x08011d52                __lo0bits
 .text.__i2b    0x08011dac       0x2c C:/ST/STM32CubeIDE_1.15.0/STM32CubeIDE/plugins/com.st.stm32cube.ide.mcu.externaltools.gnu-tools-for-stm32.12.3.rel1.win32_1.0.200.202406191623/tools/bin/../lib/gcc/arm-none-eabi/12.3.1/../../../../arm-none-eabi/lib/thumb/v7e-m+fp/hard\libc_nano.a(libc_a-mprec.o)
                0x08011dac                __i2b
 .text.__multiply
                0x08011dd8      0x154 C:/ST/STM32CubeIDE_1.15.0/STM32CubeIDE/plugins/com.st.stm32cube.ide.mcu.externaltools.gnu-tools-for-stm32.12.3.rel1.win32_1.0.200.202406191623/tools/bin/../lib/gcc/arm-none-eabi/12.3.1/../../../../arm-none-eabi/lib/thumb/v7e-m+fp/hard\libc_nano.a(libc_a-mprec.o)
                0x08011dd8                __multiply
 .text.__pow5mult
                0x08011f2c       0xb4 C:/ST/STM32CubeIDE_1.15.0/STM32CubeIDE/plugins/com.st.stm32cube.ide.mcu.externaltools.gnu-tools-for-stm32.12.3.rel1.win32_1.0.200.202406191623/tools/bin/../lib/gcc/arm-none-eabi/12.3.1/../../../../arm-none-eabi/lib/thumb/v7e-m+fp/hard\libc_nano.a(libc_a-mprec.o)
                0x08011f2c                __pow5mult
 .text.__lshift
                0x08011fe0       0xd8 C:/ST/STM32CubeIDE_1.15.0/STM32CubeIDE/plugins/com.st.stm32cube.ide.mcu.externaltools.gnu-tools-for-stm32.12.3.rel1.win32_1.0.200.202406191623/tools/bin/../lib/gcc/arm-none-eabi/12.3.1/../../../../arm-none-eabi/lib/thumb/v7e-m+fp/hard\libc_nano.a(libc_a-mprec.o)
                0x08011fe0                __lshift
 .text.__mcmp   0x080120b8       0x36 C:/ST/STM32CubeIDE_1.15.0/STM32CubeIDE/plugins/com.st.stm32cube.ide.mcu.externaltools.gnu-tools-for-stm32.12.3.rel1.win32_1.0.200.202406191623/tools/bin/../lib/gcc/arm-none-eabi/12.3.1/../../../../arm-none-eabi/lib/thumb/v7e-m+fp/hard\libc_nano.a(libc_a-mprec.o)
                0x080120b8                __mcmp
 *fill*         0x080120ee        0x2 
 .text.__mdiff  0x080120f0      0x128 C:/ST/STM32CubeIDE_1.15.0/STM32CubeIDE/plugins/com.st.stm32cube.ide.mcu.externaltools.gnu-tools-for-stm32.12.3.rel1.win32_1.0.200.202406191623/tools/bin/../lib/gcc/arm-none-eabi/12.3.1/../../../../arm-none-eabi/lib/thumb/v7e-m+fp/hard\libc_nano.a(libc_a-mprec.o)
                0x080120f0                __mdiff
 .text.__d2b    0x08012218       0xb0 C:/ST/STM32CubeIDE_1.15.0/STM32CubeIDE/plugins/com.st.stm32cube.ide.mcu.externaltools.gnu-tools-for-stm32.12.3.rel1.win32_1.0.200.202406191623/tools/bin/../lib/gcc/arm-none-eabi/12.3.1/../../../../arm-none-eabi/lib/thumb/v7e-m+fp/hard\libc_nano.a(libc_a-mprec.o)
                0x08012218                __d2b
 .text.__ssputs_r
                0x080122c8       0xb6 C:/ST/STM32CubeIDE_1.15.0/STM32CubeIDE/plugins/com.st.stm32cube.ide.mcu.externaltools.gnu-tools-for-stm32.12.3.rel1.win32_1.0.200.202406191623/tools/bin/../lib/gcc/arm-none-eabi/12.3.1/../../../../arm-none-eabi/lib/thumb/v7e-m+fp/hard\libc_nano.a(libc_a-nano-svfprintf.o)
                0x080122c8                __ssputs_r
 *fill*         0x0801237e        0x2 
 .text._svfprintf_r
                0x08012380      0x1f8 C:/ST/STM32CubeIDE_1.15.0/STM32CubeIDE/plugins/com.st.stm32cube.ide.mcu.externaltools.gnu-tools-for-stm32.12.3.rel1.win32_1.0.200.202406191623/tools/bin/../lib/gcc/arm-none-eabi/12.3.1/../../../../arm-none-eabi/lib/thumb/v7e-m+fp/hard\libc_nano.a(libc_a-nano-svfprintf.o)
                0x08012380                _svfiprintf_r
                0x08012380                _svfprintf_r
 .text.__sflush_r
                0x08012578      0x108 C:/ST/STM32CubeIDE_1.15.0/STM32CubeIDE/plugins/com.st.stm32cube.ide.mcu.externaltools.gnu-tools-for-stm32.12.3.rel1.win32_1.0.200.202406191623/tools/bin/../lib/gcc/arm-none-eabi/12.3.1/../../../../arm-none-eabi/lib/thumb/v7e-m+fp/hard\libc_nano.a(libc_a-fflush.o)
                0x08012578                __sflush_r
 .text._fflush_r
                0x08012680       0x50 C:/ST/STM32CubeIDE_1.15.0/STM32CubeIDE/plugins/com.st.stm32cube.ide.mcu.externaltools.gnu-tools-for-stm32.12.3.rel1.win32_1.0.200.202406191623/tools/bin/../lib/gcc/arm-none-eabi/12.3.1/../../../../arm-none-eabi/lib/thumb/v7e-m+fp/hard\libc_nano.a(libc_a-fflush.o)
                0x08012680                _fflush_r
 .text.__assert_func
                0x080126d0       0x3c C:/ST/STM32CubeIDE_1.15.0/STM32CubeIDE/plugins/com.st.stm32cube.ide.mcu.externaltools.gnu-tools-for-stm32.12.3.rel1.win32_1.0.200.202406191623/tools/bin/../lib/gcc/arm-none-eabi/12.3.1/../../../../arm-none-eabi/lib/thumb/v7e-m+fp/hard\libc_nano.a(libc_a-assert.o)
                0x080126d0                __assert_func
 .text._calloc_r
                0x0801270c       0x28 C:/ST/STM32CubeIDE_1.15.0/STM32CubeIDE/plugins/com.st.stm32cube.ide.mcu.externaltools.gnu-tools-for-stm32.12.3.rel1.win32_1.0.200.202406191623/tools/bin/../lib/gcc/arm-none-eabi/12.3.1/../../../../arm-none-eabi/lib/thumb/v7e-m+fp/hard\libc_nano.a(libc_a-callocr.o)
                0x0801270c                _calloc_r
 .text.__ascii_mbtowc
                0x08012734       0x24 C:/ST/STM32CubeIDE_1.15.0/STM32CubeIDE/plugins/com.st.stm32cube.ide.mcu.externaltools.gnu-tools-for-stm32.12.3.rel1.win32_1.0.200.202406191623/tools/bin/../lib/gcc/arm-none-eabi/12.3.1/../../../../arm-none-eabi/lib/thumb/v7e-m+fp/hard\libc_nano.a(libc_a-mbtowc_r.o)
                0x08012734                __ascii_mbtowc
 .text._realloc_r
                0x08012758       0x5c C:/ST/STM32CubeIDE_1.15.0/STM32CubeIDE/plugins/com.st.stm32cube.ide.mcu.externaltools.gnu-tools-for-stm32.12.3.rel1.win32_1.0.200.202406191623/tools/bin/../lib/gcc/arm-none-eabi/12.3.1/../../../../arm-none-eabi/lib/thumb/v7e-m+fp/hard\libc_nano.a(libc_a-reallocr.o)
                0x08012758                _realloc_r
 .text.__ascii_wctomb
                0x080127b4       0x1a C:/ST/STM32CubeIDE_1.15.0/STM32CubeIDE/plugins/com.st.stm32cube.ide.mcu.externaltools.gnu-tools-for-stm32.12.3.rel1.win32_1.0.200.202406191623/tools/bin/../lib/gcc/arm-none-eabi/12.3.1/../../../../arm-none-eabi/lib/thumb/v7e-m+fp/hard\libc_nano.a(libc_a-wctomb_r.o)
                0x080127b4                __ascii_wctomb
 *fill*         0x080127ce        0x2 
 .text.fprintf  0x080127d0       0x24 C:/ST/STM32CubeIDE_1.15.0/STM32CubeIDE/plugins/com.st.stm32cube.ide.mcu.externaltools.gnu-tools-for-stm32.12.3.rel1.win32_1.0.200.202406191623/tools/bin/../lib/gcc/arm-none-eabi/12.3.1/../../../../arm-none-eabi/lib/thumb/v7e-m+fp/hard\libc_nano.a(libc_a-fprintf.o)
                0x080127d0                fiprintf
                0x080127d0                fprintf