Archive member included to satisfy reference by file (symbol)

C:/ST/STM32CubeIDE_1.15.0/STM32CubeIDE/plugins/com.st.stm32cube.ide.mcu.externaltools.gnu-tools-for-stm32.12.3.rel1.win32_1.0.200.202406191623/tools/bin/../lib/gcc/arm-none-eabi/12.3.1/../../../../arm-none-eabi/lib/thumb/v7e-m+fp/hard\libc_nano.a(libc_a-exit.o)
                              C:/ST/STM32CubeIDE_1.15.0/STM32CubeIDE/plugins/com.st.stm32cube.ide.mcu.externaltools.gnu-tools-for-stm32.12.3.rel1.win32_1.0.200.202406191623/tools/bin/../lib/gcc/arm-none-eabi/12.3.1/../../../../arm-none-eabi/lib/thumb/v7e-m+fp/hard/crt0.o (exit)
C:/ST/STM32CubeIDE_1.15.0/STM32CubeIDE/plugins/com.st.stm32cube.ide.mcu.externaltools.gnu-tools-for-stm32.12.3.rel1.win32_1.0.200.202406191623/tools/bin/../lib/gcc/arm-none-eabi/12.3.1/../../../../arm-none-eabi/lib/thumb/v7e-m+fp/hard\libc_nano.a(libc_a-malloc.o)
                              ./Middlewares/ST/STM32_USB_Host_Library/Class/HID/Src/usbh_hid.o (malloc)
C:/ST/STM32CubeIDE_1.15.0/STM32CubeIDE/plugins/com.st.stm32cube.ide.mcu.externaltools.gnu-tools-for-stm32.12.3.rel1.win32_1.0.200.202406191623/tools/bin/../lib/gcc/arm-none-eabi/12.3.1/../../../../arm-none-eabi/lib/thumb/v7e-m+fp/hard\libc_nano.a(libc_a-mallocr.o)
                              C:/ST/STM32CubeIDE_1.15.0/STM32CubeIDE/plugins/com.st.stm32cube.ide.mcu.externaltools.gnu-tools-for-stm32.12.3.rel1.win32_1.0.200.202406191623/tools/bin/../lib/gcc/arm-none-eabi/12.3.1/../../../../arm-none-eabi/lib/thumb/v7e-m+fp/hard\libc_nano.a(libc_a-malloc.o) (_malloc_r)
C:/ST/STM32CubeIDE_1.15.0/STM32CubeIDE/plugins/com.st.stm32cube.ide.mcu.externaltools.gnu-tools-for-stm32.12.3.rel1.win32_1.0.200.202406191623/tools/bin/../lib/gcc/arm-none-eabi/12.3.1/../../../../arm-none-eabi/lib/thumb/v7e-m+fp/hard\libc_nano.a(libc_a-mlock.o)
                              C:/ST/STM32CubeIDE_1.15.0/STM32CubeIDE/plugins/com.st.stm32cube.ide.mcu.externaltools.gnu-tools-for-stm32.12.3.rel1.win32_1.0.200.202406191623/tools/bin/../lib/gcc/arm-none-eabi/12.3.1/../../../../arm-none-eabi/lib/thumb/v7e-m+fp/hard\libc_nano.a(libc_a-mallocr.o) (__malloc_lock)
C:/ST/STM32CubeIDE_1.15.0/STM32CubeIDE/plugins/com.st.stm32cube.ide.mcu.externaltools.gnu-tools-for-stm32.12.3.rel1.win32_1.0.200.202406191623/tools/bin/../lib/gcc/arm-none-eabi/12.3.1/../../../../arm-none-eabi/lib/thumb/v7e-m+fp/hard\libc_nano.a(libc_a-nano-vfprintf_float.o)
                              (_printf_float)
C:/ST/STM32CubeIDE_1.15.0/STM32CubeIDE/plugins/com.st.stm32cube.ide.mcu.externaltools.gnu-tools-for-stm32.12.3.rel1.win32_1.0.200.202406191623/tools/bin/../lib/gcc/arm-none-eabi/12.3.1/../../../../arm-none-eabi/lib/thumb/v7e-m+fp/hard\libc_nano.a(libc_a-nano-vfprintf_i.o)
                              C:/ST/STM32CubeIDE_1.15.0/STM32CubeIDE/plugins/com.st.stm32cube.ide.mcu.externaltools.gnu-tools-for-stm32.12.3.rel1.win32_1.0.200.202406191623/tools/bin/../lib/gcc/arm-none-eabi/12.3.1/../../../../arm-none-eabi/lib/thumb/v7e-m+fp/hard\libc_nano.a(libc_a-nano-vfprintf_float.o) (_printf_common)
C:/ST/STM32CubeIDE_1.15.0/STM32CubeIDE/plugins/com.st.stm32cube.ide.mcu.externaltools.gnu-tools-for-stm32.12.3.rel1.win32_1.0.200.202406191623/tools/bin/../lib/gcc/arm-none-eabi/12.3.1/../../../../arm-none-eabi/lib/thumb/v7e-m+fp/hard\libc_nano.a(libc_a-findfp.o)
                              C:/ST/STM32CubeIDE_1.15.0/STM32CubeIDE/plugins/com.st.stm32cube.ide.mcu.externaltools.gnu-tools-for-stm32.12.3.rel1.win32_1.0.200.202406191623/tools/bin/../lib/gcc/arm-none-eabi/12.3.1/../../../../arm-none-eabi/lib/thumb/v7e-m+fp/hard\libc_nano.a(libc_a-exit.o) (__stdio_exit_handler)
C:/ST/STM32CubeIDE_1.15.0/STM32CubeIDE/plugins/com.st.stm32cube.ide.mcu.externaltools.gnu-tools-for-stm32.12.3.rel1.win32_1.0.200.202406191623/tools/bin/../lib/gcc/arm-none-eabi/12.3.1/../../../../arm-none-eabi/lib/thumb/v7e-m+fp/hard\libc_nano.a(libc_a-fwalk.o)
                              C:/ST/STM32CubeIDE_1.15.0/STM32CubeIDE/plugins/com.st.stm32cube.ide.mcu.externaltools.gnu-tools-for-stm32.12.3.rel1.win32_1.0.200.202406191623/tools/bin/../lib/gcc/arm-none-eabi/12.3.1/../../../../arm-none-eabi/lib/thumb/v7e-m+fp/hard\libc_nano.a(libc_a-findfp.o) (_fwalk_sglue)
C:/ST/STM32CubeIDE_1.15.0/STM32CubeIDE/plugins/com.st.stm32cube.ide.mcu.externaltools.gnu-tools-for-stm32.12.3.rel1.win32_1.0.200.202406191623/tools/bin/../lib/gcc/arm-none-eabi/12.3.1/../../../../arm-none-eabi/lib/thumb/v7e-m+fp/hard\libc_nano.a(libc_a-snprintf.o)
                              ./Core/Src/ssd1306_tests.o (snprintf)
C:/ST/STM32CubeIDE_1.15.0/STM32CubeIDE/plugins/com.st.stm32cube.ide.mcu.externaltools.gnu-tools-for-stm32.12.3.rel1.win32_1.0.200.202406191623/tools/bin/../lib/gcc/arm-none-eabi/12.3.1/../../../../arm-none-eabi/lib/thumb/v7e-m+fp/hard\libc_nano.a(libc_a-stdio.o)
[...]
Memory Configuration

Name             Origin             Length             Attributes
CCMRAM           0x10000000         0x00010000         xrw
RAM              0x20000000         0x00020000         xrw
FLASH            0x08000000         0x00100000         xr
*default*        0x00000000         0xffffffff

Linker script and memory map

LOAD C:/ST/STM32CubeIDE_1.15.0/STM32CubeIDE/plugins/com.st.stm32cube.ide.mcu.externaltools.gnu-tools-for-stm32.12.3.rel1.win32_1.0.200.202406191623/tools/bin/../lib/gcc/arm-none-eabi/12.3.1/thumb/v7e-m+fp/hard/crti.o
LOAD C:/ST/STM32CubeIDE_1.15.0/STM32CubeIDE/plugins/com.st.stm32cube.ide.mcu.externaltools.gnu-tools-for-stm32.12.3.rel1.win32_1.0.200.202406191623/tools/bin/../lib/gcc/arm-none-eabi/12.3.1/thumb/v7e-m+fp/hard/crtbegin.o
LOAD C:/ST/STM32CubeIDE_1.15.0/STM32CubeIDE/plugins/com.st.stm32cube.ide.mcu.externaltools.gnu-tools-for-stm32.12.3.rel1.win32_1.0.200.202406191623/tools/bin/../lib/gcc/arm-none-eabi/12.3.1/../../../../arm-none-eabi/lib/thumb/v7e-m+fp/hard/crt0.o
LOAD ./Core/Src/main.o
LOAD ./Core/Src/ssd1306.o
LOAD ./Core/Src/ssd1306_fonts.o
LOAD ./Core/Src/ssd1306_tests.o
LOAD ./Core/Src/stm32f4xx_hal_msp.o
LOAD ./Core/Src/stm32f4xx_it.o
LOAD ./Core/Src/syscalls.o
LOAD ./Core/Src/sysmem.o
LOAD ./Core/Src/system_stm32f4xx.o
LOAD ./Core/Startup/startup_stm32f407vgtx.o
LOAD ./Drivers/STM32F4xx_HAL_Driver/Src/stm32f4xx_hal.o
LOAD ./Drivers/STM32F4xx_HAL_Driver/Src/stm32f4xx_hal_adc.o
LOAD ./Drivers/STM32F4xx_HAL_Driver/Src/stm32f4xx_hal_adc_ex.o
LOAD ./Drivers/STM32F4xx_HAL_Driver/Src/stm32f4xx_hal_cortex.o
LOAD ./Drivers/STM32F4xx_HAL_Driver/Src/stm32f4xx_hal_dma.o
LOAD ./Drivers/STM32F4xx_HAL_Driver/Src/stm32f4xx_hal_dma_ex.o
LOAD ./Drivers/STM32F4xx_HAL_Driver/Src/stm32f4xx_hal_exti.o
LOAD ./Drivers/STM32F4xx_HAL_Driver/Src/stm32f4xx_hal_flash.o
LOAD ./Drivers/STM32F4xx_HAL_Driver/Src/stm32f4xx_hal_flash_ex.o
LOAD ./Drivers/STM32F4xx_HAL_Driver/Src/stm32f4xx_hal_flash_ramfunc.o
LOAD ./Drivers/STM32F4xx_HAL_Driver/Src/stm32f4xx_hal_gpio.o
LOAD ./Drivers/STM32F4xx_HAL_Driver/Src/stm32f4xx_hal_hcd.o
LOAD ./Drivers/STM32F4xx_HAL_Driver/Src/stm32f4xx_hal_i2c.o
LOAD ./Drivers/STM32F4xx_HAL_Driver/Src/stm32f4xx_hal_i2c_ex.o
LOAD ./Drivers/STM32F4xx_HAL_Driver/Src/stm32f4xx_hal_pwr.o
LOAD ./Drivers/STM32F4xx_HAL_Driver/Src/stm32f4xx_hal_pwr_ex.o
LOAD ./Drivers/STM32F4xx_HAL_Driver/Src/stm32f4xx_hal_rcc.o
LOAD ./Drivers/STM32F4xx_HAL_Driver/Src/stm32f4xx_hal_rcc_ex.o
LOAD ./Drivers/STM32F4xx_HAL_Driver/Src/stm32f4xx_hal_spi.o
LOAD ./Drivers/STM32F4xx_HAL_Driver/Src/stm32f4xx_hal_tim.o
LOAD ./Drivers/STM32F4xx_HAL_Driver/Src/stm32f4xx_hal_tim_ex.o
LOAD ./Drivers/STM32F4xx_HAL_Driver/Src/stm32f4xx_hal_uart.o
LOAD ./Drivers/STM32F4xx_HAL_Driver/Src/stm32f4xx_ll_adc.o
LOAD ./Drivers/STM32F4xx_HAL_Driver/Src/stm32f4xx_ll_usb.o
LOAD ./Middlewares/ST/STM32_USB_Host_Library/Class/HID/Src/usbh_hid.o
LOAD ./Middlewares/ST/STM32_USB_Host_Library/Class/HID/Src/usbh_hid_keybd.o
LOAD ./Middlewares/ST/STM32_USB_Host_Library/Class/HID/Src/usbh_hid_mouse.o
LOAD ./Middlewares/ST/STM32_USB_Host_Library/Class/HID/Src/usbh_hid_parser.o
LOAD ./Middlewares/ST/STM32_USB_Host_Library/Core/Src/usbh_core.o
LOAD ./Middlewares/ST/STM32_USB_Host_Library/Core/Src/usbh_ctlreq.o
LOAD ./Middlewares/ST/STM32_USB_Host_Library/Core/Src/usbh_ioreq.o
LOAD ./Middlewares/ST/STM32_USB_Host_Library/Core/Src/usbh_pipes.o
LOAD ./USB_HOST/App/usb_host.o
LOAD ./USB_HOST/Target/usbh_conf.o
LOAD ./USB_HOST/Target/usbh_platform.o
LOAD ./USER/SRC/BLE.o
LOAD ./USER/SRC/Barcode.o
LOAD ./USER/SRC/Calculation.o
LOAD ./USER/SRC/Flash.o
LOAD ./USER/SRC/LCD.o
LOAD ./USER/SRC/RTC.o
LOAD ./USER/SRC/Spectrometer.o
LOAD ./USER/SRC/System.o
START GROUP
LOAD C:/ST/STM32CubeIDE_1.15.0/STM32CubeIDE/plugins/com.st.stm32cube.ide.mcu.externaltools.gnu-tools-for-stm32.12.3.rel1.win32_1.0.200.202406191623/tools/bin/../lib/gcc/arm-none-eabi/12.3.1/../../../../arm-none-eabi/lib/thumb/v7e-m+fp/hard\libc_nano.a
LOAD C:/ST/STM32CubeIDE_1.15.0/STM32CubeIDE/plugins/com.st.stm32cube.ide.mcu.externaltools.gnu-tools-for-stm32.12.3.rel1.win32_1.0.200.202406191623/tools/bin/../lib/gcc/arm-none-eabi/12.3.1/../../../../arm-none-eabi/lib/thumb/v7e-m+fp/hard\libm.a
END GROUP
START GROUP
LOAD C:/ST/STM32CubeIDE_1.15.0/STM32CubeIDE/plugins/com.st.stm32cube.ide.mcu.externaltools.gnu-tools-for-stm32.12.3.rel1.win32_1.0.200.202406191623/tools/bin/../lib/gcc/arm-none-eabi/12.3.1/thumb/v7e-m+fp/hard\libgcc.a
LOAD C:/ST/STM32CubeIDE_1.15.0/STM32CubeIDE/plugins/com.st.stm32cube.ide.mcu.externaltools.gnu-tools-for-stm32.12.3.rel1.win32_1.0.200.202406191623/tools/bin/../lib/gcc/arm-none-eabi/12.3.1/../../../../arm-none-eabi/lib/thumb/v7e-m+fp/hard\libc_nano.a
END GROUP
START GROUP
LOAD C:/ST/STM32CubeIDE_1.15.0/STM32CubeIDE/plugins/com.st.stm32cube.ide.mcu.externaltools.gnu-tools-for-stm32.12.3.rel1.win32_1.0.200.202406191623/tools/bin/../lib/gcc/arm-none-eabi/12.3.1/thumb/v7e-m+fp/hard\libgcc.a
LOAD C:/ST/STM32CubeIDE_1.15.0/STM32CubeIDE/plugins/com.st.stm32cube.ide.mcu.externaltools.gnu-tools-for-stm32.12.3.rel1.win32_1.0.200.202406191623/tools/bin/../lib/gcc/arm-none-eabi/12.3.1/../../../../arm-none-eabi/lib/thumb/v7e-m+fp/hard\libc_nano.a
LOAD C:/ST/STM32CubeIDE_1.15.0/STM32CubeIDE/plugins/com.st.stm32cube.ide.mcu.externaltools.gnu-tools-for-stm32.12.3.rel1.win32_1.0.200.202406191623/tools/bin/../lib/gcc/arm-none-eabi/12.3.1/../../../../arm-none-eabi/lib/thumb/v7e-m+fp/hard\libnosys.a
END GROUP
START GROUP
LOAD C:/ST/STM32CubeIDE_1.15.0/STM32CubeIDE/plugins/com.st.stm32cube.ide.mcu.externaltools.gnu-tools-for-stm32.12.3.rel1.win32_1.0.200.202406191623/tools/bin/../lib/gcc/arm-none-eabi/12.3.1/thumb/v7e-m+fp/hard\libgcc.a
LOAD C:/ST/STM32CubeIDE_1.15.0/STM32CubeIDE/plugins/com.st.stm32cube.ide.mcu.externaltools.gnu-tools-for-stm32.12.3.rel1.win32_1.0.200.202406191623/tools/bin/../lib/gcc/arm-none-eabi/12.3.1/../../../../arm-none-eabi/lib/thumb/v7e-m+fp/hard\libc_nano.a
LOAD C:/ST/STM32CubeIDE_1.15.0/STM32CubeIDE/plugins/com.st.stm32cube.ide.mcu.externaltools.gnu-tools-for-stm32.12.3.rel1.win32_1.0.200.202406191623/tools/bin/../lib/gcc/arm-none-eabi/12.3.1/../../../../arm-none-eabi/lib/thumb/v7e-m+fp/hard\libnosys.a
END GROUP
LOAD C:/ST/STM32CubeIDE_1.15.0/STM32CubeIDE/plugins/com.st.stm32cube.ide.mcu.externaltools.gnu-tools-for-stm32.12.3.rel1.win32_1.0.200.202406191623/tools/bin/../lib/gcc/arm-none-eabi/12.3.1/thumb/v7e-m+fp/hard/crtend.o
LOAD C:/ST/STM32CubeIDE_1.15.0/STM32CubeIDE/plugins/com.st.stm32cube.ide.mcu.externaltools.gnu-tools-for-stm32.12.3.rel1.win32_1.0.200.202406191623/tools/bin/../lib/gcc/arm-none-eabi/12.3.1/thumb/v7e-m+fp/hard/crtn.o
                0x20020000                        _estack = (ORIGIN (RAM) + LENGTH (RAM))
                0x00000200                        _Min_Heap_Size = 0x200
                0x00000400                        _Min_Stack_Size = 0x400

.isr_vector     0x08000000      0x188
                0x08000000                        . = ALIGN (0x4)
 *(.isr_vector)
 .isr_vector    0x08000000      0x188 ./Core/Startup/startup_stm32f407vgtx.o
                0x08000000                g_pfnVectors
                0x08000188                        . = ALIGN (0x4)

.text           0x08000190    0x12f9c
                0x08000190                        . = ALIGN (0x4)
 *(.text)
 .text          0x08000190       0x40 C:/ST/STM32CubeIDE_1.15.0/STM32CubeIDE/plugins/com.st.stm32cube.ide.mcu.externaltools.gnu-tools-for-stm32.12.3.rel1.win32_1.0.200.202406191623/tools/bin/../lib/gcc/arm-none-eabi/12.3.1/thumb/v7e-m+fp/hard/crtbegin.o
 .text          0x080001d0       0x14 C:/ST/STM32CubeIDE_1.15.0/STM32CubeIDE/plugins/com.st.stm32cube.ide.mcu.externaltools.gnu-tools-for-stm32.12.3.rel1.win32_1.0.200.202406191623/tools/bin/../lib/gcc/arm-none-eabi/12.3.1/../../../../arm-none-eabi/lib/thumb/v7e-m+fp/hard\libc_nano.a(libc_a-strcmp.o)
                0x080001d0                strcmp
 *fill*         0x080001e4        0xc 
 .text          0x080001f0       0xa0 C:/ST/STM32CubeIDE_1.15.0/STM32CubeIDE/plugins/com.st.stm32cube.ide.mcu.externaltools.gnu-tools-for-stm32.12.3.rel1.win32_1.0.200.202406191623/tools/bin/../lib/gcc/arm-none-eabi/12.3.1/../../../../arm-none-eabi/lib/thumb/v7e-m+fp/hard\libc_nano.a(libc_a-memchr.o)
                0x080001f0                memchr
 .text          0x08000290       0x10 C:/ST/STM32CubeIDE_1.15.0/STM32CubeIDE/plugins/com.st.stm32cube.ide.mcu.externaltools.gnu-tools-for-stm32.12.3.rel1.win32_1.0.200.202406191623/tools/bin/../lib/gcc/arm-none-eabi/12.3.1/../../../../arm-none-eabi/lib/thumb/v7e-m+fp/hard\libc_nano.a(libc_a-strlen.o)
                0x08000290                strlen
 .text          0x080002a0      0x378 C:/ST/STM32CubeIDE_1.15.0/STM32CubeIDE/plugins/com.st.stm32cube.ide.mcu.externaltools.gnu-tools-for-stm32.12.3.rel1.win32_1.0.200.202406191623/tools/bin/../lib/gcc/arm-none-eabi/12.3.1/thumb/v7e-m+fp/hard\libgcc.a(_arm_addsubdf3.o)
                0x080002a0                __aeabi_drsub
                0x080002a8                __aeabi_dsub
                0x080002a8                __subdf3
                0x080002ac                __aeabi_dadd
                0x080002ac                __adddf3
                0x08000524                __floatunsidf
                0x08000524                __aeabi_ui2d
                0x08000544                __floatsidf
                0x08000544                __aeabi_i2d
                0x08000568                __aeabi_f2d
                0x08000568                __extendsfdf2
                0x080005ac                __floatundidf
                0x080005ac                __aeabi_ul2d
                0x080005bc                __floatdidf
                0x080005bc                __aeabi_l2d
 .text          0x08000618      0x424 C:/ST/STM32CubeIDE_1.15.0/STM32CubeIDE/plugins/com.st.stm32cube.ide.mcu.externaltools.gnu-tools-for-stm32.12.3.rel1.win32_1.0.200.202406191623/tools/bin/../lib/gcc/arm-none-eabi/12.3.1/thumb/v7e-m+fp/hard\libgcc.a(_arm_muldivdf3.o)
                0x08000618                __aeabi_dmul
                0x08000618                __muldf3
                0x0800086c                __divdf3
                0x0800086c                __aeabi_ddiv
 .text          0x08000a3c      0x110 C:/ST/STM32CubeIDE_1.15.0/STM32CubeIDE/plugins/com.st.stm32cube.ide.mcu.externaltools.gnu-tools-for-stm32.12.3.rel1.win32_1.0.200.202406191623/tools/bin/../lib/gcc/arm-none-eabi/12.3.1/thumb/v7e-m+fp/hard\libgcc.a(_arm_cmpdf2.o)
                0x08000a3c                __gtdf2
                0x08000a3c                __gedf2
                0x08000a44                __ltdf2
                0x08000a44                __ledf2
                0x08000a4c                __nedf2
                0x08000a4c                __eqdf2
                0x08000a4c                __cmpdf2
                0x08000ac8                __aeabi_cdrcmple
                0x08000ad8                __aeabi_cdcmpeq
                0x08000ad8                __aeabi_cdcmple
                0x08000ae8                __aeabi_dcmpeq
                0x08000afc                __aeabi_dcmplt
                0x08000b10                __aeabi_dcmple
                0x08000b24                __aeabi_dcmpge
                0x08000b38                __aeabi_dcmpgt
 .text          0x08000b4c       0x2c C:/ST/STM32CubeIDE_1.15.0/STM32CubeIDE/plugins/com.st.stm32cube.ide.mcu.externaltools.gnu-tools-for-stm32.12.3.rel1.win32_1.0.200.202406191623/tools/bin/../lib/gcc/arm-none-eabi/12.3.1/thumb/v7e-m+fp/hard\libgcc.a(_arm_unorddf2.o)
                0x08000b4c                __unorddf2
                0x08000b4c                __aeabi_dcmpun
 .text          0x08000b78       0x50 C:/ST/STM32CubeIDE_1.15.0/STM32CubeIDE/plugins/com.st.stm32cube.ide.mcu.externaltools.gnu-tools-for-stm32.12.3.rel1.win32_1.0.200.202406191623/tools/bin/../lib/gcc/arm-none-eabi/12.3.1/thumb/v7e-m+fp/hard\libgcc.a(_arm_fixdfsi.o)
                0x08000b78                __aeabi_d2iz
                0x08000b78                __fixdfsi
 .text          0x08000bc8       0xa0 C:/ST/STM32CubeIDE_1.15.0/STM32CubeIDE/plugins/com.st.stm32cube.ide.mcu.externaltools.gnu-tools-for-stm32.12.3.rel1.win32_1.0.200.202406191623/tools/bin/../lib/gcc/arm-none-eabi/12.3.1/thumb/v7e-m+fp/hard\libgcc.a(_arm_truncdfsf2.o)
                0x08000bc8                __truncdfsf2
                0x08000bc8                __aeabi_d2f
 .text          0x08000c68       0x30 C:/ST/STM32CubeIDE_1.15.0/STM32CubeIDE/plugins/com.st.stm32cube.ide.mcu.externaltools.gnu-tools-for-stm32.12.3.rel1.win32_1.0.200.202406191623/tools/bin/../lib/gcc/arm-none-eabi/12.3.1/thumb/v7e-m+fp/hard\libgcc.a(_aeabi_uldivmod.o)
                0x08000c68                __aeabi_uldivmod
 .text          0x08000c98      0x2bc C:/ST/STM32CubeIDE_1.15.0/STM32CubeIDE/plugins/com.st.stm32cube.ide.mcu.externaltools.gnu-tools-for-stm32.12.3.rel1.win32_1.0.200.202406191623/tools/bin/../lib/gcc/arm-none-eabi/12.3.1/thumb/v7e-m+fp/hard\libgcc.a(_udivmoddi4.o)
                0x08000c98                __udivmoddi4
 .text          0x08000f54        0x4 C:/ST/STM32CubeIDE_1.15.0/STM32CubeIDE/plugins/com.st.stm32cube.ide.mcu.externaltools.gnu-tools-for-stm32.12.3.rel1.win32_1.0.200.202406191623/tools/bin/../lib/gcc/arm-none-eabi/12.3.1/thumb/v7e-m+fp/hard\libgcc.a(_dvmd_tls.o)
                0x08000f54                __aeabi_idiv0
                0x08000f54                __aeabi_ldiv0
 *(.text*)
 .text.main     0x08000f58       0x50 ./Core/Src/main.o
                0x08000f58                main
 .text.SystemClock_Config
                0x08000fa8       0xd4 ./Core/Src/main.o
                0x08000fa8                SystemClock_Config
 .text.MX_ADC1_Init
                0x0800107c       0xa4 ./Core/Src/main.o
 .text.MX_ADC3_Init
                0x08001120       0xa4 ./Core/Src/main.o
 .text.MX_I2C3_Init
                0x080011c4       0x5c ./Core/Src/main.o
 .text.MX_SPI3_Init
                0x08001220       0x6c ./Core/Src/main.o
 .text.MX_TIM1_Init
                0x0800128c      0x140 ./Core/Src/main.o
 .text.MX_TIM10_Init
                0x080013cc       0x98 ./Core/Src/main.o
 .text.MX_TIM11_Init
                0x08001464       0x98 ./Core/Src/main.o
 .text.MX_USART2_UART_Init
                0x080014fc       0x54 ./Core/Src/main.o
 .text.MX_USART3_UART_Init
                0x08001550       0x54 ./Core/Src/main.o
 .text.MX_DMA_Init
                0x080015a4       0x9c ./Core/Src/main.o
 .text.MX_GPIO_Init
                0x08001640      0x248 ./Core/Src/main.o
 .text.Error_Handler
                0x08001888        0xc ./Core/Src/main.o
                0x08001888                Error_Handler
 .text.ssd1306_Reset
                0x08001894       0x38 ./Core/Src/ssd1306.o
                0x08001894                ssd1306_Reset
 .text.ssd1306_WriteCommand
                0x080018cc       0x48 ./Core/Src/ssd1306.o
                0x080018cc                ssd1306_WriteCommand
 .text.ssd1306_WriteData
                0x08001914       0x48 ./Core/Src/ssd1306.o
                0x08001914                ssd1306_WriteData
 .text.ssd1306_Init
                0x0800195c       0xd4 ./Core/Src/ssd1306.o
                0x0800195c                ssd1306_Init
 .text.ssd1306_Fill
                0x08001a30       0x30 ./Core/Src/ssd1306.o
                0x08001a30                ssd1306_Fill
 .text.ssd1306_UpdateScreen
                0x08001a60       0x50 ./Core/Src/ssd1306.o
                0x08001a60                ssd1306_UpdateScreen
 .text.ssd1306_DrawPixel
                0x08001ab0       0xa8 ./Core/Src/ssd1306.o
                0x08001ab0                ssd1306_DrawPixel
 .text.ssd1306_WriteChar
                0x08001b58      0x120 ./Core/Src/ssd1306.o
                0x08001b58                ssd1306_WriteChar
 .text.ssd1306_WriteString
                0x08001c78       0x4c ./Core/Src/ssd1306.o
                0x08001c78                ssd1306_WriteString
 .text.ssd1306_SetCursor
                0x08001cc4       0x30 ./Core/Src/ssd1306.o
                0x08001cc4                ssd1306_SetCursor
 .text.ssd1306_FillRectangle
                0x08001cf4       0x9c ./Core/Src/ssd1306.o
                0x08001cf4                ssd1306_FillRectangle
 .text.ssd1306_DrawBitmap
                0x08001d90       0xb6 ./Core/Src/ssd1306.o
                0x08001d90                ssd1306_DrawBitmap
 .text.ssd1306_SetContrast
                0x08001e46       0x26 ./Core/Src/ssd1306.o
                0x08001e46                ssd1306_SetContrast
 .text.ssd1306_SetDisplayOn
                0x08001e6c       0x3c ./Core/Src/ssd1306.o
                0x08001e6c                ssd1306_SetDisplayOn
 .text.OLED_DrawBitmap
                0x08001ea8       0x92 ./Core/Src/ssd1306.o
                0x08001ea8                OLED_DrawBitmap
 *fill*         0x08001f3a        0x2 
 .text.HAL_MspInit
                0x08001f3c       0x50 ./Core/Src/stm32f4xx_hal_msp.o
                0x08001f3c                HAL_MspInit
 .text.HAL_ADC_MspInit
                0x08001f8c      0x1b8 ./Core/Src/stm32f4xx_hal_msp.o
                0x08001f8c                HAL_ADC_MspInit
 .text.HAL_I2C_MspInit
                0x08002144       0xd4 ./Core/Src/stm32f4xx_hal_msp.o
                0x08002144                HAL_I2C_MspInit
 .text.HAL_SPI_MspInit
                0x08002218       0x90 ./Core/Src/stm32f4xx_hal_msp.o
                0x08002218                HAL_SPI_MspInit
 .text.HAL_TIM_Base_MspInit
                0x080022a8      0x100 ./Core/Src/stm32f4xx_hal_msp.o
                0x080022a8                HAL_TIM_Base_MspInit
 .text.HAL_TIM_MspPostInit
                0x080023a8       0x74 ./Core/Src/stm32f4xx_hal_msp.o
                0x080023a8                HAL_TIM_MspPostInit
 .text.HAL_UART_MspInit
                0x0800241c      0x1c4 ./Core/Src/stm32f4xx_hal_msp.o
                0x0800241c                HAL_UART_MspInit
 .text.NMI_Handler
                0x080025e0        0x8 ./Core/Src/stm32f4xx_it.o
                0x080025e0                NMI_Handler
 .text.HardFault_Handler
                0x080025e8        0x8 ./Core/Src/stm32f4xx_it.o
                0x080025e8                HardFault_Handler
 .text.MemManage_Handler
                0x080025f0        0x8 ./Core/Src/stm32f4xx_it.o
                0x080025f0                MemManage_Handler
 .text.BusFault_Handler
                0x080025f8        0x8 ./Core/Src/stm32f4xx_it.o
                0x080025f8                BusFault_Handler
 .text.UsageFault_Handler
                0x08002600        0x8 ./Core/Src/stm32f4xx_it.o
                0x08002600                UsageFault_Handler
 .text.SVC_Handler
                0x08002608        0xe ./Core/Src/stm32f4xx_it.o
                0x08002608                SVC_Handler
 .text.DebugMon_Handler
                0x08002616        0xe ./Core/Src/stm32f4xx_it.o
                0x08002616                DebugMon_Handler
 .text.PendSV_Handler
                0x08002624        0xe ./Core/Src/stm32f4xx_it.o
                0x08002624                PendSV_Handler
 .text.SysTick_Handler
                0x08002632        0xc ./Core/Src/stm32f4xx_it.o
                0x08002632                SysTick_Handler
 *fill*         0x0800263e        0x2 
 .text.DMA1_Stream3_IRQHandler
                0x08002640       0x14 ./Core/Src/stm32f4xx_it.o
                0x08002640                DMA1_Stream3_IRQHandler
 .text.DMA1_Stream6_IRQHandler
                0x08002654       0x14 ./Core/Src/stm32f4xx_it.o
                0x08002654                DMA1_Stream6_IRQHandler
 .text.DMA2_Stream0_IRQHandler
                0x08002668       0x14 ./Core/Src/stm32f4xx_it.o
                0x08002668                DMA2_Stream0_IRQHandler
 .text.DMA2_Stream1_IRQHandler
                0x0800267c       0x14 ./Core/Src/stm32f4xx_it.o
                0x0800267c                DMA2_Stream1_IRQHandler
 .text.DMA2_Stream4_IRQHandler
                0x08002690       0x14 ./Core/Src/stm32f4xx_it.o
                0x08002690                DMA2_Stream4_IRQHandler
 .text.OTG_FS_IRQHandler
                0x080026a4       0x14 ./Core/Src/stm32f4xx_it.o
                0x080026a4                OTG_FS_IRQHandler
 .text._getpid  0x080026b8       0x10 ./Core/Src/syscalls.o
                0x080026b8                _getpid
 .text._kill    0x080026c8       0x20 ./Core/Src/syscalls.o
                0x080026c8                _kill
 .text._exit    0x080026e8       0x16 ./Core/Src/syscalls.o
                0x080026e8                _exit
 .text._read    0x080026fe       0x3a ./Core/Src/syscalls.o
                0x080026fe                _read
 .text._write   0x08002738       0x38 ./Core/Src/syscalls.o
                0x08002738                _write
 .text._close   0x08002770       0x18 ./Core/Src/syscalls.o
                0x08002770                _close
 .text._fstat   0x08002788       0x20 ./Core/Src/syscalls.o
                0x08002788                _fstat
 .text._isatty  0x080027a8       0x16 ./Core/Src/syscalls.o
                0x080027a8                _isatty
 .text._lseek   0x080027be       0x1a ./Core/Src/syscalls.o
                0x080027be                _lseek
 .text._sbrk    0x080027d8       0x6c ./Core/Src/sysmem.o
                0x080027d8                _sbrk
 .text.SystemInit
                0x08002844       0x24 ./Core/Src/system_stm32f4xx.o
                0x08002844                SystemInit
 .text.Reset_Handler
                0x08002868       0x50 ./Core/Startup/startup_stm32f407vgtx.o
                0x08002868                Reset_Handler
 .text.Default_Handler
                0x080028b8        0x2 ./Core/Startup/startup_stm32f407vgtx.o
                0x080028b8                RTC_Alarm_IRQHandler
                0x080028b8                HASH_RNG_IRQHandler
                0x080028b8                EXTI2_IRQHandler
                0x080028b8                TIM8_CC_IRQHandler
                0x080028b8                TIM1_CC_IRQHandler
                0x080028b8                DMA2_Stream5_IRQHandler
                0x080028b8                DMA1_Stream5_IRQHandler
                0x080028b8                PVD_IRQHandler
                0x080028b8                SDIO_IRQHandler
                0x080028b8                TAMP_STAMP_IRQHandler
                0x080028b8                CAN2_RX1_IRQHandler
                0x080028b8                EXTI3_IRQHandler
                0x080028b8                TIM8_TRG_COM_TIM14_IRQHandler
                0x080028b8                TIM8_UP_TIM13_IRQHandler
                0x080028b8                I2C3_ER_IRQHandler
                0x080028b8                EXTI0_IRQHandler
                0x080028b8                I2C2_EV_IRQHandler
                0x080028b8                DMA1_Stream2_IRQHandler
                0x080028b8                CAN1_RX0_IRQHandler
                0x080028b8                FPU_IRQHandler
                0x080028b8                OTG_HS_WKUP_IRQHandler
                0x080028b8                CAN2_SCE_IRQHandler
                0x080028b8                DMA2_Stream2_IRQHandler
                0x080028b8                SPI1_IRQHandler
                0x080028b8                TIM6_DAC_IRQHandler
                0x080028b8                TIM1_BRK_TIM9_IRQHandler
                0x080028b8                DCMI_IRQHandler
                0x080028b8                CAN2_RX0_IRQHandler
                0x080028b8                DMA2_Stream3_IRQHandler
                0x080028b8                USART6_IRQHandler
                0x080028b8                USART3_IRQHandler
                0x080028b8                CAN1_RX1_IRQHandler
                0x080028b8                UART5_IRQHandler
                0x080028b8                TIM4_IRQHandler
                0x080028b8                I2C1_EV_IRQHandler
                0x080028b8                DMA1_Stream1_IRQHandler
                0x080028b8                UART4_IRQHandler
                0x080028b8                TIM3_IRQHandler
                0x080028b8                RCC_IRQHandler
                0x080028b8                TIM8_BRK_TIM12_IRQHandler
                0x080028b8                Default_Handler
                0x080028b8                EXTI15_10_IRQHandler
                0x080028b8                ADC_IRQHandler
                0x080028b8                DMA1_Stream7_IRQHandler
                0x080028b8                TIM7_IRQHandler
                0x080028b8                CAN2_TX_IRQHandler
                0x080028b8                TIM5_IRQHandler
                0x080028b8                DMA2_Stream7_IRQHandler
                0x080028b8                I2C3_EV_IRQHandler
                0x080028b8                RTC_WKUP_IRQHandler
                0x080028b8                ETH_WKUP_IRQHandler
                0x080028b8                SPI2_IRQHandler
                0x080028b8                OTG_HS_EP1_IN_IRQHandler
                0x080028b8                DMA1_Stream0_IRQHandler
                0x080028b8                CAN1_TX_IRQHandler
                0x080028b8                FSMC_IRQHandler
                0x080028b8                ETH_IRQHandler
                0x080028b8                OTG_HS_EP1_OUT_IRQHandler
                0x080028b8                WWDG_IRQHandler
                0x080028b8                TIM2_IRQHandler
                0x080028b8                OTG_FS_WKUP_IRQHandler
                0x080028b8                OTG_HS_IRQHandler
                0x080028b8                EXTI1_IRQHandler
                0x080028b8                USART2_IRQHandler
                0x080028b8                I2C2_ER_IRQHandler
                0x080028b8                CAN1_SCE_IRQHandler
                0x080028b8                FLASH_IRQHandler
                0x080028b8                USART1_IRQHandler
                0x080028b8                SPI3_IRQHandler
                0x080028b8                DMA1_Stream4_IRQHandler
                0x080028b8                I2C1_ER_IRQHandler
                0x080028b8                DMA2_Stream6_IRQHandler
 *fill*         0x080028ba        0x2 
 .text.HAL_Init
                0x080028bc       0x44 ./Drivers/STM32F4xx_HAL_Driver/Src/stm32f4xx_hal.o
                0x080028bc                HAL_Init
 .text.HAL_InitTick
                0x08002900       0x60 ./Drivers/STM32F4xx_HAL_Driver/Src/stm32f4xx_hal.o
                0x08002900                HAL_InitTick
 .text.HAL_IncTick
                0x08002960       0x28 ./Drivers/STM32F4xx_HAL_Driver/Src/stm32f4xx_hal.o
                0x08002960                HAL_IncTick
 .text.HAL_GetTick
                0x08002988       0x18 ./Drivers/STM32F4xx_HAL_Driver/Src/stm32f4xx_hal.o
                0x08002988                HAL_GetTick
 .text.HAL_Delay
                0x080029a0       0x48 ./Drivers/STM32F4xx_HAL_Driver/Src/stm32f4xx_hal.o
                0x080029a0                HAL_Delay
 .text.HAL_ADC_Init
                0x080029e8       0x86 ./Drivers/STM32F4xx_HAL_Driver/Src/stm32f4xx_hal_adc.o
                0x080029e8                HAL_ADC_Init
 *fill*         0x08002a6e        0x2 
 .text.HAL_ADC_Start_DMA
                0x08002a70      0x220 ./Drivers/STM32F4xx_HAL_Driver/Src/stm32f4xx_hal_adc.o
                0x08002a70                HAL_ADC_Start_DMA
 .text.HAL_ADC_ConvCpltCallback
                0x08002c90       0x14 ./Drivers/STM32F4xx_HAL_Driver/Src/stm32f4xx_hal_adc.o
                0x08002c90                HAL_ADC_ConvCpltCallback
 .text.HAL_ADC_ConvHalfCpltCallback
                0x08002ca4       0x14 ./Drivers/STM32F4xx_HAL_Driver/Src/stm32f4xx_hal_adc.o
                0x08002ca4                HAL_ADC_ConvHalfCpltCallback
 .text.HAL_ADC_ErrorCallback
                0x08002cb8       0x14 ./Drivers/STM32F4xx_HAL_Driver/Src/stm32f4xx_hal_adc.o
                0x08002cb8                HAL_ADC_ErrorCallback
 .text.HAL_ADC_ConfigChannel
                0x08002ccc      0x244 ./Drivers/STM32F4xx_HAL_Driver/Src/stm32f4xx_hal_adc.o
                0x08002ccc                HAL_ADC_ConfigChannel
 .text.ADC_Init
                0x08002f10      0x1f8 ./Drivers/STM32F4xx_HAL_Driver/Src/stm32f4xx_hal_adc.o
 .text.ADC_DMAConvCplt
                0x08003108       0xba ./Drivers/STM32F4xx_HAL_Driver/Src/stm32f4xx_hal_adc.o
 .text.ADC_DMAHalfConvCplt
                0x080031c2       0x1c ./Drivers/STM32F4xx_HAL_Driver/Src/stm32f4xx_hal_adc.o
 .text.ADC_DMAError
                0x080031de       0x2e ./Drivers/STM32F4xx_HAL_Driver/Src/stm32f4xx_hal_adc.o
 .text.__NVIC_SetPriorityGrouping
                0x0800320c       0x48 ./Drivers/STM32F4xx_HAL_Driver/Src/stm32f4xx_hal_cortex.o
 .text.__NVIC_GetPriorityGrouping
                0x08003254       0x1c ./Drivers/STM32F4xx_HAL_Driver/Src/stm32f4xx_hal_cortex.o
 .text.__NVIC_EnableIRQ
                0x08003270       0x3c ./Drivers/STM32F4xx_HAL_Driver/Src/stm32f4xx_hal_cortex.o
 .text.__NVIC_SetPriority
                0x080032ac       0x54 ./Drivers/STM32F4xx_HAL_Driver/Src/stm32f4xx_hal_cortex.o
 .text.NVIC_EncodePriority
                0x08003300       0x66 ./Drivers/STM32F4xx_HAL_Driver/Src/stm32f4xx_hal_cortex.o
 *fill*         0x08003366        0x2 
 .text.SysTick_Config
                0x08003368       0x44 ./Drivers/STM32F4xx_HAL_Driver/Src/stm32f4xx_hal_cortex.o
 .text.HAL_NVIC_SetPriorityGrouping
                0x080033ac       0x16 ./Drivers/STM32F4xx_HAL_Driver/Src/stm32f4xx_hal_cortex.o
                0x080033ac                HAL_NVIC_SetPriorityGrouping
 .text.HAL_NVIC_SetPriority
                0x080033c2       0x38 ./Drivers/STM32F4xx_HAL_Driver/Src/stm32f4xx_hal_cortex.o
                0x080033c2                HAL_NVIC_SetPriority
 .text.HAL_NVIC_EnableIRQ
                0x080033fa       0x1c ./Drivers/STM32F4xx_HAL_Driver/Src/stm32f4xx_hal_cortex.o
                0x080033fa                HAL_NVIC_EnableIRQ
 .text.HAL_SYSTICK_Config
                0x08003416       0x18 ./Drivers/STM32F4xx_HAL_Driver/Src/stm32f4xx_hal_cortex.o
                0x08003416                HAL_SYSTICK_Config
 *fill*         0x0800342e        0x2 
 .text.HAL_DMA_Init
                0x08003430      0x15c ./Drivers/STM32F4xx_HAL_Driver/Src/stm32f4xx_hal_dma.o
                0x08003430                HAL_DMA_Init
 .text.HAL_DMA_Start_IT
                0x0800358c       0xb0 ./Drivers/STM32F4xx_HAL_Driver/Src/stm32f4xx_hal_dma.o
                0x0800358c                HAL_DMA_Start_IT
 .text.HAL_DMA_IRQHandler
                0x0800363c      0x314 ./Drivers/STM32F4xx_HAL_Driver/Src/stm32f4xx_hal_dma.o
                0x0800363c                HAL_DMA_IRQHandler
 .text.DMA_SetConfig
                0x08003950       0x5c ./Drivers/STM32F4xx_HAL_Driver/Src/stm32f4xx_hal_dma.o
 .text.DMA_CalcBaseAndBitshift
                0x080039ac       0x6c ./Drivers/STM32F4xx_HAL_Driver/Src/stm32f4xx_hal_dma.o
 .text.DMA_CheckFifoParam
                0x08003a18       0xf8 ./Drivers/STM32F4xx_HAL_Driver/Src/stm32f4xx_hal_dma.o
 .text.HAL_FLASH_Program
                0x08003b10       0xa8 ./Drivers/STM32F4xx_HAL_Driver/Src/stm32f4xx_hal_flash.o
                0x08003b10                HAL_FLASH_Program
 .text.HAL_FLASH_Unlock
                0x08003bb8       0x44 ./Drivers/STM32F4xx_HAL_Driver/Src/stm32f4xx_hal_flash.o
                0x08003bb8                HAL_FLASH_Unlock
 .text.HAL_FLASH_Lock
                0x08003bfc       0x20 ./Drivers/STM32F4xx_HAL_Driver/Src/stm32f4xx_hal_flash.o
                0x08003bfc                HAL_FLASH_Lock
 .text.FLASH_WaitForLastOperation
                0x08003c1c       0x80 ./Drivers/STM32F4xx_HAL_Driver/Src/stm32f4xx_hal_flash.o
                0x08003c1c                FLASH_WaitForLastOperation
 .text.FLASH_Program_DoubleWord
                0x08003c9c       0x64 ./Drivers/STM32F4xx_HAL_Driver/Src/stm32f4xx_hal_flash.o
 .text.FLASH_Program_Word
                0x08003d00       0x44 ./Drivers/STM32F4xx_HAL_Driver/Src/stm32f4xx_hal_flash.o
 .text.FLASH_Program_HalfWord
                0x08003d44       0x48 ./Drivers/STM32F4xx_HAL_Driver/Src/stm32f4xx_hal_flash.o
 .text.FLASH_Program_Byte
                0x08003d8c       0x44 ./Drivers/STM32F4xx_HAL_Driver/Src/stm32f4xx_hal_flash.o
 .text.FLASH_SetErrorCode
                0x08003dd0       0xac ./Drivers/STM32F4xx_HAL_Driver/Src/stm32f4xx_hal_flash.o
 .text.HAL_FLASHEx_Erase
                0x08003e7c       0xe0 ./Drivers/STM32F4xx_HAL_Driver/Src/stm32f4xx_hal_flash_ex.o
                0x08003e7c                HAL_FLASHEx_Erase
 .text.FLASH_MassErase
                0x08003f5c       0x48 ./Drivers/STM32F4xx_HAL_Driver/Src/stm32f4xx_hal_flash_ex.o
 .text.FLASH_Erase_Sector
                0x08003fa4       0x90 ./Drivers/STM32F4xx_HAL_Driver/Src/stm32f4xx_hal_flash_ex.o
                0x08003fa4                FLASH_Erase_Sector
 .text.FLASH_FlushCaches
                0x08004034       0x8c ./Drivers/STM32F4xx_HAL_Driver/Src/stm32f4xx_hal_flash_ex.o
                0x08004034                FLASH_FlushCaches
 .text.HAL_GPIO_Init
                0x080040c0      0x338 ./Drivers/STM32F4xx_HAL_Driver/Src/stm32f4xx_hal_gpio.o
                0x080040c0                HAL_GPIO_Init
 .text.HAL_GPIO_ReadPin
                0x080043f8       0x30 ./Drivers/STM32F4xx_HAL_Driver/Src/stm32f4xx_hal_gpio.o
                0x080043f8                HAL_GPIO_ReadPin
 .text.HAL_GPIO_WritePin
                0x08004428       0x32 ./Drivers/STM32F4xx_HAL_Driver/Src/stm32f4xx_hal_gpio.o
                0x08004428                HAL_GPIO_WritePin
 *fill*         0x0800445a        0x2 
 .text.HAL_GPIO_EXTI_IRQHandler
                0x0800445c       0x30 ./Drivers/STM32F4xx_HAL_Driver/Src/stm32f4xx_hal_gpio.o
                0x0800445c                HAL_GPIO_EXTI_IRQHandler
 .text.HAL_HCD_Init
                0x0800448c       0xce ./Drivers/STM32F4xx_HAL_Driver/Src/stm32f4xx_hal_hcd.o
                0x0800448c                HAL_HCD_Init
 .text.HAL_HCD_HC_Init
                0x0800455a      0x170 ./Drivers/STM32F4xx_HAL_Driver/Src/stm32f4xx_hal_hcd.o
                0x0800455a                HAL_HCD_HC_Init
 .text.HAL_HCD_HC_Halt
                0x080046ca       0x46 ./Drivers/STM32F4xx_HAL_Driver/Src/stm32f4xx_hal_hcd.o
                0x080046ca                HAL_HCD_HC_Halt
 .text.HAL_HCD_HC_SubmitRequest
                0x08004710      0x33c ./Drivers/STM32F4xx_HAL_Driver/Src/stm32f4xx_hal_hcd.o
                0x08004710                HAL_HCD_HC_SubmitRequest
 .text.HAL_HCD_IRQHandler
                0x08004a4c      0x220 ./Drivers/STM32F4xx_HAL_Driver/Src/stm32f4xx_hal_hcd.o
                0x08004a4c                HAL_HCD_IRQHandler
 .text.HAL_HCD_Start
                0x08004c6c       0x46 ./Drivers/STM32F4xx_HAL_Driver/Src/stm32f4xx_hal_hcd.o
                0x08004c6c                HAL_HCD_Start
 .text.HAL_HCD_Stop
                0x08004cb2       0x3a ./Drivers/STM32F4xx_HAL_Driver/Src/stm32f4xx_hal_hcd.o
                0x08004cb2                HAL_HCD_Stop
 .text.HAL_HCD_ResetPort
                0x08004cec       0x1c ./Drivers/STM32F4xx_HAL_Driver/Src/stm32f4xx_hal_hcd.o
                0x08004cec                HAL_HCD_ResetPort
 .text.HAL_HCD_HC_GetURBState
                0x08004d08       0x2a ./Drivers/STM32F4xx_HAL_Driver/Src/stm32f4xx_hal_hcd.o
                0x08004d08                HAL_HCD_HC_GetURBState
 .text.HAL_HCD_HC_GetXferCount
                0x08004d32       0x2a ./Drivers/STM32F4xx_HAL_Driver/Src/stm32f4xx_hal_hcd.o
                0x08004d32                HAL_HCD_HC_GetXferCount
 .text.HAL_HCD_GetCurrentFrame
                0x08004d5c       0x1c ./Drivers/STM32F4xx_HAL_Driver/Src/stm32f4xx_hal_hcd.o
                0x08004d5c                HAL_HCD_GetCurrentFrame
 .text.HAL_HCD_GetCurrentSpeed
                0x08004d78       0x1c ./Drivers/STM32F4xx_HAL_Driver/Src/stm32f4xx_hal_hcd.o
                0x08004d78                HAL_HCD_GetCurrentSpeed
 .text.HAL_HCD_HC_ClearHubInfo
                0x08004d94       0x6a ./Drivers/STM32F4xx_HAL_Driver/Src/stm32f4xx_hal_hcd.o
                0x08004d94                HAL_HCD_HC_ClearHubInfo
 .text.HCD_HC_IN_IRQHandler
                0x08004dfe      0xcd2 ./Drivers/STM32F4xx_HAL_Driver/Src/stm32f4xx_hal_hcd.o
 .text.HCD_HC_OUT_IRQHandler
                0x08005ad0      0x94a ./Drivers/STM32F4xx_HAL_Driver/Src/stm32f4xx_hal_hcd.o
 .text.HCD_RXQLVL_IRQHandler
                0x0800641a      0x1be ./Drivers/STM32F4xx_HAL_Driver/Src/stm32f4xx_hal_hcd.o
 .text.HCD_Port_IRQHandler
                0x080065d8       0xe6 ./Drivers/STM32F4xx_HAL_Driver/Src/stm32f4xx_hal_hcd.o
 *fill*         0x080066be        0x2 
 .text.HAL_I2C_Init
                0x080066c0      0x288 ./Drivers/STM32F4xx_HAL_Driver/Src/stm32f4xx_hal_i2c.o
                0x080066c0                HAL_I2C_Init
 .text.HAL_I2C_Master_Transmit
                0x08006948      0x1fc ./Drivers/STM32F4xx_HAL_Driver/Src/stm32f4xx_hal_i2c.o
                0x08006948                HAL_I2C_Master_Transmit
 .text.HAL_I2C_Master_Receive
                0x08006b44      0x464 ./Drivers/STM32F4xx_HAL_Driver/Src/stm32f4xx_hal_i2c.o
                0x08006b44                HAL_I2C_Master_Receive
 .text.I2C_MasterRequestWrite
                0x08006fa8      0x104 ./Drivers/STM32F4xx_HAL_Driver/Src/stm32f4xx_hal_i2c.o
 .text.I2C_MasterRequestRead
                0x080070ac      0x19c ./Drivers/STM32F4xx_HAL_Driver/Src/stm32f4xx_hal_i2c.o
 .text.I2C_WaitOnFlagUntilTimeout
                0x08007248       0xf4 ./Drivers/STM32F4xx_HAL_Driver/Src/stm32f4xx_hal_i2c.o
 .text.I2C_WaitOnMasterAddressFlagUntilTimeout
                0x0800733c      0x140 ./Drivers/STM32F4xx_HAL_Driver/Src/stm32f4xx_hal_i2c.o
 .text.I2C_WaitOnTXEFlagUntilTimeout
                0x0800747c       0x90 ./Drivers/STM32F4xx_HAL_Driver/Src/stm32f4xx_hal_i2c.o
 .text.I2C_WaitOnBTFFlagUntilTimeout
                0x0800750c       0x90 ./Drivers/STM32F4xx_HAL_Driver/Src/stm32f4xx_hal_i2c.o
 .text.I2C_WaitOnRXNEFlagUntilTimeout
                0x0800759c       0xba ./Drivers/STM32F4xx_HAL_Driver/Src/stm32f4xx_hal_i2c.o
 .text.I2C_IsAcknowledgeFailed
                0x08007656       0x5e ./Drivers/STM32F4xx_HAL_Driver/Src/stm32f4xx_hal_i2c.o
 .text.HAL_RCC_OscConfig
                0x080076b4      0x4f0 ./Drivers/STM32F4xx_HAL_Driver/Src/stm32f4xx_hal_rcc.o
                0x080076b4                HAL_RCC_OscConfig
 .text.HAL_RCC_ClockConfig
                0x08007ba4      0x1cc ./Drivers/STM32F4xx_HAL_Driver/Src/stm32f4xx_hal_rcc.o
                0x08007ba4                HAL_RCC_ClockConfig
 .text.HAL_RCC_GetSysClockFreq
                0x08007d70      0x20c ./Drivers/STM32F4xx_HAL_Driver/Src/stm32f4xx_hal_rcc.o
                0x08007d70                HAL_RCC_GetSysClockFreq
 .text.HAL_RCC_GetHCLKFreq
                0x08007f7c       0x18 ./Drivers/STM32F4xx_HAL_Driver/Src/stm32f4xx_hal_rcc.o
                0x08007f7c                HAL_RCC_GetHCLKFreq
 .text.HAL_RCC_GetPCLK1Freq
                0x08007f94       0x28 ./Drivers/STM32F4xx_HAL_Driver/Src/stm32f4xx_hal_rcc.o
                0x08007f94                HAL_RCC_GetPCLK1Freq
 .text.HAL_RCC_GetPCLK2Freq
                0x08007fbc       0x28 ./Drivers/STM32F4xx_HAL_Driver/Src/stm32f4xx_hal_rcc.o
                0x08007fbc                HAL_RCC_GetPCLK2Freq
 .text.HAL_SPI_Init
                0x08007fe4      0x112 ./Drivers/STM32F4xx_HAL_Driver/Src/stm32f4xx_hal_spi.o
                0x08007fe4                HAL_SPI_Init
 .text.HAL_SPI_Transmit
                0x080080f6      0x286 ./Drivers/STM32F4xx_HAL_Driver/Src/stm32f4xx_hal_spi.o
                0x080080f6                HAL_SPI_Transmit
 .text.SPI_WaitFlagStateUntilTimeout
                0x0800837c      0x110 ./Drivers/STM32F4xx_HAL_Driver/Src/stm32f4xx_hal_spi.o
 .text.SPI_EndRxTxTransaction
                0x0800848c       0xa8 ./Drivers/STM32F4xx_HAL_Driver/Src/stm32f4xx_hal_spi.o
 .text.HAL_TIM_Base_Init
                0x08008534       0x9e ./Drivers/STM32F4xx_HAL_Driver/Src/stm32f4xx_hal_tim.o
                0x08008534                HAL_TIM_Base_Init
 .text.HAL_TIM_OC_Init
                0x080085d2       0x9e ./Drivers/STM32F4xx_HAL_Driver/Src/stm32f4xx_hal_tim.o
                0x080085d2                HAL_TIM_OC_Init
 .text.HAL_TIM_OC_MspInit
                0x08008670       0x14 ./Drivers/STM32F4xx_HAL_Driver/Src/stm32f4xx_hal_tim.o
                0x08008670                HAL_TIM_OC_MspInit
 .text.HAL_TIM_PWM_Init
                0x08008684       0x9e ./Drivers/STM32F4xx_HAL_Driver/Src/stm32f4xx_hal_tim.o
                0x08008684                HAL_TIM_PWM_Init
 .text.HAL_TIM_PWM_MspInit
                0x08008722       0x14 ./Drivers/STM32F4xx_HAL_Driver/Src/stm32f4xx_hal_tim.o
                0x08008722                HAL_TIM_PWM_MspInit
 *fill*         0x08008736        0x2 
 .text.HAL_TIM_PWM_Start
                0x08008738      0x190 ./Drivers/STM32F4xx_HAL_Driver/Src/stm32f4xx_hal_tim.o
                0x08008738                HAL_TIM_PWM_Start
 .text.HAL_TIM_IRQHandler
                0x080088c8      0x1e0 ./Drivers/STM32F4xx_HAL_Driver/Src/stm32f4xx_hal_tim.o
                0x080088c8                HAL_TIM_IRQHandler
 .text.HAL_TIM_OC_ConfigChannel
                0x08008aa8       0xb8 ./Drivers/STM32F4xx_HAL_Driver/Src/stm32f4xx_hal_tim.o
                0x08008aa8                HAL_TIM_OC_ConfigChannel
 .text.HAL_TIM_PWM_ConfigChannel
                0x08008b60      0x184 ./Drivers/STM32F4xx_HAL_Driver/Src/stm32f4xx_hal_tim.o
                0x08008b60                HAL_TIM_PWM_ConfigChannel
 .text.HAL_TIM_ConfigClockSource
                0x08008ce4      0x18e ./Drivers/STM32F4xx_HAL_Driver/Src/stm32f4xx_hal_tim.o
                0x08008ce4                HAL_TIM_ConfigClockSource
 .text.HAL_TIM_PeriodElapsedCallback
                0x08008e72       0x14 ./Drivers/STM32F4xx_HAL_Driver/Src/stm32f4xx_hal_tim.o
                0x08008e72                HAL_TIM_PeriodElapsedCallback
 .text.HAL_TIM_OC_DelayElapsedCallback
                0x08008e86       0x14 ./Drivers/STM32F4xx_HAL_Driver/Src/stm32f4xx_hal_tim.o
                0x08008e86                HAL_TIM_OC_DelayElapsedCallback
 .text.HAL_TIM_IC_CaptureCallback
                0x08008e9a       0x14 ./Drivers/STM32F4xx_HAL_Driver/Src/stm32f4xx_hal_tim.o
                0x08008e9a                HAL_TIM_IC_CaptureCallback
 .text.HAL_TIM_PWM_PulseFinishedCallback
                0x08008eae       0x14 ./Drivers/STM32F4xx_HAL_Driver/Src/stm32f4xx_hal_tim.o
                0x08008eae                HAL_TIM_PWM_PulseFinishedCallback
 .text.HAL_TIM_TriggerCallback
                0x08008ec2       0x14 ./Drivers/STM32F4xx_HAL_Driver/Src/stm32f4xx_hal_tim.o
                0x08008ec2                HAL_TIM_TriggerCallback
 *fill*         0x08008ed6        0x2 
 .text.TIM_Base_SetConfig
                0x08008ed8      0x158 ./Drivers/STM32F4xx_HAL_Driver/Src/stm32f4xx_hal_tim.o
                0x08008ed8                TIM_Base_SetConfig
 .text.TIM_OC1_SetConfig
                0x08009030       0xe0 ./Drivers/STM32F4xx_HAL_Driver/Src/stm32f4xx_hal_tim.o
 .text.TIM_OC2_SetConfig
                0x08009110       0xec ./Drivers/STM32F4xx_HAL_Driver/Src/stm32f4xx_hal_tim.o
                0x08009110                TIM_OC2_SetConfig
 .text.TIM_OC3_SetConfig
                0x080091fc       0xe8 ./Drivers/STM32F4xx_HAL_Driver/Src/stm32f4xx_hal_tim.o
 .text.TIM_OC4_SetConfig
                0x080092e4       0xac ./Drivers/STM32F4xx_HAL_Driver/Src/stm32f4xx_hal_tim.o
 .text.TIM_TI1_ConfigInputStage
                0x08009390       0x5e ./Drivers/STM32F4xx_HAL_Driver/Src/stm32f4xx_hal_tim.o
 .text.TIM_TI2_ConfigInputStage
                0x080093ee       0x60 ./Drivers/STM32F4xx_HAL_Driver/Src/stm32f4xx_hal_tim.o
 .text.TIM_ITRx_SetConfig
                0x0800944e       0x36 ./Drivers/STM32F4xx_HAL_Driver/Src/stm32f4xx_hal_tim.o
 .text.TIM_ETR_SetConfig
                0x08009484       0x40 ./Drivers/STM32F4xx_HAL_Driver/Src/stm32f4xx_hal_tim.o
                0x08009484                TIM_ETR_SetConfig
 .text.TIM_CCxChannelCmd
                0x080094c4       0x4a ./Drivers/STM32F4xx_HAL_Driver/Src/stm32f4xx_hal_tim.o
                0x080094c4                TIM_CCxChannelCmd
 *fill*         0x0800950e        0x2 
 .text.HAL_TIMEx_MasterConfigSynchronization
                0x08009510       0xf8 ./Drivers/STM32F4xx_HAL_Driver/Src/stm32f4xx_hal_tim_ex.o
                0x08009510                HAL_TIMEx_MasterConfigSynchronization
 .text.HAL_TIMEx_ConfigBreakDeadTime
                0x08009608       0xa4 ./Drivers/STM32F4xx_HAL_Driver/Src/stm32f4xx_hal_tim_ex.o
                0x08009608                HAL_TIMEx_ConfigBreakDeadTime
 .text.HAL_TIMEx_CommutCallback
                0x080096ac       0x14 ./Drivers/STM32F4xx_HAL_Driver/Src/stm32f4xx_hal_tim_ex.o
                0x080096ac                HAL_TIMEx_CommutCallback
 .text.HAL_TIMEx_BreakCallback
                0x080096c0       0x14 ./Drivers/STM32F4xx_HAL_Driver/Src/stm32f4xx_hal_tim_ex.o
                0x080096c0                HAL_TIMEx_BreakCallback
 .text.HAL_UART_Init
                0x080096d4       0xa0 ./Drivers/STM32F4xx_HAL_Driver/Src/stm32f4xx_hal_uart.o
                0x080096d4                HAL_UART_Init
 .text.HAL_UART_Transmit
                0x08009774      0x116 ./Drivers/STM32F4xx_HAL_Driver/Src/stm32f4xx_hal_uart.o
                0x08009774                HAL_UART_Transmit
 .text.UART_WaitOnFlagUntilTimeout
                0x0800988a       0xb2 ./Drivers/STM32F4xx_HAL_Driver/Src/stm32f4xx_hal_uart.o
 .text.UART_EndRxTransfer
                0x0800993c       0xc6 ./Drivers/STM32F4xx_HAL_Driver/Src/stm32f4xx_hal_uart.o
 *fill*         0x08009a02        0x2 
 .text.UART_SetConfig
                0x08009a04      0x4e8 ./Drivers/STM32F4xx_HAL_Driver/Src/stm32f4xx_hal_uart.o
 .text.USB_CoreInit
                0x08009eec       0xc8 ./Drivers/STM32F4xx_HAL_Driver/Src/stm32f4xx_ll_usb.o
                0x08009eec                USB_CoreInit
 .text.USB_EnableGlobalInt
                0x08009fb4       0x22 ./Drivers/STM32F4xx_HAL_Driver/Src/stm32f4xx_ll_usb.o
                0x08009fb4                USB_EnableGlobalInt
 .text.USB_DisableGlobalInt
                0x08009fd6       0x22 ./Drivers/STM32F4xx_HAL_Driver/Src/stm32f4xx_ll_usb.o
                0x08009fd6                USB_DisableGlobalInt
 .text.USB_SetCurrentMode
                0x08009ff8       0x98 ./Drivers/STM32F4xx_HAL_Driver/Src/stm32f4xx_ll_usb.o
                0x08009ff8                USB_SetCurrentMode
 .text.USB_FlushTxFifo
                0x0800a090       0x64 ./Drivers/STM32F4xx_HAL_Driver/Src/stm32f4xx_ll_usb.o
                0x0800a090                USB_FlushTxFifo
 .text.USB_FlushRxFifo
                0x0800a0f4       0x5c ./Drivers/STM32F4xx_HAL_Driver/Src/stm32f4xx_ll_usb.o
                0x0800a0f4                USB_FlushRxFifo
 .text.USB_WritePacket
                0x0800a150       0x7c ./Drivers/STM32F4xx_HAL_Driver/Src/stm32f4xx_ll_usb.o
                0x0800a150                USB_WritePacket
 .text.USB_ReadPacket
                0x0800a1cc       0xb0 ./Drivers/STM32F4xx_HAL_Driver/Src/stm32f4xx_ll_usb.o
                0x0800a1cc                USB_ReadPacket
 .text.USB_ReadInterrupts
                0x0800a27c       0x26 ./Drivers/STM32F4xx_HAL_Driver/Src/stm32f4xx_ll_usb.o
                0x0800a27c                USB_ReadInterrupts
 .text.USB_ReadChInterrupts
                0x0800a2a2       0x42 ./Drivers/STM32F4xx_HAL_Driver/Src/stm32f4xx_ll_usb.o
                0x0800a2a2                USB_ReadChInterrupts
 .text.USB_GetMode
                0x0800a2e4       0x1c ./Drivers/STM32F4xx_HAL_Driver/Src/stm32f4xx_ll_usb.o
                0x0800a2e4                USB_GetMode
 .text.USB_CoreReset
                0x0800a300       0x62 ./Drivers/STM32F4xx_HAL_Driver/Src/stm32f4xx_ll_usb.o
 *fill*         0x0800a362        0x2 
 .text.USB_HostInit
                0x0800a364      0x188 ./Drivers/STM32F4xx_HAL_Driver/Src/stm32f4xx_ll_usb.o
                0x0800a364                USB_HostInit
 .text.USB_InitFSLSPClkSel
                0x0800a4ec       0x7a ./Drivers/STM32F4xx_HAL_Driver/Src/stm32f4xx_ll_usb.o
                0x0800a4ec                USB_InitFSLSPClkSel
 .text.USB_ResetPort
                0x0800a566       0x54 ./Drivers/STM32F4xx_HAL_Driver/Src/stm32f4xx_ll_usb.o
                0x0800a566                USB_ResetPort
 .text.USB_DriveVbus
                0x0800a5ba       0x72 ./Drivers/STM32F4xx_HAL_Driver/Src/stm32f4xx_ll_usb.o
                0x0800a5ba                USB_DriveVbus
 .text.USB_GetHostSpeed
                0x0800a62c       0x2e ./Drivers/STM32F4xx_HAL_Driver/Src/stm32f4xx_ll_usb.o
                0x0800a62c                USB_GetHostSpeed
 .text.USB_GetCurrentFrame
                0x0800a65a       0x22 ./Drivers/STM32F4xx_HAL_Driver/Src/stm32f4xx_ll_usb.o
                0x0800a65a                USB_GetCurrentFrame
 .text.USB_HC_Init
                0x0800a67c      0x258 ./Drivers/STM32F4xx_HAL_Driver/Src/stm32f4xx_ll_usb.o
                0x0800a67c                USB_HC_Init
 .text.USB_HC_StartXfer
                0x0800a8d4      0x4f4 ./Drivers/STM32F4xx_HAL_Driver/Src/stm32f4xx_ll_usb.o
                0x0800a8d4                USB_HC_StartXfer
 .text.USB_HC_ReadInterrupt
                0x0800adc8       0x22 ./Drivers/STM32F4xx_HAL_Driver/Src/stm32f4xx_ll_usb.o
                0x0800adc8                USB_HC_ReadInterrupt
 .text.USB_HC_Halt
                0x0800adea      0x240 ./Drivers/STM32F4xx_HAL_Driver/Src/stm32f4xx_ll_usb.o
                0x0800adea                USB_HC_Halt
 *fill*         0x0800b02a        0x2 
 .text.USB_DoPing
                0x0800b02c       0x78 ./Drivers/STM32F4xx_HAL_Driver/Src/stm32f4xx_ll_usb.o
                0x0800b02c                USB_DoPing
 .text.USB_StopHost
                0x0800b0a4      0x124 ./Drivers/STM32F4xx_HAL_Driver/Src/stm32f4xx_ll_usb.o
                0x0800b0a4                USB_StopHost
 .text.USBH_HID_InterfaceInit
                0x0800b1c8      0x288 ./Middlewares/ST/STM32_USB_Host_Library/Class/HID/Src/usbh_hid.o
 .text.USBH_HID_InterfaceDeInit
                0x0800b450       0x8c ./Middlewares/ST/STM32_USB_Host_Library/Class/HID/Src/usbh_hid.o
 .text.USBH_HID_ClassRequest
                0x0800b4dc       0xfc ./Middlewares/ST/STM32_USB_Host_Library/Class/HID/Src/usbh_hid.o
 .text.USBH_HID_Process
                0x0800b5d8      0x1a4 ./Middlewares/ST/STM32_USB_Host_Library/Class/HID/Src/usbh_hid.o
 .text.USBH_HID_SOFProcess
                0x0800b77c       0x42 ./Middlewares/ST/STM32_USB_Host_Library/Class/HID/Src/usbh_hid.o
 .text.USBH_HID_GetHIDReportDescriptor
                0x0800b7be       0x3e ./Middlewares/ST/STM32_USB_Host_Library/Class/HID/Src/usbh_hid.o
                0x0800b7be                USBH_HID_GetHIDReportDescriptor
 .text.USBH_HID_SetIdle
                0x0800b7fc       0x50 ./Middlewares/ST/STM32_USB_Host_Library/Class/HID/Src/usbh_hid.o
                0x0800b7fc                USBH_HID_SetIdle
 .text.USBH_HID_GetReport
                0x0800b84c       0x58 ./Middlewares/ST/STM32_USB_Host_Library/Class/HID/Src/usbh_hid.o
                0x0800b84c                USBH_HID_GetReport
 .text.USBH_HID_SetProtocol
                0x0800b8a4       0x4c ./Middlewares/ST/STM32_USB_Host_Library/Class/HID/Src/usbh_hid.o
                0x0800b8a4                USBH_HID_SetProtocol
 .text.USBH_HID_ParseHIDDesc
                0x0800b8f0       0xb6 ./Middlewares/ST/STM32_USB_Host_Library/Class/HID/Src/usbh_hid.o
 .text.USBH_HID_GetDeviceType
                0x0800b9a6       0x54 ./Middlewares/ST/STM32_USB_Host_Library/Class/HID/Src/usbh_hid.o
                0x0800b9a6                USBH_HID_GetDeviceType
 .text.USBH_HID_FifoInit
                0x0800b9fa       0x38 ./Middlewares/ST/STM32_USB_Host_Library/Class/HID/Src/usbh_hid.o
                0x0800b9fa                USBH_HID_FifoInit
 .text.USBH_HID_FifoRead
                0x0800ba32       0x92 ./Middlewares/ST/STM32_USB_Host_Library/Class/HID/Src/usbh_hid.o
                0x0800ba32                USBH_HID_FifoRead
 .text.USBH_HID_FifoWrite
                0x0800bac4       0xa8 ./Middlewares/ST/STM32_USB_Host_Library/Class/HID/Src/usbh_hid.o
                0x0800bac4                USBH_HID_FifoWrite
 .text.USBH_HID_KeybdInit
                0x0800bb6c       0xa8 ./Middlewares/ST/STM32_USB_Host_Library/Class/HID/Src/usbh_hid_keybd.o
                0x0800bb6c                USBH_HID_KeybdInit
 .text.USBH_HID_GetKeybdInfo
                0x0800bc14       0x28 ./Middlewares/ST/STM32_USB_Host_Library/Class/HID/Src/usbh_hid_keybd.o
                0x0800bc14                USBH_HID_GetKeybdInfo
 .text.USBH_HID_KeybdDecode
                0x0800bc3c      0x128 ./Middlewares/ST/STM32_USB_Host_Library/Class/HID/Src/usbh_hid_keybd.o
 .text.USBH_HID_GetASCIICode
                0x0800bd64       0x58 ./Middlewares/ST/STM32_USB_Host_Library/Class/HID/Src/usbh_hid_keybd.o
                0x0800bd64                USBH_HID_GetASCIICode
 .text.USBH_HID_MouseInit
                0x0800bdbc       0x94 ./Middlewares/ST/STM32_USB_Host_Library/Class/HID/Src/usbh_hid_mouse.o
                0x0800bdbc                USBH_HID_MouseInit
 .text.HID_ReadItem
                0x0800be50      0x134 ./Middlewares/ST/STM32_USB_Host_Library/Class/HID/Src/usbh_hid_parser.o
                0x0800be50                HID_ReadItem
 .text.USBH_Init
                0x0800bf84       0x74 ./Middlewares/ST/STM32_USB_Host_Library/Core/Src/usbh_core.o
                0x0800bf84                USBH_Init
 .text.DeInitStateMachine
                0x0800bff8       0xe6 ./Middlewares/ST/STM32_USB_Host_Library/Core/Src/usbh_core.o
 .text.USBH_RegisterClass
                0x0800c0de       0x54 ./Middlewares/ST/STM32_USB_Host_Library/Core/Src/usbh_core.o
                0x0800c0de                USBH_RegisterClass
 .text.USBH_SelectInterface
                0x0800c132       0x38 ./Middlewares/ST/STM32_USB_Host_Library/Core/Src/usbh_core.o
                0x0800c132                USBH_SelectInterface
 .text.USBH_FindInterface
                0x0800c16a       0x8c ./Middlewares/ST/STM32_USB_Host_Library/Core/Src/usbh_core.o
                0x0800c16a                USBH_FindInterface
 .text.USBH_Start
                0x0800c1f6       0x20 ./Middlewares/ST/STM32_USB_Host_Library/Core/Src/usbh_core.o
                0x0800c1f6                USBH_Start
 *fill*         0x0800c216        0x2 
 .text.USBH_Process
                0x0800c218      0x3d0 ./Middlewares/ST/STM32_USB_Host_Library/Core/Src/usbh_core.o
                0x0800c218                USBH_Process
 .text.USBH_HandleEnum
                0x0800c5e8      0x3c0 ./Middlewares/ST/STM32_USB_Host_Library/Core/Src/usbh_core.o
 .text.USBH_LL_SetTimer
                0x0800c9a8       0x1e ./Middlewares/ST/STM32_USB_Host_Library/Core/Src/usbh_core.o
                0x0800c9a8                USBH_LL_SetTimer
 .text.USBH_LL_IncTimer
                0x0800c9c6       0x24 ./Middlewares/ST/STM32_USB_Host_Library/Core/Src/usbh_core.o
                0x0800c9c6                USBH_LL_IncTimer
 .text.USBH_HandleSof
                0x0800c9ea       0x30 ./Middlewares/ST/STM32_USB_Host_Library/Core/Src/usbh_core.o
 .text.USBH_LL_PortEnabled
                0x0800ca1a       0x1c ./Middlewares/ST/STM32_USB_Host_Library/Core/Src/usbh_core.o
                0x0800ca1a                USBH_LL_PortEnabled
 .text.USBH_LL_PortDisabled
                0x0800ca36       0x1c ./Middlewares/ST/STM32_USB_Host_Library/Core/Src/usbh_core.o
                0x0800ca36                USBH_LL_PortDisabled
 .text.USBH_LL_Connect
                0x0800ca52       0x2e ./Middlewares/ST/STM32_USB_Host_Library/Core/Src/usbh_core.o
                0x0800ca52                USBH_LL_Connect
 .text.USBH_LL_Disconnect
                0x0800ca80       0x48 ./Middlewares/ST/STM32_USB_Host_Library/Core/Src/usbh_core.o
                0x0800ca80                USBH_LL_Disconnect
 .text.USBH_Get_DevDesc
                0x0800cac8       0x58 ./Middlewares/ST/STM32_USB_Host_Library/Core/Src/usbh_ctlreq.o
                0x0800cac8                USBH_Get_DevDesc
 .text.USBH_Get_CfgDesc
                0x0800cb20       0x54 ./Middlewares/ST/STM32_USB_Host_Library/Core/Src/usbh_ctlreq.o
                0x0800cb20                USBH_Get_CfgDesc
 .text.USBH_Get_StringDesc
                0x0800cb74       0x68 ./Middlewares/ST/STM32_USB_Host_Library/Core/Src/usbh_ctlreq.o
                0x0800cb74                USBH_Get_StringDesc
 .text.USBH_GetDescriptor
                0x0800cbdc       0x6a ./Middlewares/ST/STM32_USB_Host_Library/Core/Src/usbh_ctlreq.o
                0x0800cbdc                USBH_GetDescriptor
 .text.USBH_SetAddress
                0x0800cc46       0x48 ./Middlewares/ST/STM32_USB_Host_Library/Core/Src/usbh_ctlreq.o
                0x0800cc46                USBH_SetAddress
 .text.USBH_SetCfg
                0x0800cc8e       0x46 ./Middlewares/ST/STM32_USB_Host_Library/Core/Src/usbh_ctlreq.o
                0x0800cc8e                USBH_SetCfg
 .text.USBH_SetFeature
                0x0800ccd4       0x48 ./Middlewares/ST/STM32_USB_Host_Library/Core/Src/usbh_ctlreq.o
                0x0800ccd4                USBH_SetFeature
 .text.USBH_ClrFeature
                0x0800cd1c       0x48 ./Middlewares/ST/STM32_USB_Host_Library/Core/Src/usbh_ctlreq.o
                0x0800cd1c                USBH_ClrFeature
 .text.USBH_ParseDevDesc
                0x0800cd64      0x160 ./Middlewares/ST/STM32_USB_Host_Library/Core/Src/usbh_ctlreq.o
 .text.USBH_ParseCfgDesc
                0x0800cec4      0x1f0 ./Middlewares/ST/STM32_USB_Host_Library/Core/Src/usbh_ctlreq.o
 .text.USBH_ParseInterfaceDesc
                0x0800d0b4       0x68 ./Middlewares/ST/STM32_USB_Host_Library/Core/Src/usbh_ctlreq.o
 .text.USBH_ParseEPDesc
                0x0800d11c      0x1d0 ./Middlewares/ST/STM32_USB_Host_Library/Core/Src/usbh_ctlreq.o
 .text.USBH_ParseStringDesc
                0x0800d2ec       0x66 ./Middlewares/ST/STM32_USB_Host_Library/Core/Src/usbh_ctlreq.o
 .text.USBH_GetNextDesc
                0x0800d352       0x34 ./Middlewares/ST/STM32_USB_Host_Library/Core/Src/usbh_ctlreq.o
                0x0800d352                USBH_GetNextDesc
 .text.USBH_CtlReq
                0x0800d386       0x7a ./Middlewares/ST/STM32_USB_Host_Library/Core/Src/usbh_ctlreq.o
                0x0800d386                USBH_CtlReq
 .text.USBH_HandleControl
                0x0800d400      0x2e8 ./Middlewares/ST/STM32_USB_Host_Library/Core/Src/usbh_ctlreq.o
 .text.USBH_CtlSendSetup
                0x0800d6e8       0x34 ./Middlewares/ST/STM32_USB_Host_Library/Core/Src/usbh_ioreq.o
                0x0800d6e8                USBH_CtlSendSetup
 .text.USBH_CtlSendData
                0x0800d71c       0x4a ./Middlewares/ST/STM32_USB_Host_Library/Core/Src/usbh_ioreq.o
                0x0800d71c                USBH_CtlSendData
 .text.USBH_CtlReceiveData
                0x0800d766       0x3c ./Middlewares/ST/STM32_USB_Host_Library/Core/Src/usbh_ioreq.o
                0x0800d766                USBH_CtlReceiveData
 .text.USBH_InterruptReceiveData
                0x0800d7a2       0x3e ./Middlewares/ST/STM32_USB_Host_Library/Core/Src/usbh_ioreq.o
                0x0800d7a2                USBH_InterruptReceiveData
 .text.USBH_OpenPipe
                0x0800d7e0       0x3e ./Middlewares/ST/STM32_USB_Host_Library/Core/Src/usbh_pipes.o
                0x0800d7e0                USBH_OpenPipe
 .text.USBH_ClosePipe
                0x0800d81e       0x20 ./Middlewares/ST/STM32_USB_Host_Library/Core/Src/usbh_pipes.o
                0x0800d81e                USBH_ClosePipe
 .text.USBH_AllocPipe
                0x0800d83e       0x42 ./Middlewares/ST/STM32_USB_Host_Library/Core/Src/usbh_pipes.o
                0x0800d83e                USBH_AllocPipe
 .text.USBH_FreePipe
                0x0800d880       0x3c ./Middlewares/ST/STM32_USB_Host_Library/Core/Src/usbh_pipes.o
                0x0800d880                USBH_FreePipe
 .text.USBH_GetFreePipe
                0x0800d8bc       0x48 ./Middlewares/ST/STM32_USB_Host_Library/Core/Src/usbh_pipes.o
 .text.MX_USB_HOST_Init
                0x0800d904       0x4c ./USB_HOST/App/usb_host.o
                0x0800d904                MX_USB_HOST_Init
 .text.MX_USB_HOST_Process
                0x0800d950       0x14 ./USB_HOST/App/usb_host.o
                0x0800d950                MX_USB_HOST_Process
 .text.USBH_UserProcess
                0x0800d964       0x5c ./USB_HOST/App/usb_host.o
 .text.HAL_HCD_MspInit
                0x0800d9c0       0xc4 ./USB_HOST/Target/usbh_conf.o
                0x0800d9c0                HAL_HCD_MspInit
 .text.HAL_HCD_SOF_Callback
                0x0800da84       0x1c ./USB_HOST/Target/usbh_conf.o
                0x0800da84                HAL_HCD_SOF_Callback
 .text.HAL_HCD_Connect_Callback
                0x0800daa0       0x1c ./USB_HOST/Target/usbh_conf.o
                0x0800daa0                HAL_HCD_Connect_Callback
 .text.HAL_HCD_Disconnect_Callback
                0x0800dabc       0x1c ./USB_HOST/Target/usbh_conf.o
                0x0800dabc                HAL_HCD_Disconnect_Callback
 .text.HAL_HCD_HC_NotifyURBChange_Callback
                0x0800dad8       0x1c ./USB_HOST/Target/usbh_conf.o
                0x0800dad8                HAL_HCD_HC_NotifyURBChange_Callback
 .text.HAL_HCD_PortEnabled_Callback
                0x0800daf4       0x1c ./USB_HOST/Target/usbh_conf.o
                0x0800daf4                HAL_HCD_PortEnabled_Callback
 .text.HAL_HCD_PortDisabled_Callback
                0x0800db10       0x1c ./USB_HOST/Target/usbh_conf.o
                0x0800db10                HAL_HCD_PortDisabled_Callback
 .text.USBH_LL_Init
                0x0800db2c       0x78 ./USB_HOST/Target/usbh_conf.o
                0x0800db2c                USBH_LL_Init
 .text.USBH_LL_Start
                0x0800dba4       0x36 ./USB_HOST/Target/usbh_conf.o
                0x0800dba4                USBH_LL_Start
 .text.USBH_LL_Stop
                0x0800dbda       0x36 ./USB_HOST/Target/usbh_conf.o
                0x0800dbda                USBH_LL_Stop
 .text.USBH_LL_GetSpeed
                0x0800dc10       0x4e ./USB_HOST/Target/usbh_conf.o
                0x0800dc10                USBH_LL_GetSpeed
 .text.USBH_LL_ResetPort
                0x0800dc5e       0x36 ./USB_HOST/Target/usbh_conf.o
                0x0800dc5e                USBH_LL_ResetPort
 .text.USBH_LL_GetLastXferSize
                0x0800dc94       0x26 ./USB_HOST/Target/usbh_conf.o
                0x0800dc94                USBH_LL_GetLastXferSize
 .text.USBH_LL_OpenPipe
                0x0800dcba       0x5e ./USB_HOST/Target/usbh_conf.o
                0x0800dcba                USBH_LL_OpenPipe
 .text.USBH_LL_ClosePipe
                0x0800dd18       0x3e ./USB_HOST/Target/usbh_conf.o
                0x0800dd18                USBH_LL_ClosePipe
 .text.USBH_LL_SubmitURB
                0x0800dd56       0x62 ./USB_HOST/Target/usbh_conf.o
                0x0800dd56                USBH_LL_SubmitURB
 .text.USBH_LL_GetURBState
                0x0800ddb8       0x26 ./USB_HOST/Target/usbh_conf.o
                0x0800ddb8                USBH_LL_GetURBState
 .text.USBH_LL_DriverVBUS
                0x0800ddde       0x2e ./USB_HOST/Target/usbh_conf.o
                0x0800ddde                USBH_LL_DriverVBUS
 .text.USBH_LL_SetToggle
                0x0800de0c       0x66 ./USB_HOST/Target/usbh_conf.o
                0x0800de0c                USBH_LL_SetToggle
 .text.USBH_Delay
                0x0800de72       0x16 ./USB_HOST/Target/usbh_conf.o
                0x0800de72                USBH_Delay
 .text.USBH_Get_USB_Status
                0x0800de88       0x58 ./USB_HOST/Target/usbh_conf.o
                0x0800de88                USBH_Get_USB_Status
 .text.MX_DriverVbusFS
                0x0800dee0       0x38 ./USB_HOST/Target/usbh_platform.o
                0x0800dee0                MX_DriverVbusFS
 .text.Send_TO_BLE
                0x0800df18      0x15c ./USER/SRC/BLE.o
                0x0800df18                Send_TO_BLE
 .text.ExtractDATA
                0x0800e074      0x138 ./USER/SRC/BLE.o
                0x0800e074                ExtractDATA
 .text.USBH_HID_EventCallback
                0x0800e1ac       0x3c ./USER/SRC/Barcode.o
                0x0800e1ac                USBH_HID_EventCallback
 .text.process_id
                0x0800e1e8       0x74 ./USER/SRC/Barcode.o
                0x0800e1e8                process_id
 *fill*         0x0800e25c        0x4 
 .text.capture_and_send_data
                0x0800e260      0x168 ./USER/SRC/Calculation.o
                0x0800e260                capture_and_send_data
 .text.FindLastBilResultIndex
                0x0800e3c8       0x7c ./USER/SRC/Flash.o
                0x0800e3c8                FindLastBilResultIndex
 .text.SaveBilResultToFlash
                0x0800e444      0x1d0 ./USER/SRC/Flash.o
                0x0800e444                SaveBilResultToFlash
 .text.ReadBilResultsFromFlash
                0x0800e614       0x62 ./USER/SRC/Flash.o
                0x0800e614                ReadBilResultsFromFlash
 .text.EraseFlashSector
                0x0800e676       0x3c ./USER/SRC/Flash.o
                0x0800e676                EraseFlashSector
 *fill*         0x0800e6b2        0x2 
 .text.GetSectorAddress
                0x0800e6b4       0x78 ./USER/SRC/Flash.o
                0x0800e6b4                GetSectorAddress
 .text.LCD      0x0800e72c       0x10 ./USER/SRC/LCD.o
                0x0800e72c                LCD
 .text.LCD_DisplayMenu
                0x0800e73c      0x8bc ./USER/SRC/LCD.o
                0x0800e73c                LCD_DisplayMenu
 .text.LCD_HandleButtonPress
                0x0800eff8      0x218 ./USER/SRC/LCD.o
                0x0800eff8                LCD_HandleButtonPress
 .text.HighlightNumber
                0x0800f210       0x68 ./USER/SRC/LCD.o
                0x0800f210                HighlightNumber
 .text.EditRTC  0x0800f278      0x4e4 ./USER/SRC/LCD.o
                0x0800f278                EditRTC
 *fill*         0x0800f75c        0x4 
 .text.BatteryPercentage
                0x0800f760      0x108 ./USER/SRC/LCD.o
                0x0800f760                BatteryPercentage
 .text.CalculateBatteryPercentage
                0x0800f868       0xb8 ./USER/SRC/LCD.o
                0x0800f868                CalculateBatteryPercentage
 .text.CalculateAverage
                0x0800f920       0x62 ./USER/SRC/LCD.o
                0x0800f920                CalculateAverage
 *fill*         0x0800f982        0x2 
 .text.DisplayPercentage
                0x0800f984      0x128 ./USER/SRC/LCD.o
                0x0800f984                DisplayPercentage
 .text.GetBatteryIcon
                0x0800faac       0x74 ./USER/SRC/LCD.o
                0x0800faac                GetBatteryIcon
 .text.TIM1_TRG_COM_TIM11_IRQHandler
                0x0800fb20       0x28 ./USER/SRC/LCD.o
                0x0800fb20                TIM1_TRG_COM_TIM11_IRQHandler
 .text.TIM1_UP_TIM10_IRQHandler
                0x0800fb48       0x38 ./USER/SRC/LCD.o
                0x0800fb48                TIM1_UP_TIM10_IRQHandler
 .text.LCD_UpdateMenu
                0x0800fb80        0xc ./USER/SRC/LCD.o
                0x0800fb80                LCD_UpdateMenu
 .text.MeasureAverage
                0x0800fb8c       0x74 ./USER/SRC/LCD.o
                0x0800fb8c                MeasureAverage
 .text.LCD_Reset
                0x0800fc00       0x9c ./USER/SRC/LCD.o
                0x0800fc00                LCD_Reset
 .text.DoesTestComplete
                0x0800fc9c       0x84 ./USER/SRC/LCD.o
                0x0800fc9c                DoesTestComplete
 .text.decToBcd
                0x0800fd20       0x4c ./USER/SRC/RTC.o
                0x0800fd20                decToBcd
 .text.bcdToDec
                0x0800fd6c       0x30 ./USER/SRC/RTC.o
                0x0800fd6c                bcdToDec
 .text.RTC_Init
                0x0800fd9c       0x28 ./USER/SRC/RTC.o
                0x0800fd9c                RTC_Init
 .text.RTC_SetTime
                0x0800fdc4       0x9c ./USER/SRC/RTC.o
                0x0800fdc4                RTC_SetTime
 .text.RTC_GetTime
                0x0800fe60       0xc4 ./USER/SRC/RTC.o
                0x0800fe60                RTC_GetTime
 .text.RTC_DisplayTime
                0x0800ff24       0xd8 ./USER/SRC/RTC.o
                0x0800ff24                RTC_DisplayTime
 .text.spectrometer
                0x0800fffc       0x58 ./USER/SRC/Spectrometer.o
                0x0800fffc                spectrometer
 .text.generate_spectrometer_signals
                0x08010054       0x74 ./USER/SRC/Spectrometer.o
                0x08010054                generate_spectrometer_signals
 .text.EXTI4_IRQHandler
                0x080100c8        0xe ./USER/SRC/Spectrometer.o
                0x080100c8                EXTI4_IRQHandler
 *fill*         0x080100d6        0x2 
 .text.DWT_Init
                0x080100d8       0x30 ./USER/SRC/Spectrometer.o
                0x080100d8                DWT_Init
 .text.DWT_GetSysClockFreq
                0x08010108       0x18 ./USER/SRC/Spectrometer.o
                0x08010108                DWT_GetSysClockFreq
 .text.DWT_Delay
                0x08010120       0x48 ./USER/SRC/Spectrometer.o
                0x08010120                DWT_Delay
 .text.__NVIC_EnableIRQ
                0x08010168       0x3c ./USER/SRC/System.o
 .text.systemLoop
                0x080101a4       0x14 ./USER/SRC/System.o
                0x080101a4                systemLoop
 .text.systemSetup
                0x080101b8       0x1c ./USER/SRC/System.o
                0x080101b8                systemSetup
 .text.SpectrometerSetup
                0x080101d4       0x48 ./USER/SRC/System.o
                0x080101d4                SpectrometerSetup
 .text.LCD_Setup
                0x0801021c       0x48 ./USER/SRC/System.o
                0x0801021c                LCD_Setup
 .text.USB_Setup
                0x08010264       0x18 ./USER/SRC/System.o
                0x08010264                USB_Setup
 .text.FLASH_Setup
                0x0801027c        0xc ./USER/SRC/System.o
                0x0801027c                FLASH_Setup
 .text.Aymed_Logo
                0x08010288       0x44 ./USER/SRC/System.o
                0x08010288                Aymed_Logo
 .text.BatteryLevelFilterInit
                0x080102cc       0x48 ./USER/SRC/System.o
                0x080102cc                BatteryLevelFilterInit
 .text.TIM11_Init
                0x08010314       0x54 ./USER/SRC/System.o
                0x08010314                TIM11_Init
 .text.TIM10_Init
                0x08010368       0x54 ./USER/SRC/System.o
                0x08010368                TIM10_Init
 .text.EXTI9_5_IRQHandler
                0x080103bc       0x10 ./USER/SRC/System.o
                0x080103bc                EXTI9_5_IRQHandler
 .text.HAL_GPIO_EXTI_Callback
                0x080103cc       0x50 ./USER/SRC/System.o
                0x080103cc                HAL_GPIO_EXTI_Callback
 .text.malloc   0x0801041c       0x10 C:/ST/STM32CubeIDE_1.15.0/STM32CubeIDE/plugins/com.st.stm32cube.ide.mcu.externaltools.gnu-tools-for-stm32.12.3.rel1.win32_1.0.200.202406191623/tools/bin/../lib/gcc/arm-none-eabi/12.3.1/../../../../arm-none-eabi/lib/thumb/v7e-m+fp/hard\libc_nano.a(libc_a-malloc.o)
                0x0801041c                malloc
 .text.free     0x0801042c       0x10 C:/ST/STM32CubeIDE_1.15.0/STM32CubeIDE/plugins/com.st.stm32cube.ide.mcu.externaltools.gnu-tools-for-stm32.12.3.rel1.win32_1.0.200.202406191623/tools/bin/../lib/gcc/arm-none-eabi/12.3.1/../../../../arm-none-eabi/lib/thumb/v7e-m+fp/hard\libc_nano.a(libc_a-malloc.o)
                0x0801042c                free
 .text.sbrk_aligned
                0x0801043c       0x44 C:/ST/STM32CubeIDE_1.15.0/STM32CubeIDE/plugins/com.st.stm32cube.ide.mcu.externaltools.gnu-tools-for-stm32.12.3.rel1.win32_1.0.200.202406191623/tools/bin/../lib/gcc/arm-none-eabi/12.3.1/../../../../arm-none-eabi/lib/thumb/v7e-m+fp/hard\libc_nano.a(libc_a-mallocr.o)
 .text._malloc_r
                0x08010480      0x100 C:/ST/STM32CubeIDE_1.15.0/STM32CubeIDE/plugins/com.st.stm32cube.ide.mcu.externaltools.gnu-tools-for-stm32.12.3.rel1.win32_1.0.200.202406191623/tools/bin/../lib/gcc/arm-none-eabi/12.3.1/../../../../arm-none-eabi/lib/thumb/v7e-m+fp/hard\libc_nano.a(libc_a-mallocr.o)
                0x08010480                _malloc_r
 .text.__malloc_lock
                0x08010580        0xc C:/ST/STM32CubeIDE_1.15.0/STM32CubeIDE/plugins/com.st.stm32cube.ide.mcu.externaltools.gnu-tools-for-stm32.12.3.rel1.win32_1.0.200.202406191623/tools/bin/../lib/gcc/arm-none-eabi/12.3.1/../../../../arm-none-eabi/lib/thumb/v7e-m+fp/hard\libc_nano.a(libc_a-mlock.o)
                0x08010580                __malloc_lock
 .text.__malloc_unlock
                0x0801058c        0xc C:/ST/STM32CubeIDE_1.15.0/STM32CubeIDE/plugins/com.st.stm32cube.ide.mcu.externaltools.gnu-tools-for-stm32.12.3.rel1.win32_1.0.200.202406191623/tools/bin/../lib/gcc/arm-none-eabi/12.3.1/../../../../arm-none-eabi/lib/thumb/v7e-m+fp/hard\libc_nano.a(libc_a-mlock.o)
                0x0801058c                __malloc_unlock
 .text.__cvt    0x08010598       0xca C:/ST/STM32CubeIDE_1.15.0/STM32CubeIDE/plugins/com.st.stm32cube.ide.mcu.externaltools.gnu-tools-for-stm32.12.3.rel1.win32_1.0.200.202406191623/tools/bin/../lib/gcc/arm-none-eabi/12.3.1/../../../../arm-none-eabi/lib/thumb/v7e-m+fp/hard\libc_nano.a(libc_a-nano-vfprintf_float.o)
                0x08010598                __cvt
 .text.__exponent
                0x08010662       0x74 C:/ST/STM32CubeIDE_1.15.0/STM32CubeIDE/plugins/com.st.stm32cube.ide.mcu.externaltools.gnu-tools-for-stm32.12.3.rel1.win32_1.0.200.202406191623/tools/bin/../lib/gcc/arm-none-eabi/12.3.1/../../../../arm-none-eabi/lib/thumb/v7e-m+fp/hard\libc_nano.a(libc_a-nano-vfprintf_float.o)
                0x08010662                __exponent
 *fill*         0x080106d6        0x2 
 .text._printf_float
                0x080106d8      0x454 C:/ST/STM32CubeIDE_1.15.0/STM32CubeIDE/plugins/com.st.stm32cube.ide.mcu.externaltools.gnu-tools-for-stm32.12.3.rel1.win32_1.0.200.202406191623/tools/bin/../lib/gcc/arm-none-eabi/12.3.1/../../../../arm-none-eabi/lib/thumb/v7e-m+fp/hard\libc_nano.a(libc_a-nano-vfprintf_float.o)
                0x080106d8                _printf_float
 .text._printf_common
                0x08010b2c       0xda C:/ST/STM32CubeIDE_1.15.0/STM32CubeIDE/plugins/com.st.stm32cube.ide.mcu.externaltools.gnu-tools-for-stm32.12.3.rel1.win32_1.0.200.202406191623/tools/bin/../lib/gcc/arm-none-eabi/12.3.1/../../../../arm-none-eabi/lib/thumb/v7e-m+fp/hard\libc_nano.a(libc_a-nano-vfprintf_i.o)
                0x08010b2c                _printf_common
 *fill*         0x08010c06        0x2 
 .text._printf_i
                0x08010c08      0x240 C:/ST/STM32CubeIDE_1.15.0/STM32CubeIDE/plugins/com.st.stm32cube.ide.mcu.externaltools.gnu-tools-for-stm32.12.3.rel1.win32_1.0.200.202406191623/tools/bin/../lib/gcc/arm-none-eabi/12.3.1/../../../../arm-none-eabi/lib/thumb/v7e-m+fp/hard\libc_nano.a(libc_a-nano-vfprintf_i.o)
                0x08010c08                _printf_i
 .text.std      0x08010e48       0x6c C:/ST/STM32CubeIDE_1.15.0/STM32CubeIDE/plugins/com.st.stm32cube.ide.mcu.externaltools.gnu-tools-for-stm32.12.3.rel1.win32_1.0.200.202406191623/tools/bin/../lib/gcc/arm-none-eabi/12.3.1/../../../../arm-none-eabi/lib/thumb/v7e-m+fp/hard\libc_nano.a(libc_a-findfp.o)
 .text.stdio_exit_handler
                0x08010eb4       0x18 C:/ST/STM32CubeIDE_1.15.0/STM32CubeIDE/plugins/com.st.stm32cube.ide.mcu.externaltools.gnu-tools-for-stm32.12.3.rel1.win32_1.0.200.202406191623/tools/bin/../lib/gcc/arm-none-eabi/12.3.1/../../../../arm-none-eabi/lib/thumb/v7e-m+fp/hard\libc_nano.a(libc_a-findfp.o)
 .text.cleanup_stdio
                0x08010ecc       0x40 C:/ST/STM32CubeIDE_1.15.0/STM32CubeIDE/plugins/com.st.stm32cube.ide.mcu.externaltools.gnu-tools-for-stm32.12.3.rel1.win32_1.0.200.202406191623/tools/bin/../lib/gcc/arm-none-eabi/12.3.1/../../../../arm-none-eabi/lib/thumb/v7e-m+fp/hard\libc_nano.a(libc_a-findfp.o)
 .text.global_stdio_init.part.0
                0x08010f0c       0x3c C:/ST/STM32CubeIDE_1.15.0/STM32CubeIDE/plugins/com.st.stm32cube.ide.mcu.externaltools.gnu-tools-for-stm32.12.3.rel1.win32_1.0.200.202406191623/tools/bin/../lib/gcc/arm-none-eabi/12.3.1/../../../../arm-none-eabi/lib/thumb/v7e-m+fp/hard\libc_nano.a(libc_a-findfp.o)
 .text.__sfp_lock_acquire
                0x08010f48        0xc C:/ST/STM32CubeIDE_1.15.0/STM32CubeIDE/plugins/com.st.stm32cube.ide.mcu.externaltools.gnu-tools-for-stm32.12.3.rel1.win32_1.0.200.202406191623/tools/bin/../lib/gcc/arm-none-eabi/12.3.1/../../../../arm-none-eabi/lib/thumb/v7e-m+fp/hard\libc_nano.a(libc_a-findfp.o)
                0x08010f48                __sfp_lock_acquire
 .text.__sfp_lock_release
                0x08010f54        0xc C:/ST/STM32CubeIDE_1.15.0/STM32CubeIDE/plugins/com.st.stm32cube.ide.mcu.externaltools.gnu-tools-for-stm32.12.3.rel1.win32_1.0.200.202406191623/tools/bin/../lib/gcc/arm-none-eabi/12.3.1/../../../../arm-none-eabi/lib/thumb/v7e-m+fp/hard\libc_nano.a(libc_a-findfp.o)
                0x08010f54                __sfp_lock_release
 .text.__sinit  0x08010f60       0x30 C:/ST/STM32CubeIDE_1.15.0/STM32CubeIDE/plugins/com.st.stm32cube.ide.mcu.externaltools.gnu-tools-for-stm32.12.3.rel1.win32_1.0.200.202406191623/tools/bin/../lib/gcc/arm-none-eabi/12.3.1/../../../../arm-none-eabi/lib/thumb/v7e-m+fp/hard\libc_nano.a(libc_a-findfp.o)
                0x08010f60                __sinit
 .text._fwalk_sglue
                0x08010f90       0x3c C:/ST/STM32CubeIDE_1.15.0/STM32CubeIDE/plugins/com.st.stm32cube.ide.mcu.externaltools.gnu-tools-for-stm32.12.3.rel1.win32_1.0.200.202406191623/tools/bin/../lib/gcc/arm-none-eabi/12.3.1/../../../../arm-none-eabi/lib/thumb/v7e-m+fp/hard\libc_nano.a(libc_a-fwalk.o)
                0x08010f90                _fwalk_sglue
 .text.snprintf
                0x08010fcc       0x68 C:/ST/STM32CubeIDE_1.15.0/STM32CubeIDE/plugins/com.st.stm32cube.ide.mcu.externaltools.gnu-tools-for-stm32.12.3.rel1.win32_1.0.200.202406191623/tools/bin/../lib/gcc/arm-none-eabi/12.3.1/../../../../arm-none-eabi/lib/thumb/v7e-m+fp/hard\libc_nano.a(libc_a-snprintf.o)
                0x08010fcc                sniprintf
                0x08010fcc                snprintf
 .text.__sread  0x08011034       0x22 C:/ST/STM32CubeIDE_1.15.0/STM32CubeIDE/plugins/com.st.stm32cube.ide.mcu.externaltools.gnu-tools-for-stm32.12.3.rel1.win32_1.0.200.202406191623/tools/bin/../lib/gcc/arm-none-eabi/12.3.1/../../../../arm-none-eabi/lib/thumb/v7e-m+fp/hard\libc_nano.a(libc_a-stdio.o)
                0x08011034                __sread
 .text.__swrite
                0x08011056       0x38 C:/ST/STM32CubeIDE_1.15.0/STM32CubeIDE/plugins/com.st.stm32cube.ide.mcu.externaltools.gnu-tools-for-stm32.12.3.rel1.win32_1.0.200.202406191623/tools/bin/../lib/gcc/arm-none-eabi/12.3.1/../../../../arm-none-eabi/lib/thumb/v7e-m+fp/hard\libc_nano.a(libc_a-stdio.o)
                0x08011056                __swrite
 .text.__sseek  0x0801108e       0x24 C:/ST/STM32CubeIDE_1.15.0/STM32CubeIDE/plugins/com.st.stm32cube.ide.mcu.externaltools.gnu-tools-for-stm32.12.3.rel1.win32_1.0.200.202406191623/tools/bin/../lib/gcc/arm-none-eabi/12.3.1/../../../../arm-none-eabi/lib/thumb/v7e-m+fp/hard\libc_nano.a(libc_a-stdio.o)
                0x0801108e                __sseek
 .text.__sclose
                0x080110b2        0x8 C:/ST/STM32CubeIDE_1.15.0/STM32CubeIDE/plugins/com.st.stm32cube.ide.mcu.externaltools.gnu-tools-for-stm32.12.3.rel1.win32_1.0.200.202406191623/tools/bin/../lib/gcc/arm-none-eabi/12.3.1/../../../../arm-none-eabi/lib/thumb/v7e-m+fp/hard\libc_nano.a(libc_a-stdio.o)
                0x080110b2                __sclose
 .text.memmove  0x080110ba       0x34 C:/ST/STM32CubeIDE_1.15.0/STM32CubeIDE/plugins/com.st.stm32cube.ide.mcu.externaltools.gnu-tools-for-stm32.12.3.rel1.win32_1.0.200.202406191623/tools/bin/../lib/gcc/arm-none-eabi/12.3.1/../../../../arm-none-eabi/lib/thumb/v7e-m+fp/hard\libc_nano.a(libc_a-memmove.o)
                0x080110ba                memmove
 .text.memset   0x080110ee       0x10 C:/ST/STM32CubeIDE_1.15.0/STM32CubeIDE/plugins/com.st.stm32cube.ide.mcu.externaltools.gnu-tools-for-stm32.12.3.rel1.win32_1.0.200.202406191623/tools/bin/../lib/gcc/arm-none-eabi/12.3.1/../../../../arm-none-eabi/lib/thumb/v7e-m+fp/hard\libc_nano.a(libc_a-memset.o)
                0x080110ee                memset
 .text.strncpy  0x080110fe       0x26 C:/ST/STM32CubeIDE_1.15.0/STM32CubeIDE/plugins/com.st.stm32cube.ide.mcu.externaltools.gnu-tools-for-stm32.12.3.rel1.win32_1.0.200.202406191623/tools/bin/../lib/gcc/arm-none-eabi/12.3.1/../../../../arm-none-eabi/lib/thumb/v7e-m+fp/hard\libc_nano.a(libc_a-strncpy.o)
                0x080110fe                strncpy
 .text._localeconv_r
                0x08011124        0x8 C:/ST/STM32CubeIDE_1.15.0/STM32CubeIDE/plugins/com.st.stm32cube.ide.mcu.externaltools.gnu-tools-for-stm32.12.3.rel1.win32_1.0.200.202406191623/tools/bin/../lib/gcc/arm-none-eabi/12.3.1/../../../../arm-none-eabi/lib/thumb/v7e-m+fp/hard\libc_nano.a(libc_a-localeconv.o)
                0x08011124                _localeconv_r
 .text._close_r
                0x0801112c       0x20 C:/ST/STM32CubeIDE_1.15.0/STM32CubeIDE/plugins/com.st.stm32cube.ide.mcu.externaltools.gnu-tools-for-stm32.12.3.rel1.win32_1.0.200.202406191623/tools/bin/../lib/gcc/arm-none-eabi/12.3.1/../../../../arm-none-eabi/lib/thumb/v7e-m+fp/hard\libc_nano.a(libc_a-closer.o)
                0x0801112c                _close_r
 .text._lseek_r
                0x0801114c       0x24 C:/ST/STM32CubeIDE_1.15.0/STM32CubeIDE/plugins/com.st.stm32cube.ide.mcu.externaltools.gnu-tools-for-stm32.12.3.rel1.win32_1.0.200.202406191623/tools/bin/../lib/gcc/arm-none-eabi/12.3.1/../../../../arm-none-eabi/lib/thumb/v7e-m+fp/hard\libc_nano.a(libc_a-lseekr.o)
                0x0801114c                _lseek_r
 .text._read_r  0x08011170       0x24 C:/ST/STM32CubeIDE_1.15.0/STM32CubeIDE/plugins/com.st.stm32cube.ide.mcu.externaltools.gnu-tools-for-stm32.12.3.rel1.win32_1.0.200.202406191623/tools/bin/../lib/gcc/arm-none-eabi/12.3.1/../../../../arm-none-eabi/lib/thumb/v7e-m+fp/hard\libc_nano.a(libc_a-readr.o)
                0x08011170                _read_r
 .text._sbrk_r  0x08011194       0x20 C:/ST/STM32CubeIDE_1.15.0/STM32CubeIDE/plugins/com.st.stm32cube.ide.mcu.externaltools.gnu-tools-for-stm32.12.3.rel1.win32_1.0.200.202406191623/tools/bin/../lib/gcc/arm-none-eabi/12.3.1/../../../../arm-none-eabi/lib/thumb/v7e-m+fp/hard\libc_nano.a(libc_a-sbrkr.o)
                0x08011194                _sbrk_r
 .text._write_r
                0x080111b4       0x24 C:/ST/STM32CubeIDE_1.15.0/STM32CubeIDE/plugins/com.st.stm32cube.ide.mcu.externaltools.gnu-tools-for-stm32.12.3.rel1.win32_1.0.200.202406191623/tools/bin/../lib/gcc/arm-none-eabi/12.3.1/../../../../arm-none-eabi/lib/thumb/v7e-m+fp/hard\libc_nano.a(libc_a-writer.o)
                0x080111b4                _write_r
 .text.__errno  0x080111d8        0xc C:/ST/STM32CubeIDE_1.15.0/STM32CubeIDE/plugins/com.st.stm32cube.ide.mcu.externaltools.gnu-tools-for-stm32.12.3.rel1.win32_1.0.200.202406191623/tools/bin/../lib/gcc/arm-none-eabi/12.3.1/../../../../arm-none-eabi/lib/thumb/v7e-m+fp/hard\libc_nano.a(libc_a-errno.o)
                0x080111d8                __errno
 .text.__libc_init_array
                0x080111e4       0x48 C:/ST/STM32CubeIDE_1.15.0/STM32CubeIDE/plugins/com.st.stm32cube.ide.mcu.externaltools.gnu-tools-for-stm32.12.3.rel1.win32_1.0.200.202406191623/tools/bin/../lib/gcc/arm-none-eabi/12.3.1/../../../../arm-none-eabi/lib/thumb/v7e-m+fp/hard\libc_nano.a(libc_a-init.o)
                0x080111e4                __libc_init_array
 .text.__retarget_lock_init_recursive
                0x0801122c        0x2 C:/ST/STM32CubeIDE_1.15.0/STM32CubeIDE/plugins/com.st.stm32cube.ide.mcu.externaltools.gnu-tools-for-stm32.12.3.rel1.win32_1.0.200.202406191623/tools/bin/../lib/gcc/arm-none-eabi/12.3.1/../../../../arm-none-eabi/lib/thumb/v7e-m+fp/hard\libc_nano.a(libc_a-lock.o)
                0x0801122c                __retarget_lock_init_recursive
 .text.__retarget_lock_acquire_recursive
                0x0801122e        0x2 C:/ST/STM32CubeIDE_1.15.0/STM32CubeIDE/plugins/com.st.stm32cube.ide.mcu.externaltools.gnu-tools-for-stm32.12.3.rel1.win32_1.0.200.202406191623/tools/bin/../lib/gcc/arm-none-eabi/12.3.1/../../../../arm-none-eabi/lib/thumb/v7e-m+fp/hard\libc_nano.a(libc_a-lock.o)
                0x0801122e                __retarget_lock_acquire_recursive
 .text.__retarget_lock_release_recursive
                0x08011230        0x2 C:/ST/STM32CubeIDE_1.15.0/STM32CubeIDE/plugins/com.st.stm32cube.ide.mcu.externaltools.gnu-tools-for-stm32.12.3.rel1.win32_1.0.200.202406191623/tools/bin/../lib/gcc/arm-none-eabi/12.3.1/../../../../arm-none-eabi/lib/thumb/v7e-m+fp/hard\libc_nano.a(libc_a-lock.o)
                0x08011230                __retarget_lock_release_recursive
 .text.strcpy   0x08011232       0x10 C:/ST/STM32CubeIDE_1.15.0/STM32CubeIDE/plugins/com.st.stm32cube.ide.mcu.externaltools.gnu-tools-for-stm32.12.3.rel1.win32_1.0.200.202406191623/tools/bin/../lib/gcc/arm-none-eabi/12.3.1/../../../../arm-none-eabi/lib/thumb/v7e-m+fp/hard\libc_nano.a(libc_a-strcpy.o)
                0x08011232                strcpy
 .text.memcpy   0x08011242       0x1c C:/ST/STM32CubeIDE_1.15.0/STM32CubeIDE/plugins/com.st.stm32cube.ide.mcu.externaltools.gnu-tools-for-stm32.12.3.rel1.win32_1.0.200.202406191623/tools/bin/../lib/gcc/arm-none-eabi/12.3.1/../../../../arm-none-eabi/lib/thumb/v7e-m+fp/hard\libc_nano.a(libc_a-memcpy-stub.o)
                0x08011242                memcpy
 .text.quorem   0x0801125e      0x110 C:/ST/STM32CubeIDE_1.15.0/STM32CubeIDE/plugins/com.st.stm32cube.ide.mcu.externaltools.gnu-tools-for-stm32.12.3.rel1.win32_1.0.200.202406191623/tools/bin/../lib/gcc/arm-none-eabi/12.3.1/../../../../arm-none-eabi/lib/thumb/v7e-m+fp/hard\libc_nano.a(libc_a-dtoa.o)
 *fill*         0x0801136e        0x2 
 .text._dtoa_r  0x08011370      0xb88 C:/ST/STM32CubeIDE_1.15.0/STM32CubeIDE/plugins/com.st.stm32cube.ide.mcu.externaltools.gnu-tools-for-stm32.12.3.rel1.win32_1.0.200.202406191623/tools/bin/../lib/gcc/arm-none-eabi/12.3.1/../../../../arm-none-eabi/lib/thumb/v7e-m+fp/hard\libc_nano.a(libc_a-dtoa.o)
                0x08011370                _dtoa_r
 .text._free_r  0x08011ef8       0x94 C:/ST/STM32CubeIDE_1.15.0/STM32CubeIDE/plugins/com.st.stm32cube.ide.mcu.externaltools.gnu-tools-for-stm32.12.3.rel1.win32_1.0.200.202406191623/tools/bin/../lib/gcc/arm-none-eabi/12.3.1/../../../../arm-none-eabi/lib/thumb/v7e-m+fp/hard\libc_nano.a(libc_a-freer.o)
                0x08011ef8                _free_r
 .text._Balloc  0x08011f8c       0x80 C:/ST/STM32CubeIDE_1.15.0/STM32CubeIDE/plugins/com.st.stm32cube.ide.mcu.externaltools.gnu-tools-for-stm32.12.3.rel1.win32_1.0.200.202406191623/tools/bin/../lib/gcc/arm-none-eabi/12.3.1/../../../../arm-none-eabi/lib/thumb/v7e-m+fp/hard\libc_nano.a(libc_a-mprec.o)
                0x08011f8c                _Balloc
 .text._Bfree   0x0801200c       0x44 C:/ST/STM32CubeIDE_1.15.0/STM32CubeIDE/plugins/com.st.stm32cube.ide.mcu.externaltools.gnu-tools-for-stm32.12.3.rel1.win32_1.0.200.202406191623/tools/bin/../lib/gcc/arm-none-eabi/12.3.1/../../../../arm-none-eabi/lib/thumb/v7e-m+fp/hard\libc_nano.a(libc_a-mprec.o)
                0x0801200c                _Bfree
 .text.__multadd
                0x08012050       0x8c C:/ST/STM32CubeIDE_1.15.0/STM32CubeIDE/plugins/com.st.stm32cube.ide.mcu.externaltools.gnu-tools-for-stm32.12.3.rel1.win32_1.0.200.202406191623/tools/bin/../lib/gcc/arm-none-eabi/12.3.1/../../../../arm-none-eabi/lib/thumb/v7e-m+fp/hard\libc_nano.a(libc_a-mprec.o)
                0x08012050                __multadd
 .text.__hi0bits
                0x080120dc       0x3e C:/ST/STM32CubeIDE_1.15.0/STM32CubeIDE/plugins/com.st.stm32cube.ide.mcu.externaltools.gnu-tools-for-stm32.12.3.rel1.win32_1.0.200.202406191623/tools/bin/../lib/gcc/arm-none-eabi/12.3.1/../../../../arm-none-eabi/lib/thumb/v7e-m+fp/hard\libc_nano.a(libc_a-mprec.o)
                0x080120dc                __hi0bits
 .text.__lo0bits
                0x0801211a       0x5a C:/ST/STM32CubeIDE_1.15.0/STM32CubeIDE/plugins/com.st.stm32cube.ide.mcu.externaltools.gnu-tools-for-stm32.12.3.rel1.win32_1.0.200.202406191623/tools/bin/../lib/gcc/arm-none-eabi/12.3.1/../../../../arm-none-eabi/lib/thumb/v7e-m+fp/hard\libc_nano.a(libc_a-mprec.o)
                0x0801211a                __lo0bits
 .text.__i2b    0x08012174       0x2c C:/ST/STM32CubeIDE_1.15.0/STM32CubeIDE/plugins/com.st.stm32cube.ide.mcu.externaltools.gnu-tools-for-stm32.12.3.rel1.win32_1.0.200.202406191623/tools/bin/../lib/gcc/arm-none-eabi/12.3.1/../../../../arm-none-eabi/lib/thumb/v7e-m+fp/hard\libc_nano.a(libc_a-mprec.o)
                0x08012174                __i2b
 .text.__multiply
                0x080121a0      0x154 C:/ST/STM32CubeIDE_1.15.0/STM32CubeIDE/plugins/com.st.stm32cube.ide.mcu.externaltools.gnu-tools-for-stm32.12.3.rel1.win32_1.0.200.202406191623/tools/bin/../lib/gcc/arm-none-eabi/12.3.1/../../../../arm-none-eabi/lib/thumb/v7e-m+fp/hard\libc_nano.a(libc_a-mprec.o)
                0x080121a0                __multiply
 .text.__pow5mult
                0x080122f4       0xb4 C:/ST/STM32CubeIDE_1.15.0/STM32CubeIDE/plugins/com.st.stm32cube.ide.mcu.externaltools.gnu-tools-for-stm32.12.3.rel1.win32_1.0.200.202406191623/tools/bin/../lib/gcc/arm-none-eabi/12.3.1/../../../../arm-none-eabi/lib/thumb/v7e-m+fp/hard\libc_nano.a(libc_a-mprec.o)
                0x080122f4                __pow5mult
 .text.__lshift
                0x080123a8       0xd8 C:/ST/STM32CubeIDE_1.15.0/STM32CubeIDE/plugins/com.st.stm32cube.ide.mcu.externaltools.gnu-tools-for-stm32.12.3.rel1.win32_1.0.200.202406191623/tools/bin/../lib/gcc/arm-none-eabi/12.3.1/../../../../arm-none-eabi/lib/thumb/v7e-m+fp/hard\libc_nano.a(libc_a-mprec.o)
                0x080123a8                __lshift
 .text.__mcmp   0x08012480       0x36 C:/ST/STM32CubeIDE_1.15.0/STM32CubeIDE/plugins/com.st.stm32cube.ide.mcu.externaltools.gnu-tools-for-stm32.12.3.rel1.win32_1.0.200.202406191623/tools/bin/../lib/gcc/arm-none-eabi/12.3.1/../../../../arm-none-eabi/lib/thumb/v7e-m+fp/hard\libc_nano.a(libc_a-mprec.o)
                0x08012480                __mcmp
 *fill*         0x080124b6        0x2 
 .text.__mdiff  0x080124b8      0x128 C:/ST/STM32CubeIDE_1.15.0/STM32CubeIDE/plugins/com.st.stm32cube.ide.mcu.externaltools.gnu-tools-for-stm32.12.3.rel1.win32_1.0.200.202406191623/tools/bin/../lib/gcc/arm-none-eabi/12.3.1/../../../../arm-none-eabi/lib/thumb/v7e-m+fp/hard\libc_nano.a(libc_a-mprec.o)
                0x080124b8                __mdiff
 .text.__d2b    0x080125e0       0xb0 C:/ST/STM32CubeIDE_1.15.0/STM32CubeIDE/plugins/com.st.stm32cube.ide.mcu.externaltools.gnu-tools-for-stm32.12.3.rel1.win32_1.0.200.202406191623/tools/bin/../lib/gcc/arm-none-eabi/12.3.1/../../../../arm-none-eabi/lib/thumb/v7e-m+fp/hard\libc_nano.a(libc_a-mprec.o)
                0x080125e0                __d2b
 .text.__ssputs_r
                0x08012690       0xb6 C:/ST/STM32CubeIDE_1.15.0/STM32CubeIDE/plugins/com.st.stm32cube.ide.mcu.externaltools.gnu-tools-for-stm32.12.3.rel1.win32_1.0.200.202406191623/tools/bin/../lib/gcc/arm-none-eabi/12.3.1/../../../../arm-none-eabi/lib/thumb/v7e-m+fp/hard\libc_nano.a(libc_a-nano-svfprintf.o)
                0x08012690                __ssputs_r
 *fill*         0x08012746        0x2 
 .text._svfprintf_r
                0x08012748      0x1f8 C:/ST/STM32CubeIDE_1.15.0/STM32CubeIDE/plugins/com.st.stm32cube.ide.mcu.externaltools.gnu-tools-for-stm32.12.3.rel1.win32_1.0.200.202406191623/tools/bin/../lib/gcc/arm-none-eabi/12.3.1/../../../../arm-none-eabi/lib/thumb/v7e-m+fp/hard\libc_nano.a(libc_a-nano-svfprintf.o)
                0x08012748                _svfiprintf_r
                0x08012748                _svfprintf_r
 .text.__sflush_r
                0x08012940      0x108 C:/ST/STM32CubeIDE_1.15.0/STM32CubeIDE/plugins/com.st.stm32cube.ide.mcu.externaltools.gnu-tools-for-stm32.12.3.rel1.win32_1.0.200.202406191623/tools/bin/../lib/gcc/arm-none-eabi/12.3.1/../../../../arm-none-eabi/lib/thumb/v7e-m+fp/hard\libc_nano.a(libc_a-fflush.o)
                0x08012940                __sflush_r
 .text._fflush_r
                0x08012a48       0x50 C:/ST/STM32CubeIDE_1.15.0/STM32CubeIDE/plugins/com.st.stm32cube.ide.mcu.externaltools.gnu-tools-for-stm32.12.3.rel1.win32_1.0.200.202406191623/tools/bin/../lib/gcc/arm-none-eabi/12.3.1/../../../../arm-none-eabi/lib/thumb/v7e-m+fp/hard\libc_nano.a(libc_a-fflush.o)
                0x08012a48                _fflush_r
 .text.__assert_func
                0x08012a98       0x3c C:/ST/STM32CubeIDE_1.15.0/STM32CubeIDE/plugins/com.st.stm32cube.ide.mcu.externaltools.gnu-tools-for-stm32.12.3.rel1.win32_1.0.200.202406191623/tools/bin/../lib/gcc/arm-none-eabi/12.3.1/../../../../arm-none-eabi/lib/thumb/v7e-m+fp/hard\libc_nano.a(libc_a-assert.o)
                0x08012a98                __assert_func
 .text._calloc_r
                0x08012ad4       0x28 C:/ST/STM32CubeIDE_1.15.0/STM32CubeIDE/plugins/com.st.stm32cube.ide.mcu.externaltools.gnu-tools-for-stm32.12.3.rel1.win32_1.0.200.202406191623/tools/bin/../lib/gcc/arm-none-eabi/12.3.1/../../../../arm-none-eabi/lib/thumb/v7e-m+fp/hard\libc_nano.a(libc_a-callocr.o)
                0x08012ad4                _calloc_r
 .text.__ascii_mbtowc
                0x08012afc       0x24 C:/ST/STM32CubeIDE_1.15.0/STM32CubeIDE/plugins/com.st.stm32cube.ide.mcu.externaltools.gnu-tools-for-stm32.12.3.rel1.win32_1.0.200.202406191623/tools/bin/../lib/gcc/arm-none-eabi/12.3.1/../../../../arm-none-eabi/lib/thumb/v7e-m+fp/hard\libc_nano.a(libc_a-mbtowc_r.o)
                0x08012afc                __ascii_mbtowc
 .text._realloc_r
                0x08012b20       0x5c C:/ST/STM32CubeIDE_1.15.0/STM32CubeIDE/plugins/com.st.stm32cube.ide.mcu.externaltools.gnu-tools-for-stm32.12.3.rel1.win32_1.0.200.202406191623/tools/bin/../lib/gcc/arm-none-eabi/12.3.1/../../../../arm-none-eabi/lib/thumb/v7e-m+fp/hard\libc_nano.a(libc_a-reallocr.o)
                0x08012b20                _realloc_r
 .text.__ascii_wctomb
                0x08012b7c       0x1a C:/ST/STM32CubeIDE_1.15.0/STM32CubeIDE/plugins/com.st.stm32cube.ide.mcu.externaltools.gnu-tools-for-stm32.12.3.rel1.win32_1.0.200.202406191623/tools/bin/../lib/gcc/arm-none-eabi/12.3.1/../../../../arm-none-eabi/lib/thumb/v7e-m+fp/hard\libc_nano.a(libc_a-wctomb_r.o)
                0x08012b7c                __ascii_wctomb